******************************************************************************
                  TI ARM Linker Unix v16.9.6                   
******************************************************************************
>> Linked Mon Sep 16 16:12:39 2019

OUTPUT FILE NAME:   <xwr16xx_mmw_demo_mss.xer4f>
ENTRY POINT SYMBOL: "_c_int00"  address: 000154dc


MEMORY CONFIGURATION

         name            origin    length      used     unused   attr    fill
----------------------  --------  ---------  --------  --------  ----  --------
  VECTORS               00000000   00000100  0000003c  000000c4     X
  PROG_RAM              00000100   0003ff00  0001c03e  00023ec2  R  X
  DATA_RAM              08000000   00030000  0000e124  00021edc  RW  
  L3_RAM                51000000   000c0000  00000000  000c0000  RW  
  HS_RAM                52080000   00008000  00000000  00008000  RW  


SEGMENT ALLOCATION MAP

run origin  load origin   length   init length attrs members
----------  ----------- ---------- ----------- ----- -------
00000000    00000000    0000003c   0000003c    r--
  00000000    00000000    0000003c   0000003c    r-- .vecs
00000100    00000100    0001c048   0001c048    r-x
  00000100    00000100    0001abd2   0001abd2    r-x .text
  0001acd8    0001acd8    00000fcc   00000fcc    r-- .const
  0001bca8    0001bca8    000004a0   000004a0    r-- .cinit
08000000    08000000    0000e128   00000000    rw-
  08000000    08000000    00008000   00000000    rw- systemHeap
  08008000    08008000    00003aa8   00000000    rw- .bss
  0800baa8    0800baa8    0000167c   00000000    rw- .data
  0800d128    0800d128    00000800   00000000    rw- .myFiqStack
  0800d928    0800d928    00000800   00000000    rw- .stack


SECTION ALLOCATION MAP

 output                                  attributes/
section   page    origin      length       input sections
--------  ----  ----------  ----------   ----------------
.vecs      0    00000000    0000003c     
                  00000000    0000003c     mmw_mss_per4ft.oer4ft (.vecs)

.myFiqStack 
*          0    0800d128    00000800     UNINITIALIZED
                  0800d128    00000800     mmw_mss_per4ft.oer4ft (.myFiqStack)

xdc.meta   0    00000000    00000104     COPY SECTION
                  00000000    00000104     mmw_mss_per4ft.oer4ft (xdc.meta)

xdc.noload 
*          0    00000000    00000000     COPY SECTION

.text      0    00000100    0001abd2     
                  00000100    0000107a     rtsv7R4_T_le_v3D16_eabi.lib : _printfi.obj (.text)
                  0000117a    00000002     libadcbuf_xwr16xx.aer4f : adcbuf_mmwave.oer4f (.text:ADCBUF_MMWave_init)
                  0000117c    00000884     mss_main.oer4f (.text:MmwDemo_dataPathConfig)
                  00001a00    00000626     mmw_cli.oer4f (.text:MmwDemo_CLIInit)
                  00002026    00000002     libmmwave_xwr16xx.aer4f : mmwave_link.oer4f (.text:MMWave_maskHostIRQ)
                  00002028    000005a8     mss_main.oer4f (.text:MmwDemo_initTask)
                  000025d0    000004e1     sysbios.aer4ft : BIOS.obj (.text:xdc_runtime_System_doPrint__I)
                  00002ab1    00000001     --HOLE-- [fill = 0]
                  00002ab2    00000002     libuart_xwr16xx.aer4f : uartsci.oer4f (.text:UartSci_init)
                  00002ab4    000004a8     libadcbuf_xwr16xx.aer4f : adcbuf_mmwave.oer4f (.text:ADCBUF_MMWave_control)
                  00002f5c    0000049c     mmwdemo_rfparser.oer4f (.text:MmwDemo_RFParser_parseCtrlConfig)
                  000033f8    00000438     mss_main.oer4f (.text:MmwDemo_handleObjectDetResult)
                  00003830    00000408     libcli_xwr16xx.aer4f : cli_mmwave.oer4f (.text:CLI_MMWaveVersion)
                  00003c38    00000400     mmw_cli.oer4f (.text:MmwDemo_CLISensorStart)
                  00004038    00000398     mss_main.oer4f (.text:MmwDemo_transmitProcessedOutput)
                  000043d0    00000300     libsoc_xwr16xx.aer4f : soc_xwr16xx_mss.oer4f (.text:SOC_deviceInit)
                  000046d0    000002f8     libcbuff_xwr16xx.aer4f : cbuff.oer4f (.text:CBUFF_createSession)
                  000049c8    00000008     libosal_xwr16xx.aer4f : HwiP_tirtos.oer4f (.text:HwiP_disable)
                  000049d0    000002f4     sysbios.aer4ft : BIOS.obj (.text:ti_sysbios_knl_Semaphore_pend__E)
                  00004cc4    000002e0     mss_main.oer4f (.text:MmwDemo_DPC_ObjectDetection_reportFxn)
                  00004fa4    000002d4     mss_main.oer4f (.text:MmwDemo_processPendingDynamicCfgCommands)
                  00005278    00000008     libmmwave_xwr16xx.aer4f : mmwave.oer4f (.text:MMWave_decodeErrorLevel)
                  00005280    000002cc     sysbios.aer4ft : BIOS.obj (.text:ti_sysbios_knl_Task_Instance_finalize__E)
                  0000554c    000002b8     rtsv7R4_T_le_v3D16_eabi.lib : ull_div32.obj (.text)
                  00005804    0000000c     libcli_xwr16xx.aer4f : cli_mmwave.oer4f (.text:CLI_getMMWaveExtensionConfig)
                  00005810    000002a4     sysbios.aer4ft : BIOS.obj (.text:ti_sysbios_heaps_HeapMem_freeUnprotected__E)
                  00005ab4    00000288     libhsiheader_xwr16xx.aer4f : hsiheader.oer4f (.text:HSIHeader_createHeader)
                  00005d3c    00000284     libmmwave_xwr16xx.aer4f : mmwave_dualcore.oer4f (.text:MMWave_deviceExecuteFxn)
                  00005fc0    00000280     sysbios.aer4ft : BIOS.obj (.text:ti_sysbios_family_arm_exc_Exception_excDumpContext__I)
                  00006240    0000027c     mss_main.oer4f (.text:MmwDemo_sensorStopEpilog)
                  000064bc    00000264     libcbuff_xwr16xx.aer4f : cbuff.oer4f (.text:CBUFF_init)
                  00006720    00000260     libmailbox_xwr16xx.aer4f : mailbox.oer4f (.text:Mailbox_open)
                  00006980    00000258     mss_main.oer4f (.text:MmwDemo_eventCallbackFxn)
                  00006bd8    00000254     libcli_xwr16xx.aer4f : cli_mmwave.oer4f (.text:CLI_MMWaveProfileCfg)
                  00006e2c    00000240     mss_main.oer4f (.text:MmwDemo_checkEdmaErrors)
                  0000706c    0000023c     mmw_lvds_stream.oer4f (.text:MmwDemo_LVDSStreamHwConfig)
                  000072a8    0000022c     libcbuff_xwr16xx.aer4f : cbuff_lvds.oer4f (.text:CBUFF_openLVDS)
                  000074d4    0000022c     mss_main.oer4f (.text:MmwDemo_startSensor)
                  00007700    00000228     sysbios.aer4ft : BIOS.obj (.text:ti_sysbios_heaps_HeapMem_allocUnprotected__E)
                  00007928    00000224     mss_main.oer4f (.text:MmwDemo_stopSensor)
                  00007b4c    00000004     libosal_xwr16xx.aer4f : HwiP_tirtos.oer4f (.text:HwiP_disableInterrupt)
                  00007b50    00000224     sysbios.aer4ft : BIOS.obj (.text:ti_sysbios_timers_rti_Timer_Module_startup__E)
                  00007d74    00000214     libuart_xwr16xx.aer4f : uartsci.oer4f (.text:UartSci_open)
                  00007f88    0000020a     libcbuff_xwr16xx.aer4f : cbuff_transfer.oer4f (.text:CBUFF_addLinkedList)
                  00008192    00000002     rtsv7R4_T_le_v3D16_eabi.lib : i_div0.obj (.text)
                  00008194    00000204     libcli_xwr16xx.aer4f : cli_mmwave.oer4f (.text:CLI_MMWaveChirpCfg)
                  00008398    00000008     libmmwave_xwr16xx.aer4f : mmwave_link.oer4f (.text:MMWave_mboxCallbackFxn)
                  000083a0    00000204     sysbios.aer4ft : BIOS.obj (.text:ti_sysbios_knl_Task_sleep__E)
                  000085a4    00000200     libcrc_xwr16xx.aer4f : crc.oer4f (.text:CRC_open)
                  000087a4    0000000c     libedma_xwr16xx.aer4f : edma_low_level.oer4f (.text:EDMA3ChannelToParamMap)
                  000087b0    00000200     sysbios.aer4ft : BIOS.obj (.text:ti_sysbios_knl_Task_Instance_init__E)
                  000089b0    000001f0     libdma_xwr16xx.aer4f : dma.oer4f (.text:DMA_setChannelParams)
                  00008ba0    000001e8     libedma_xwr16xx.aer4f : edma.oer4f (.text:EDMA_configChannel)
                  00008d88    000001e4     rtsv7R4_T_le_v3D16_eabi.lib : strtod.obj (.text)
                  00008f6c    000001d4     libcbuff_xwr16xx.aer4f : cbuff_edma.oer4f (.text:CBUFF_configEDMA)
                  00009140    000001cc     sysbios.aer4ft : BIOS.obj (.text:ti_sysbios_family_arm_v7r_vim_Hwi_dispatchIRQC__I)
                  0000930c    000001c8     libcbuff_xwr16xx.aer4f : cbuff_lvds.oer4f (.text:CBUFF_initLVDS)
                  000094d4    000001c8     libmmwavelink_xwr16xx.aer4f : rl_driver.oer4f (.text:rlDriverRxHdrRead)
                  0000969c    000001c8     rtsv7R4_T_le_v3D16_eabi.lib : fopen.obj (.text)
                  00009864    000001bc     libedma_xwr16xx.aer4f : edma.oer4f (.text:EDMA_open)
                  00009a20    000001b0     libmmwavelink_xwr16xx.aer4f : rl_driver.oer4f (.text:rlDriverMsgRead)
                  00009bd0    000001a8     libcli_xwr16xx.aer4f : cli_mmwave.oer4f (.text:CLI_MMWaveSubFrameCfg)
                  00009d78    000001a8     mss_main.oer4f (.text:MmwDemo_openSensor)
                  00009f20    000001a4     libcbuff_xwr16xx.aer4f : cbuff.oer4f (.text:CBUFF_activateSession)
                  0000a0c4    000001a4     libmmwave_xwr16xx.aer4f : mmwave_dualcore.oer4f (.text:MMWave_serializeCfg)
                  0000a268    000001a4     mss_main.oer4f (.text:MmwDemo_bpmConfig)
                  0000a40c    000001a4     mss_main.oer4f (.text:MmwDemo_transferLVDSUserData)
                  0000a5b0    0000019c     sysbios.aer4ft : BIOS.obj (.text:xdc_runtime_Error_policyDefault__E)
                  0000a74c    00000190     libmmwavelink_xwr16xx.aer4f : rl_driver.oer4f (.text:rlDriverCmdInvoke)
                  0000a8dc    00000004     libosal_xwr16xx.aer4f : HwiP_tirtos.oer4f (.text:HwiP_enableInterrupt)
                  0000a8e0    00000184     sysbios.aer4ft : BIOS.obj (.text:xdc_runtime_LoggerBuf_write8__E)
                  0000aa64    00000180     libdpm_xwr16xx.aer4f : dpm_core.oer4f (.text:DPM_init)
                  0000abe4    00000180                          : dpm_msg.oer4f (.text:DPM_msgRecv)
                  0000ad64    00000180     mss_main.oer4f (.text:main)
                  0000aee4    00000174     mmw_lvds_stream.oer4f (.text:MmwDemo_LVDSStreamInit)
                  0000b058    00000170     libgpio_xwr16xx.aer4f : gpio.oer4f (.text:GPIO_setConfig)
                  0000b1c8    00000008     libosal_xwr16xx.aer4f : SemaphoreP_tirtos.oer4f (.text:SemaphoreP_Params_init)
                  0000b1d0    0000016c     sysbios.aer4ft : BIOS.obj (.text:ti_sysbios_knl_Semaphore_post__E)
                  0000b33c    00000168     mmw_lvds_stream.oer4f (.text:MmwDemo_LVDSStreamSwConfig)
                  0000b4a4    0000000c     libedma_xwr16xx.aer4f : edma_low_level.oer4f (.text:EDMAsetRegion)
                  0000b4b0    00000168     sysbios.aer4ft : BIOS.obj (.text:ti_sysbios_family_arm_exc_Exception_excHandler__I)
                  0000b618    00000008     libmmwavelink_xwr16xx.aer4f : rl_driver.oer4f (.text:rlDriverConstructOutMsg)
                  0000b620    00000160     sysbios.aer4ft : BIOS.obj (.text:ti_sysbios_family_arm_v7r_vim_Hwi_reconfig__E)
                  0000b780    00000158                    : BIOS.obj (.text:ti_sysbios_knl_Task_postInit__I)
                  0000b8d8    00000150     libmmwave_xwr16xx.aer4f : mmwave_link.oer4f (.text:MMWave_openLink)
                  0000ba28    0000014c     libcli_xwr16xx.aer4f : cli_mmwave.oer4f (.text:CLI_MMWaveFrameCfg)
                  0000bb74    0000014c                          : cli.oer4f (.text:CLI_task)
                  0000bcc0    0000014c     libmmwave_xwr16xx.aer4f : mmwave_link.oer4f (.text:MMWave_initMMWaveLink)
                  0000be0c    0000014a     libuart_xwr16xx.aer4f : uartsci.oer4f (.text:UartSci_ISR)
                  0000bf56    00000002     mmw_mss_per4ft.oer4ft (.text:ti_sysbios_BIOS_nullFunc__I)
                  0000bf58    00000148     libhsiheader_xwr16xx.aer4f : hsiheader.oer4f (.text:HSIHeader_init)
                  0000c0a0    00000148     libmmwavelink_xwr16xx.aer4f : rl_driver.oer4f (.text:rlDriverCmdSendRetry)
                  0000c1e8    00000008                                 : rl_driver.oer4f (.text:rlDriverGetHandle)
                  0000c1f0    00000140     sysbios.aer4ft : BIOS.obj (.text:ti_sysbios_heaps_HeapMem_Instance_init__E)
                  0000c330    00000140                    : BIOS.obj (.text:xdc_runtime_Core_createObject__I)
                  0000c470    0000013c     mmw_lvds_stream.oer4f (.text:MmwDemo_LVDSStreamDeleteHwSession)
                  0000c5ac    0000013c     mss_main.oer4f (.text:MmwDemo_edmaOpen)
                  0000c6e8    00000008     sysbios.aer4ft : BIOS.obj (.text:ti_sysbios_family_arm_v7a_Pmu_getEnabled__E)
                  0000c6f0    0000013c                    : BIOS.obj (.text:ti_sysbios_knl_Clock_workFunc__E)
                  0000c82c    00000134     libadcbuf_xwr16xx.aer4f : adcbuf_mmwave.oer4f (.text:ADCBUF_MMWave_open)
                  0000c960    00000134     sysbios.aer4ft : BIOS.obj (.text:xdc_runtime_Startup_startMods__I)
                  0000ca94    00000130     mmw_lvds_stream.oer4f (.text:MmwDemo_LVDSStreamDeleteSwSession)
                  0000cbc4    0000000c     libmmwave_xwr16xx.aer4f : mmwave_dualcore.oer4f (.text:MMWave_deviceMailboxCallbackFxn)
                  0000cbd0    00000128     sysbios.aer4ft : BIOS.obj (.text:ti_sysbios_utils_Load_updateThreadContexts__E)
                  0000ccf8    00000124     libcli_xwr16xx.aer4f : cli_mmwave.oer4f (.text:CLI_MMWaveAdvFrameCfg)
                  0000ce1c    00000124                          : cli_mmwave.oer4f (.text:CLI_MMWaveContModeCfg)
                  0000cf40    00000124     libedma_xwr16xx.aer4f : edma.oer4f (.text:EDMA_init)
                  0000d064    0000000c     libmmwave_xwr16xx.aer4f : mmwave_osal.oer4f (.text:MMWave_osalMutexUnlock)
                  0000d070    00000120     sysbios.aer4ft : BIOS.obj (.text:xdc_runtime_LoggerBuf_write4__E)
                  0000d190    0000011c     mmw_cli.oer4f (.text:MmwDemo_CLILvdsStreamCfg)
                  0000d2ac    00000004     libmmwave_xwr16xx.aer4f : mmwave_link.oer4f (.text:MMWave_disableDevice)
                  0000d2b0    00000118     sysbios.aer4ft : BIOS.obj (.text:ti_sysbios_family_arm_v7r_vim_Hwi_Instance_init__E)
                  0000d3c8    00000116     mmw_cli.oer4f (.text:MmwDemo_CLICalibDcRangeSig)
                  0000d4de    00000002     mmw_mss_per4ft.oer4ft (.text:xdc_runtime_Startup_reset__I)
                  0000d4e0    00000114     libedma_xwr16xx.aer4f : edma.oer4f (.text:EDMA_configErrorMonitoring)
                  0000d5f4    00000110                           : edma.oer4f (.text:EDMA_transferComplete_isr)
                  0000d704    0000010c     libdpm_xwr16xx.aer4f : dpm_msg.oer4f (.text:DPM_msgResultHandler)
                  0000d810    0000010c     libmmwave_xwr16xx.aer4f : mmwave_link.oer4f (.text:MMWave_asyncEventHandler)
                  0000d91c    0000010c                             : mmwave_dualcore.oer4f (.text:MMWave_deviceInitFxn)
                  0000da28    0000010c     mmw_cli.oer4f (.text:MmwDemo_CLICompRangeBiasAndRxChanPhaseCfg)
                  0000db34    0000000c     libmmwave_xwr16xx.aer4f : mmwave_osal.oer4f (.text:MMWave_osalSemSignal)
                  0000db40    0000010c     sysbios.aer4ft : BIOS.obj (.text:ti_sysbios_knl_Task_schedule__I)
                  0000dc4c    00000004     libmmwave_xwr16xx.aer4f : mmwave_link.oer4f (.text:MMWave_enableDevice)
                  0000dc50    0000010c     sysbios.aer4ft : BIOS.obj (.text:xdc_runtime_Core_constructObject__I)
                  0000dd5c    00000108     libdma_xwr16xx.aer4f : dma.oer4f (.text:DMA_disableInterrupt)
                  0000de64    00000108     libmailbox_xwr16xx.aer4f : mailbox.oer4f (.text:Mailbox_write)
                  0000df6c    00000108     mmw_cli.oer4f (.text:MmwDemo_CLICfarCfg)
                  0000e074    00000104     libcbuff_xwr16xx.aer4f : cbuff.oer4f (.text:CBUFF_deinit)
                  0000e178    00000104     libmmwave_xwr16xx.aer4f : mmwave_link.oer4f (.text:MMWave_startLink)
                  0000e27c    00000104     mmw_cli.oer4f (.text:MmwDemo_CLIChirpQualityRxSatMonCfg)
                  0000e380    00000104     sysbios.aer4ft : BIOS.obj (.text:ti_sysbios_timers_rti_Timer_getFreq__E)
                  0000e484    00000100     libcli_xwr16xx.aer4f : cli_mmwave.oer4f (.text:CLI_MMWaveBPMCfgAdvanced)
                  0000e584    00000100     libdma_xwr16xx.aer4f : dma.oer4f (.text:DMA_clearChannelInterruptFlag)
                  0000e684    00000100     libmmwavelink_xwr16xx.aer4f : rl_driver.oer4f (.text:rlDriverInit)
                  0000e784    000000fd     mss_main.oer4f (.text:MmwDemo_setSubFramePendingState)
                  0000e881    00000003     --HOLE-- [fill = 0]
                  0000e884    000000fc     libcbuff_xwr16xx.aer4f : cbuff.oer4f (.text:CBUFF_deleteSession)
                  0000e980    000000fc     libcrc_xwr16xx.aer4f : crc.oer4f (.text:CRC_computeSignature)
                  0000ea7c    00000004     libmmwave_xwr16xx.aer4f : mmwave_listlib.oer4f (.text:MMWave_listGetHead)
                  0000ea80    000000fc     sysbios.aer4ft : BIOS.obj (.text:ti_sysbios_knl_Task_exit__E)
                  0000eb7c    000000f8     mmw_lvds_stream.oer4f (.text:MmwDemo_configLVDSHwData)
                  0000ec74    000000f8     libmmwavelink_xwr16xx.aer4f : rl_driver.oer4f (.text:rlDriverRdVerifyMsg)
                  0000ed6c    000000f8     mmw_mss_per4ft.oer4ft (.text:xdc_runtime_System_printfExtend__I)
                  0000ee64    000000f6     libedma_xwr16xx.aer4f : edma.oer4f (.text:EDMA_check4kSiErrata)
                  0000ef5a    00000006     libosal_xwr16xx.aer4f : CycleprofilerP_tirtos.oer4f (.text:CycleprofilerP_getTimeStamp)
                  0000ef60    000000f0     sysbios.aer4ft : BIOS.obj (.text:ti_sysbios_family_arm_v7r_vim_Hwi_Module_startup__E)
                  0000f050    000000f0                    : BIOS.obj (.text:ti_sysbios_knl_Task_startCore__E)
                  0000f140    000000f0                    : BIOS.obj (.text:ti_sysbios_utils_Load_taskCreateHook__E)
                  0000f230    000000ec     rtsv7R4_T_le_v3D16_eabi.lib : s_scalbn.obj (.text)
                  0000f31c    00000004     libmmwave_xwr16xx.aer4f : mmwave_listlib.oer4f (.text:MMWave_listGetNext)
                  0000f320    000000ec     sysbios.aer4ft : BIOS.obj (.text:ti_sysbios_heaps_HeapBuf_Module_startup__E)
                  0000f40c    000000e8     mmw_cli.oer4f (.text:MmwDemo_CLIChirpQualitySigImgMonCfg)
                  0000f4f4    000000e4     mmw_cli.oer4f (.text:MmwDemo_CLIBpmCfg)
                  0000f5d8    000000e2     libedma_xwr16xx.aer4f : edma.oer4f (.text:EDMA_paramConfig_assist)
                  0000f6ba    00000002     --HOLE-- [fill = 0]
                  0000f6bc    000000e0     libcli_xwr16xx.aer4f : cli.oer4f (.text:CLI_open)
                  0000f79c    000000e0     libdma_xwr16xx.aer4f : dma.oer4f (.text:DMA_enableInterrupt)
                  0000f87c    000000dc     libedma_xwr16xx.aer4f : edma.oer4f (.text:EDMA_configParamSet)
                  0000f958    000000dc     libmmwave_xwr16xx.aer4f : mmwave.oer4f (.text:MMWave_init)
                  0000fa34    000000dc     rtsv7R4_T_le_v3D16_eabi.lib : setvbuf.obj (.text)
                  0000fb10    000000d4     libmailbox_xwr16xx.aer4f : mailbox.oer4f (.text:Mailbox_read)
                  0000fbe4    000000d4     libmmwavelink_xwr16xx.aer4f : rl_sensor.oer4f (.text:rlSetMultiBpmChirpConfig)
                  0000fcb8    00000008     mmw_mss_per4ft.oer4ft (.text:xdc_runtime_Text_visitRope__I)
                  0000fcc0    000000d4     sysbios.aer4ft : BIOS.obj (.text:ti_sysbios_utils_Load_logLoads__I)
                  0000fd94    000000d0     libsoc_xwr16xx.aer4f : soc_xwr16xx_mss.oer4f (.text:SOC_controlSecureFirewall)
                  0000fe64    000000d0     sysbios.aer4ft : exc_Exception_asm.obj (.text:ti_sysbios_family_arm_exc_Exception_excHandlerAsm__I)
                  0000ff34    0000000c     libuart_xwr16xx.aer4f : UART.oer4f (.text:UART_Params_init)
                  0000ff40    000000d0     sysbios.aer4ft : BIOS.obj (.text:ti_sysbios_utils_Load_idleFxn__E)
                  00010010    000000d0                    : BIOS.obj (.text:xdc_runtime_LoggerBuf_Instance_init__E)
                  000100e0    000000cc     libmmwavelink_xwr16xx.aer4f : rl_sensor.oer4f (.text:rlRfCalibDataRestore)
                  000101ac    000000cc                                 : rl_sensor.oer4f (.text:rlSetChirpConfig)
                  00010278    000000cc     rtsv7R4_T_le_v3D16_eabi.lib : fflush.obj (.text)
                  00010344    0000000c     libuart_xwr16xx.aer4f : uartsci_dma.oer4f (.text:UartSci_isDMAEnabled)
                  00010350    000000cc     sysbios.aer4ft : BIOS.obj (.text:ti_sysbios_knl_Task_checkStacks__E)
                  0001041c    000000c8     libmmwave_xwr16xx.aer4f : mmwave_fullcfg.oer4f (.text:MMWave_addChirp)
                  000104e4    000000c8                             : mmwave_link.oer4f (.text:MMWave_configBPM)
                  000105ac    000000c8                             : mmwave_fullcfg.oer4f (.text:MMWave_flushCfg)
                  00010674    000000c8                             : mmwave_fullcfg.oer4f (.text:MMWave_getChirpHandle)
                  0001073c    000000c8     mss_main.oer4f (.text:MmwDemo_configSensor)
                  00010804    000000c8     libmmwavelink_xwr16xx.aer4f : rl_sensor.oer4f (.text:rlSetFrameConfig)
                  000108cc    000000c4     libcbuff_xwr16xx.aer4f : cbuff_transfer.oer4f (.text:CBUFF_setupNonInterleaved_CP_ADC_CQ)
                  00010990    000000c4     libdpm_xwr16xx.aer4f : dpm_core.oer4f (.text:DPM_deinit)
                  00010a54    000000c4                          : dpm_core.oer4f (.text:DPM_ioctl)
                  00010b18    000000c4     libmmwavelink_xwr16xx.aer4f : rl_driver.oer4f (.text:rlDriverMsgCmdReply)
                  00010bdc    00000004     libmmwave_xwr16xx.aer4f : mmwave_link.oer4f (.text:MMWave_mboxClose)
                  00010be0    000000c4     sysbios.aer4ft : BIOS.obj (.text:ti_sysbios_family_arm_v7a_Pmu_configureCounter__E)
                  00010ca4    000000c0     mmw_cli.oer4f (.text:MmwDemo_CLIAnalogMonitorCfg)
                  00010d64    000000c0     libmmwavelink_xwr16xx.aer4f : rl_driver.oer4f (.text:rlDriverMsgWrite)
                  00010e24    0000000c     sysbios.aer4ft : arm_IntrinsicsSupport_asm.obj (.text:_ti_sysbios_family_arm_IntrinsicsSupport_maxbitA)
                  00010e30    000000c0                    : BIOS.obj (.text:ti_sysbios_timers_rti_Timer_startup__E)
                  00010ef0    000000bc     libcli_xwr16xx.aer4f : cli.oer4f (.text:CLI_help)
                  00010fac    000000bc     libgpio_xwr16xx.aer4f : gpio.oer4f (.text:GPIO_write)
                  00011068    000000bc     libmmwave_xwr16xx.aer4f : mmwave_link.oer4f (.text:MMWave_computeCRC)
                  00011124    000000bc     mmw_lvds_stream.oer4f (.text:MmwDemo_LVDSStream_EDMAInit)
                  000111e0    000000bc     mss_main.oer4f (.text:MmwDemo_isAllCfgInPendingState)
                  0001129c    000000bc     rtsv7R4_T_le_v3D16_eabi.lib : open.obj (.text)
                  00011358    000000b8     libcbuff_xwr16xx.aer4f : cbuff.oer4f (.text:CBUFF_ISR)
                  00011410    000000b8                            : cbuff_transfer.oer4f (.text:CBUFF_setupTransfer)
                  000114c8    000000b8     libdma_xwr16xx.aer4f : dma.oer4f (.text:DMA_getChannelInterruptFlag)
                  00011580    000000b6     libsoc_xwr16xx.aer4f : soc_mpu.o (.text)
                  00011636    0000000a     libadcbuf_xwr16xx.aer4f : ADCBuf.oer4f (.text:ADCBuf_control)
                  00011640    000000b4     sysbios.aer4ft : BIOS.obj (.text:ti_sysbios_gates_GateMutex_enter__E)
                  000116f4    0000000c     rtsv7R4_T_le_v3D16_eabi.lib : copy_zero_init.obj (.text:decompress:ZI)
                  00011700    000000b4     sysbios.aer4ft : BIOS.obj (.text:xdc_runtime_LoggerBuf_setFilterLevel__E)
                  000117b4    000000b2     libuart_xwr16xx.aer4f : uartsci_dma.oer4f (.text:UartSci_openDMA)
                  00011866    00000002     --HOLE-- [fill = 0]
                  00011868    000000b0     libcbuff_xwr16xx.aer4f : cbuff.oer4f (.text:CBUFF_deactivateSession)
                  00011918    000000b0     libmmwave_xwr16xx.aer4f : mmwave_fullcfg.oer4f (.text:MMWave_addProfile)
                  000119c8    000000b0     mmw_cli.oer4f (.text:MmwDemo_CLIADCBufCfg)
                  00011a78    000000b0     libmmwavelink_xwr16xx.aer4f : rl_sensor.oer4f (.text:rlSetProfileConfig)
                  00011b28    00000006     libdpm_xwr16xx.aer4f : dpm_mailbox.oer4f (.text:DPM_mboxSynch)
                  00011b2e    00000002     --HOLE-- [fill = 0]
                  00011b30    000000b0     sysbios.aer4ft : BIOS.obj (.text:ti_sysbios_utils_Load_updateLoads__E)
                  00011be0    000000b0                    : BIOS.obj (.text:xdc_runtime_Text_putMod__E)
                  00011c90    000000ae     mmwdemo_adcconfig.oer4f (.text:MmwDemo_ADCBufConfig)
                  00011d3e    000000ae     rtsv7R4_T_le_v3D16_eabi.lib : _io_perm.obj (.text)
                  00011dec    000000ac     libesm_xwr16xx.aer4f : esm.oer4f (.text:ESM_processInterrupt)
                  00011e98    000000ac     mss_main.oer4f (.text:MmwDemo_isAllCfgInNonPendingState)
                  00011f44    0000000c     libmmwavelink_xwr16xx.aer4f : rl_driver.oer4f (.text:rlDriverGetPlatformId)
                  00011f50    000000ac     sysbios.aer4ft : BIOS.obj (.text:ti_sysbios_knl_Task_Module_startup__E)
                  00011ffc    00000004     libmmwave_xwr16xx.aer4f : mmwave_link.oer4f (.text:MMWave_mboxRead)
                  00012000    000000ac     sysbios.aer4ft : BIOS.obj (.text:ti_sysbios_utils_Load_startup__E)
                  000120ac    000000a8     libadcbuf_xwr16xx.aer4f : adcbuf_mmwave.oer4f (.text:ADCBUF_MMWave_getChanBufAddr)
                  00012154    000000a8     libcli_xwr16xx.aer4f : cli_mmwave.oer4f (.text:CLI_MMWaveExtensionHelp)
                  000121fc    000000a8     libedma_xwr16xx.aer4f : edma_low_level.oer4f (.text:EDMA3Init)
                  000122a4    000000a8     libmmwave_xwr16xx.aer4f : mmwave_link.oer4f (.text:MMWave_configureProfileChirp)
                  0001234c    000000a8                             : mmwave_fullcfg.oer4f (.text:MMWave_getBpmChirpHandle)
                  000123f4    000000a8     libpinmux_xwr16xx.aer4f : pinmux.oer4f (.text:Pinmux_Set_OverrideCtrl)
                  0001249c    000000a8     libsoc_xwr16xx.aer4f : soc.oer4f (.text:SOC_deregisterSysIntListener)
                  00012544    000000a8     libmmwavelink_xwr16xx.aer4f : rl_driver.oer4f (.text:rlDriverWaitForResponse)
                  000125ec    000000a8                                 : rl_sensor.oer4f (.text:rlSetAdvFrameConfig)
                  00012694    000000a4     libdma_xwr16xx.aer4f : dma.oer4f (.text:DMA_assignChannel)
                  00012738    000000a4     libesm_xwr16xx.aer4f : esm.oer4f (.text:ESM_init)
                  000127dc    000000a4     libmmwave_xwr16xx.aer4f : mmwave_fullcfg.oer4f (.text:MMWave_addBpmChirp)
                  00012880    000000a4                             : mmwave.oer4f (.text:MMWave_start)
                  00012924    000000a4     libsoc_xwr16xx.aer4f : soc_xwr16xx_mss.oer4f (.text:SOC_unhaltDSS)
                  000129c8    00000006     libedma_xwr16xx.aer4f : edma_low_level.oer4f (.text:EDMA3ClrCCErr)
                  000129ce    00000002     --HOLE-- [fill = 0]
                  000129d0    000000a2     sysbios.aer4ft : BIOS.obj (.text:xdc_runtime_Text_putSite__E)
                  00012a72    00000002     --HOLE-- [fill = 0]
                  00012a74    000000a0     libsoc_xwr16xx.aer4f : soc.oer4f (.text:SOC_registerSysIntListener)
                  00012b14    000000a0     auto_init.aer4ft : auto_init.oer4ft (.text)
                  00012bb4    0000000c     sysbios.aer4ft : BIOS.obj (.text:ti_sysbios_family_arm_v7a_Pmu_configureCounterI__I)
                  00012bc0    000000a0                    : BIOS.obj (.text:ti_sysbios_knl_Task_blockI__E)
                  00012c60    0000009c     libmmwave_xwr16xx.aer4f : mmwave_link.oer4f (.text:MMWave_configLink)
                  00012cfc    0000009c                             : mmwave_fullcfg.oer4f (.text:MMWave_getProfileHandle)
                  00012d98    0000009c     mmw_cli.oer4f (.text:MmwDemo_CLIMeasureRangeBiasAndRxChanPhaseCfg)
                  00012e34    0000009c     libuart_xwr16xx.aer4f : uartsci.oer4f (.text:UartSci_write)
                  00012ed0    0000009c     rtsv7R4_T_le_v3D16_eabi.lib : memcpy_t2.obj (.text)
                  00012f6c    00000004     libmmwave_xwr16xx.aer4f : mmwave_link.oer4f (.text:MMWave_registerInterruptHandler)
                  00012f70    0000009c     sysbios.aer4ft : BIOS.obj (.text:ti_sysbios_family_arm_v7r_vim_Hwi_initIntController__I)
                  0001300c    00000004     libmmwave_xwr16xx.aer4f : mmwave_link.oer4f (.text:MMWave_unmaskHostIRQ)
                  00013010    0000009c     sysbios.aer4ft : BIOS.obj (.text:ti_sysbios_family_arm_v7r_vim_Hwi_mapChannel__I)
                  000130ac    00000004     libmmwave_xwr16xx.aer4f : mmwave_link.oer4f (.text:MMWave_waitIRQStatus)
                  000130b0    0000009c     sysbios.aer4ft : BIOS.obj (.text:ti_sysbios_knl_Semaphore_Instance_init__E)
                  0001314c    0000009a     libdpm_xwr16xx.aer4f : dpm_msg.oer4f (.text:DPM_msgResponseHandler)
                  000131e6    00000002     --HOLE-- [fill = 0]
                  000131e8    00000098     libmmwave_xwr16xx.aer4f : mmwave_fullcfg.oer4f (.text:MMWave_getChirpCfg)
                  00013280    00000098     mmwdemo_rfparser.oer4f (.text:MmwDemo_RFParser_parseConfig)
                  00013318    00000098     rtsv7R4_T_le_v3D16_eabi.lib : fclose.obj (.text)
                  000133b0    00000098                                 : fputc.obj (.text)
                  00013448    00000098     sysbios.aer4ft : vim_Hwi_asm_switch.obj (.text)
                  000134e0    00000098                    : BIOS.obj (.text:ti_sysbios_utils_Load_taskDeleteHook__E)
                  00013578    00000096     libedma_xwr16xx.aer4f : edma.oer4f (.text:EDMA_getErrorStatusInfo)
                  0001360e    00000096     libuart_xwr16xx.aer4f : uartsci.oer4f (.text:UartSci_readChar)
                  000136a4    00000094     libcbuff_xwr16xx.aer4f : cbuff_transfer.oer4f (.text:CBUFF_setupNonInterleaved_ADC)
                  00013738    00000094     mmw_lvds_stream.oer4f (.text:MmwDemo_LVDSStream_EDMAAllocateCBUFFHwChannel)
                  000137cc    00000094     mmw_lvds_stream.oer4f (.text:MmwDemo_LVDSStream_EDMAAllocateCBUFFSwChannel)
                  00013860    00000094     libmmwavelink_xwr16xx.aer4f : rl_driver.oer4f (.text:rlDriverDeInit)
                  000138f4    00000094                                 : rl_driver.oer4f (.text:rlDriverMsgReadCmdCtx)
                  00013988    00000094                                 : rl_driver.oer4f (.text:rlDriverProcRdMsg)
                  00013a1c    00000094     sysbios.aer4ft : vim_Hwi_asm.obj (.text:ti_sysbios_family_arm_v7r_vim_Hwi_dispatchIRQ__I)
                  00013ab0    00000090     libgpio_xwr16xx.aer4f : gpio.oer4f (.text:GPIO_init)
                  00013b40    00000090     libmailbox_xwr16xx.aer4f : mailbox.oer4f (.text:Mailbox_close)
                  00013bd0    00000090     libuart_xwr16xx.aer4f : uartsci_dma.oer4f (.text:UartSci_initiateTxDMA)
                  00013c60    00000090                           : uartsci.oer4f (.text:UartSci_read)
                  00013cf0    00000090     sysbios.aer4ft : BIOS.obj (.text:ti_sysbios_family_arm_v7a_Pmu_startCounter__E)
                  00013d80    00000090                    : BIOS.obj (.text:ti_sysbios_knl_Task_unblockI__E)
                  00013e10    00000090                    : BIOS.obj (.text:xdc_runtime_LoggerBuf_getFilterLevel__E)
                  00013ea0    0000008c     libcli_xwr16xx.aer4f : cli_mmwave.oer4f (.text:CLI_MMWaveDataOutputMode)
                  00013f2c    0000008c     libsoc_xwr16xx.aer4f : soc_xwr16xx.oer4f (.text:SOC_translateAddress)
                  00013fb8    0000008c     libuart_xwr16xx.aer4f : uartsci_dma.oer4f (.text:UartSci_initiateRxDMA)
                  00014044    0000008c     libmmwavelink_xwr16xx.aer4f : rl_device.oer4f (.text:rlDevicePowerOn)
                  000140d0    0000008c                                 : rl_driver.oer4f (.text:rlDriverMsgReadSpawnCtx)
                  0001415c    00000004     mss_main.oer4f (.text:MmwDemo_sleep)
                  00014160    0000008c     sysbios.aer4ft : BIOS.obj (.text:ti_sysbios_family_arm_v7a_Pmu_getCount__E)
                  000141ec    00000004     libsoc_xwr16xx.aer4f : soc_xwr16xx.oer4f (.text:SOC_gateClock)
                  000141f0    0000008c     sysbios.aer4ft : BIOS.obj (.text:ti_sysbios_family_arm_v7r_vim_Hwi_Instance_finalize__E)
                  0001427c    00000004     libsoc_xwr16xx.aer4f : soc_xwr16xx.oer4f (.text:SOC_ungateClock)
                  00014280    0000008c     sysbios.aer4ft : BIOS.obj (.text:xdc_runtime_Memory_alloc__E)
                  0001430c    00000088     libmmwave_xwr16xx.aer4f : mmwave_fullcfg.oer4f (.text:MMWave_getProfileCfg)
                  00014394    00000088     rtsv7R4_T_le_v3D16_eabi.lib : vsnprintf.obj (.text)
                  0001441c    00000086     libcbuff_xwr16xx.aer4f : cbuff_edma.oer4f (.text:CBUFF_closeEDMA)
                  000144a2    00000002     --HOLE-- [fill = 0]
                  000144a4    00000084     libmmwave_xwr16xx.aer4f : mmwave_dualcore.oer4f (.text:MMWave_deviceCfgAsyncEvent)
                  00014528    00000084                             : mmwave_dualcore.oer4f (.text:MMWave_deviceEventFxn)
                  000145ac    00000084                             : mmwave_fullcfg.oer4f (.text:MMWave_getNumBpmChirp)
                  00014630    00000084                             : mmwave.oer4f (.text:MMWave_open)
                  000146b4    00000084     libsoc_xwr16xx.aer4f : soc.oer4f (.text:SOC_init)
                  00014738    00000081     libcbuff_xwr16xx.aer4f : cbuff_edma.oer4f (.text:CBUFF_setupEDMAShadowLink)
                  000147b9    00000003     --HOLE-- [fill = 0]
                  000147bc    00000080     libcli_xwr16xx.aer4f : cli_mmwave.oer4f (.text:CLI_MMWaveChannelCfg)
                  0001483c    00000080     libdpm_xwr16xx.aer4f : dpm_mailbox.oer4f (.text:DPM_mboxRemoteMailboxCallbackFxn)
                  000148bc    00000080     libmmwave_xwr16xx.aer4f : mmwave_fullcfg.oer4f (.text:MMWave_getBpmChirpCfg)
                  0001493c    00000080     mmw_cli.oer4f (.text:MmwDemo_CLIAoAFovCfg)
                  000149bc    00000080     libuart_xwr16xx.aer4f : uartsci.oer4f (.text:UartSci_writePolling)
                  00014a3c    00000080     libmmwavelink_xwr16xx.aer4f : rl_driver.oer4f (.text:rlDriverExecuteGetApi)
                  00014abc    00000004     mmw_mss_per4ft.oer4ft (.text:ti_sysbios_BIOS_RtsGateProxy_enter__E)
                  00014ac0    00000080     sysbios.aer4ft : BIOS.obj (.text:ti_sysbios_timers_rti_Timer_initDevice__I)
                  00014b40    0000007e     libosal_xwr16xx.aer4f : HwiP_tirtos.oer4f (.text:HwiP_create)
                  00014bbe    00000002     --HOLE-- [fill = 0]
                  00014bc0    0000007d     libcbuff_xwr16xx.aer4f : cbuff_lvds.oer4f (.text:CBUFF_initLVDSLinkListParams)
                  00014c3d    00000003     --HOLE-- [fill = 0]
                  00014c40    0000007c     libdpm_xwr16xx.aer4f : dpm_pipe.oer4f (.text:DPM_pipeSend)
                  00014cbc    0000007c     libedma_xwr16xx.aer4f : edma.oer4f (.text:EDMA_clearErrors)
                  00014d38    0000007c     libmmwave_xwr16xx.aer4f : mmwave_dualcore.oer4f (.text:MMWave_deviceOpenFxn)
                  00014db4    0000007c     libmailbox_xwr16xx.aer4f : mailbox.oer4f (.text:Mailbox_init)
                  00014e30    0000007c     mmw_lvds_stream.oer4f (.text:MmwDemo_LVDSStream_SwTriggerFrameDone)
                  00014eac    0000007c     libuart_xwr16xx.aer4f : uartsci.oer4f (.text:UartSci_readPolling)
                  00014f28    0000007c     sysbios.aer4ft : arm_TaskSupport_asm.obj (.text:_ti_sysbios_family_arm_TaskSupport_buildTaskStack)
                  00014fa4    0000000c                    : BIOS.obj (.text:ti_sysbios_family_arm_v7a_Pmu_getCountI__E)
                  00014fb0    0000007c                    : BIOS.obj (.text:xdc_runtime_Core_deleteObject__I)
                  0001502c    0000007b     mmw_cli.oer4f (.text:MmwDemo_CLIGetSubframe)
                  000150a7    00000001     --HOLE-- [fill = 0]
                  000150a8    0000007a     rtsv7R4_T_le_v3D16_eabi.lib : memset_t2.obj (.text)
                  00015122    00000002     --HOLE-- [fill = 0]
                  00015124    00000078     libadcbuf_xwr16xx.aer4f : adcbuf_mmwave.oer4f (.text:ADCBUF_MMWave_getCQBufAddr)
                  0001519c    00000078     libcbuff_xwr16xx.aer4f : cbuff_transfer.oer4f (.text:CBUFF_configUserBufferEDMA)
                  00015214    00000078                            : cbuff.oer4f (.text:CBUFF_setVC)
                  0001528c    00000078     libcli_xwr16xx.aer4f : cli_mmwave.oer4f (.text:CLI_MMWaveADCCfg)
                  00015304    00000078     libmmwave_xwr16xx.aer4f : mmwave_fullcfg.oer4f (.text:MMWave_getNumChirps)
                  0001537c    00000078     libsoc_xwr16xx.aer4f : soc.oer4f (.text:SOC_getDeviceRFFreqScaleFactor)
                  000153f4    00000074     libmmwave_xwr16xx.aer4f : mmwave.oer4f (.text:MMWave_config)
                  00015468    00000074                             : mmwave_dualcore.oer4f (.text:MMWave_deviceStartFxn)
                  000154dc    00000074     boot.aer4ft : boot.oer4ft (.text)
                  00015550    00000074     libmmwavelink_xwr16xx.aer4f : rl_driver.oer4f (.text:rlDriverAsyncEventHandler)
                  000155c4    00000074     rtsv7R4_T_le_v3D16_eabi.lib : getdevice.obj (.text)
                  00015638    00000074                                 : s_frexp.obj (.text)
                  000156ac    00000072     libmmwavelink_xwr16xx.aer4f : rl_driver.oer4f (.text:rlDriverClientCbCheck)
                  0001571e    00000002     --HOLE-- [fill = 0]
                  00015720    00000070     libhsiheader_xwr16xx.aer4f : hsiheader.oer4f (.text:HSIHeader_deleteHeader)
                  00015790    00000070     libmmwave_xwr16xx.aer4f : mmwave_dualcore.oer4f (.text:MMWave_deviceCfgFxn)
                  00015800    00000070     mmw_cli.oer4f (.text:MmwDemo_CLIGuiMonSel)
                  00015870    00000070     sysbios.aer4ft : BIOS.obj (.text:xdc_runtime_Error_print__E)
                  000158e0    0000006c     libdma_xwr16xx.aer4f : dma.oer4f (.text:DMA_disableChannel)
                  0001594c    0000006c                          : dma.oer4f (.text:DMA_enableChannel)
                  000159b8    0000006c     libmmwave_xwr16xx.aer4f : mmwave_link.oer4f (.text:MMWave_spawn)
                  00015a24    0000006c                             : mmwave_link.oer4f (.text:MMWave_stopLink)
                  00015a90    0000006c     mmw_lvds_stream.oer4f (.text:MmwDemo_LVDSStream_EDMAFreeCBUFFHwChannel)
                  00015afc    0000006c     mmw_lvds_stream.oer4f (.text:MmwDemo_LVDSStream_EDMAFreeCBUFFSwChannel)
                  00015b68    0000006c     mmw_lvds_stream.oer4f (.text:MmwDemo_LVDSStream_HwTriggerFrameDone)
                  00015bd4    0000006c     libpinmux_xwr16xx.aer4f : pinmux.oer4f (.text:Pinmux_Set_FuncSel)
                  00015c40    0000006c     rtsv7R4_T_le_v3D16_eabi.lib : copy_decompress_lzss.obj (.text:decompress:lzss)
                  00015cac    0000006c                                 : trgmsg.obj (.text)
                  00015d18    0000006a     libedma_xwr16xx.aer4f : edma.oer4f (.text:EDMA_transferController_error_isr)
                  00015d82    0000006a     libuart_xwr16xx.aer4f : uartsci.oer4f (.text:UartSci_control)
                  00015dec    00000068     libdpm_xwr16xx.aer4f : dpm_msg.oer4f (.text:DPM_msgDPCCfgHandler)
                  00015e54    00000068     libmmwave_xwr16xx.aer4f : mmwave_dualcore.oer4f (.text:MMWave_deviceStopFxn)
                  00015ebc    00000068     libmailbox_xwr16xx.aer4f : mailbox.oer4f (.text:Mailbox_readFlush)
                  00015f24    00000068     mss_main.oer4f (.text:MmwDemo_convertCfarToLinear)
                  00015f8c    00000068     libmmwavelink_xwr16xx.aer4f : rl_driver.oer4f (.text:rlDriverExecuteSetApi)
                  00015ff4    00000068                                 : rl_driver.oer4f (.text:rlDriverHostIrqHandler)
                  0001605c    00000068     rtsv7R4_T_le_v3D16_eabi.lib : hostlseek.obj (.text)
                  000160c4    00000068                                 : hostrename.obj (.text)
                  0001612c    00000066     libmmwavelink_xwr16xx.aer4f : rl_device.oer4f (.text:rlDevicePowerOff)
                  00016192    00000002     --HOLE-- [fill = 0]
                  00016194    00000064     libcli_xwr16xx.aer4f : cli_mmwave.oer4f (.text:CLI_MMWaveLowPowerCfg)
                  000161f8    00000064     libedma_xwr16xx.aer4f : edma.oer4f (.text:EDMA_getTransferControllerErrorStatusInfo)
                  0001625c    00000064     libosal_xwr16xx.aer4f : SemaphoreP_tirtos.oer4f (.text:SemaphoreP_create)
                  000162c0    00000064     rtsv7R4_T_le_v3D16_eabi.lib : fseek.obj (.text)
                  00016324    00000064                                 : sprintf.obj (.text)
                  00016388    00000064     sysbios.aer4ft : exc_Exception_asm.obj (.text:ti_sysbios_family_arm_exc_Exception_initCore0__I)
                  000163ec    00000004     mmw_mss_per4ft.oer4ft (.text:ti_sysbios_BIOS_RtsGateProxy_leave__E)
                  000163f0    00000064     sysbios.aer4ft : BIOS.obj (.text:ti_sysbios_family_arm_v7r_vim_Hwi_phantomIntHandler__I)
                  00016454    0000000c     mmw_mss_per4ft.oer4ft (.text:ti_sysbios_knl_Queue_Object__get__S)
                  00016460    00000064     sysbios.aer4ft : BIOS.obj (.text:ti_sysbios_knl_Clock_logTick__E)
                  000164c4    0000000a     libadcbuf_xwr16xx.aer4f : ADCBuf.oer4f (.text:ADCBuf_getChanBufAddr)
                  000164ce    00000002     --HOLE-- [fill = 0]
                  000164d0    00000064     sysbios.aer4ft : BIOS.obj (.text:ti_sysbios_utils_Load_logCPULoad__I)
                  00016534    0000000a     libcbuff_xwr16xx.aer4f : cbuff_lvds.oer4f (.text:CBUFF_deinitLVDS)
                  0001653e    00000002     --HOLE-- [fill = 0]
                  00016540    00000064     sysbios.aer4ft : BIOS.obj (.text:xdc_runtime_Startup_exec__E)
                  000165a4    00000062     mmw_cli.oer4f (.text:MmwDemo_CLICfarFovCfg)
                  00016606    00000002     --HOLE-- [fill = 0]
                  00016608    00000060     libcli_xwr16xx.aer4f : cli_mmwave.oer4f (.text:CLI_MMWaveExtensionHandler)
                  00016668    00000060     libosal_xwr16xx.aer4f : DebugP_tirtos.oer4f (.text:DebugP_log2)
                  000166c8    00000060                           : DebugP_tirtos.oer4f (.text:DebugP_log3)
                  00016728    00000060     mss_main.oer4f (.text:MmwDemo_mmWaveCtrlTask)
                  00016788    00000006     libedma_xwr16xx.aer4f : edma_low_level.oer4f (.text:EDMA3ErrIntrHighStatusGet)
                  0001678e    00000002     --HOLE-- [fill = 0]
                  00016790    00000060     sysbios.aer4ft : BIOS.obj (.text:ti_sysbios_heaps_HeapMem_alloc__E)
                  000167f0    00000060                    : BIOS.obj (.text:xdc_runtime_Assert_raise__I)
                  00016850    0000005f                    : BIOS.obj (.text:xdc_runtime_Text_putLab__E)
                  000168af    00000001     --HOLE-- [fill = 0]
                  000168b0    0000005e     libuart_xwr16xx.aer4f : uartsci.oer4f (.text:UartSci_writeChar)
                  0001690e    00000002     --HOLE-- [fill = 0]
                  00016910    0000005c     libedma_xwr16xx.aer4f : edma.oer4f (.text:EDMA_getTransferControllerErrorStatus)
                  0001696c    0000005c     libmmwave_xwr16xx.aer4f : mmwave_link.oer4f (.text:MMWave_mboxOpen)
                  000169c8    0000005c                             : mmwave.oer4f (.text:MMWave_stop)
                  00016a24    0000005c     mss_main.oer4f (.text:MmwDemo_EDMA_errorCallbackFxn)
                  00016a80    0000005c     mss_main.oer4f (.text:MmwDemo_EDMA_transferControllerErrorCallbackFxn)
                  00016adc    0000005c     libsoc_xwr16xx.aer4f : soc.oer4f (.text:SOC_enableLVDS)
                  00016b38    0000005c     rtsv7R4_T_le_v3D16_eabi.lib : hostopen.obj (.text)
                  00016b94    0000005c                                 : hostread.obj (.text)
                  00016bf0    0000005c     sysbios.aer4ft : BIOS.obj (.text:ti_sysbios_utils_Load_updateCurrentThreadTime__E)
                  00016c4c    0000005a     libuart_xwr16xx.aer4f : uartsci.oer4f (.text:UartSci_readCancel)
                  00016ca6    0000005a     libmmwavelink_xwr16xx.aer4f : rl_driver.oer4f (.text:rlDriverCalChkSum)
                  00016d00    00000058     libdpm_xwr16xx.aer4f : dpm_core.oer4f (.text:DPM_execute)
                  00016d58    00000058                          : dpm_mailbox.oer4f (.text:DPM_mboxInit)
                  00016db0    00000058     libosal_xwr16xx.aer4f : DebugP_tirtos.oer4f (.text:DebugP_log0)
                  00016e08    00000058                           : DebugP_tirtos.oer4f (.text:DebugP_log1)
                  00016e60    00000058     libedma_xwr16xx.aer4f : edma_low_level.oer4f (.text:EDMA3EnableChInShadowReg)
                  00016eb8    00000058     libesm_xwr16xx.aer4f : esm.oer4f (.text:ESM_highpriority_FIQ)
                  00016f10    00000058     libmmwave_xwr16xx.aer4f : mmwave.oer4f (.text:MMWave_execute)
                  00016f68    00000058                             : mmwave_link.oer4f (.text:MMWave_initCRC)
                  00016fc0    00000058     mmw_cli.oer4f (.text:MmwDemo_CLISensorStop)
                  00017018    00000058     libuart_xwr16xx.aer4f : uartsci_dma.oer4f (.text:UartSci_closeDMA)
                  00017070    00000058     rtsv7R4_T_le_v3D16_eabi.lib : close.obj (.text)
                  000170c8    00000058                                 : hostwrite.obj (.text)
                  00017120    00000056     libmmwavelink_xwr16xx.aer4f : rl_driver.oer4f (.text:rlDriverOsiCbCheck)
                  00017176    00000002     --HOLE-- [fill = 0]
                  00017178    00000054     libcrc_xwr16xx.aer4f : crc.oer4f (.text:CRC_getTransactionId)
                  000171cc    00000054     libdma_xwr16xx.aer4f : dma.oer4f (.text:DMA_freeChannel)
                  00017220    00000054     libedma_xwr16xx.aer4f : edma.oer4f (.text:EDMA_error_isr)
                  00017274    00000054     libmmwave_xwr16xx.aer4f : mmwave_link.oer4f (.text:MMWave_initLink)
                  000172c8    00000054     mss_main.oer4f (.text:MmwDemo_CfgUpdate)
                  0001731c    00000054     rtsv7R4_T_le_v3D16_eabi.lib : ltoa.obj (.text)
                  00017370    00000054     mmw_mss_per4ft.oer4ft (.text:ti_sysbios_family_arm_v7r_vim_Hwi_create)
                  000173c4    0000000a     libdpm_xwr16xx.aer4f : dpm_core.oer4f (.text:DPM_chirpISR)
                  000173ce    00000002     --HOLE-- [fill = 0]
                  000173d0    00000054     sysbios.aer4ft : BIOS.obj (.text:ti_sysbios_heaps_HeapMem_getStats__E)
                  00017424    0000000a     libdpm_xwr16xx.aer4f : dpm_core.oer4f (.text:DPM_frameStartISR)
                  0001742e    00000002     --HOLE-- [fill = 0]
                  00017430    00000054     sysbios.aer4ft : BIOS.obj (.text:xdc_runtime_Core_assignLabel__I)
                  00017484    00000050     libcrc_xwr16xx.aer4f : crc.oer4f (.text:CRC_getSignature)
                  000174d4    00000050     libdpm_xwr16xx.aer4f : dpm_core.oer4f (.text:DPM_synch)
                  00017524    00000050     libedma_xwr16xx.aer4f : edma_low_level.oer4f (.text:EDMA3MapChToEvtQ)
                  00017574    00000050     libmmwave_xwr16xx.aer4f : mmwave.oer4f (.text:MMWave_sync)
                  000175c4    00000050     mmw_cli.oer4f (.text:MmwDemo_CLIMultiObjBeamForming)
                  00017614    00000050     mss_main.oer4f (.text:MmwDemo_resetStaticCfgPendingState)
                  00017664    00000050     mss_main.oer4f (.text:mmwDemo_mssDPMTask)
                  000176b4    00000050     libmmwavelink_xwr16xx.aer4f : rl_driver.oer4f (.text:rlDeviceIdentifyCmdDir)
                  00017704    00000050                                 : rl_driver.oer4f (.text:rlDriverVerifyCRC)
                  00017754    00000050     rtsv7R4_T_le_v3D16_eabi.lib : atoi.obj (.text)
                  000177a4    00000050                                 : exit.obj (.text)
                  000177f4    00000050                                 : u_div32.obj (.text)
                  00017844    0000000a     libosal_xwr16xx.aer4f : MemoryP_tirtos.oer4f (.text:MemoryP_ctrlFree)
                  0001784e    00000002     --HOLE-- [fill = 0]
                  00017850    00000050     sysbios.aer4ft : BIOS.obj (.text:xdc_runtime_System_exit__E)
                  000178a0    0000004c     libcli_xwr16xx.aer4f : cli.oer4f (.text:CLI_write)
                  000178ec    0000004c     libedma_xwr16xx.aer4f : edma.oer4f (.text:EDMA_disableChannel)
                  00017938    0000004c                           : edma.oer4f (.text:EDMA_enableChannel)
                  00017984    0000004c     libmailbox_xwr16xx.aer4f : mailbox.oer4f (.text:Mailbox_boxEmptyISRProcessing)
                  000179d0    0000004c     mmw_lvds_stream.oer4f (.text:MmwDemo_LVDSStream_EDMAAllocateCBUFFChannel)
                  00017a1c    0000004c     libuart_xwr16xx.aer4f : uartsci.oer4f (.text:UartSci_writeCancel)
                  00017a68    0000004c     rtsv7R4_T_le_v3D16_eabi.lib : cpy_tbl.obj (.text)
                  00017ab4    0000000a     mss_main.oer4f (.text:MmwDemo_resetDynObjDetCfgPendingState)
                  00017abe    00000002     --HOLE-- [fill = 0]
                  00017ac0    0000004c     sysbios.aer4ft : BIOS.obj (.text:ti_sysbios_family_arm_v7r_vim_Hwi_getStackInfo__E)
                  00017b0c    0000004c     mmw_mss_per4ft.oer4ft (.text:ti_sysbios_knl_Task_create)
                  00017b58    00000006     libedma_xwr16xx.aer4f : edma_low_level.oer4f (.text:EDMA3GetCCErrStatus)
                  00017b5e    00000002     --HOLE-- [fill = 0]
                  00017b60    0000004c     sysbios.aer4ft : BIOS.obj (.text:ti_sysbios_knl_Task_stat__E)
                  00017bac    00000004     mmw_mss_per4ft.oer4ft (.text:ti_sysbios_family_arm_TaskSupport_Module__startupDone__S)
                  00017bb0    0000004c     sysbios.aer4ft : BIOS.obj (.text:ti_sysbios_utils_Load_taskSwitchHook__E)
                  00017bfc    0000004a     libdpm_xwr16xx.aer4f : dpm_mailbox.oer4f (.text:DPM_mboxSendResult)
                  00017c46    0000004a     libmailbox_xwr16xx.aer4f : mailbox.oer4f (.text:Mailbox_boxFullISRProcessing)
                  00017c90    0000004a     sysbios.aer4ft : BIOS.obj (.text:xdc_runtime_Core_assignParams__I)
                  00017cda    00000006     libedma_xwr16xx.aer4f : edma_low_level.oer4f (.text:EDMA3GetErrIntrStatus)
                  00017ce0    0000004a     sysbios.aer4ft : BIOS.obj (.text:xdc_runtime_Text_xprintf__I)
                  00017d2a    00000048     libcbuff_xwr16xx.aer4f : cbuff_transfer.oer4f (.text:CBUFF_setup_USER)
                  00017d72    00000048     libdpm_xwr16xx.aer4f : dpm_pipe.oer4f (.text:DPM_pipeRecv)
                  00017dba    00000048     libmmwavelink_xwr16xx.aer4f : rl_device.oer4f (.text:rlDeviceGetVersion)
                  00017e02    00000002     --HOLE-- [fill = 0]
                  00017e04    00000048                                 : rl_driver.oer4f (.text:rlDriverOsiInit)
                  00017e4c    00000048     mmw_mss_per4ft.oer4ft (.text:xdc_runtime_LoggerBuf_Object__create__S)
                  00017e94    00000046     libmailbox_xwr16xx.aer4f : mailbox.oer4f (.text:CSL_FINSR)
                  00017eda    00000002     --HOLE-- [fill = 0]
                  00017edc    00000044     libadcbuf_xwr16xx.aer4f : adcbuf_mmwave.oer4f (.text:ADCBUF_MMWave_close)
                  00017f20    00000044     libcrc_xwr16xx.aer4f : crc.oer4f (.text:CRC_resetSignature)
                  00017f64    00000044     libdpm_xwr16xx.aer4f : dpm_core.oer4f (.text:DPM_start)
                  00017fa8    00000044                          : dpm_core.oer4f (.text:DPM_stop)
                  00017fec    00000044     libedma_xwr16xx.aer4f : edma.oer4f (.text:EDMA_linkParamSets)
                  00018030    00000044     libmailbox_xwr16xx.aer4f : mailbox.oer4f (.text:Mailbox_boxFullISRMssDss)
                  00018074    00000044     rtsv7R4_T_le_v3D16_eabi.lib : hostclose.obj (.text)
                  000180b8    00000044                                 : hostunlink.obj (.text)
                  000180fc    00000004     mmw_mss_per4ft.oer4ft (.text:ti_sysbios_family_arm_v7r_vim_Hwi_delete)
                  00018100    00000044     sysbios.aer4ft : BIOS.obj (.text:ti_sysbios_family_arm_v7r_tms570_Core_Module_startup__E)
                  00018144    0000000a     libosal_xwr16xx.aer4f : SemaphoreP_tirtos.oer4f (.text:SemaphoreP_post)
                  0001814e    00000002     --HOLE-- [fill = 0]
                  00018150    00000044     sysbios.aer4ft : BIOS.obj (.text:ti_sysbios_knl_Task_allBlockedFunction__I)
                  00018194    0000000a     libuart_xwr16xx.aer4f : UART.oer4f (.text:UART_read)
                  0001819e    00000002     --HOLE-- [fill = 0]
                  000181a0    00000044     sysbios.aer4ft : BIOS.obj (.text:xdc_runtime_LoggerBuf_Module_startup__E)
                  000181e4    0000000a     libuart_xwr16xx.aer4f : UART.oer4f (.text:UART_write)
                  000181ee    00000002     --HOLE-- [fill = 0]
                  000181f0    00000044     sysbios.aer4ft : BIOS.obj (.text:xdc_runtime_System_atexit__E)
                  00018234    00000042     libcbuff_xwr16xx.aer4f : cbuff_lvds.oer4f (.text:CBUFF_closeLVDS)
                  00018276    00000042     libmmwave_xwr16xx.aer4f : mmwave_link.oer4f (.text:MMWave_executeLink)
                  000182b8    00000042     libmmwavelink_xwr16xx.aer4f : rl_controller.oer4f (.text:rlGetSubBlock)
                  000182fa    00000040     mmw_cli.oer4f (.text:MmwDemo_CLIClutterRemoval)
                  0001833a    00000040     mmw_cli.oer4f (.text:MmwDemo_CLIExtendedMaxVelocity)
                  0001837a    00000040     libmmwavelink_xwr16xx.aer4f : rl_driver.oer4f (.text:rlDriverValidateHdr)
                  000183ba    00000002     --HOLE-- [fill = 0]
                  000183bc    00000040     rtsv7R4_T_le_v3D16_eabi.lib : strtok.obj (.text)
                  000183fc    00000004     mmw_mss_per4ft.oer4ft (.text:ti_sysbios_heaps_HeapMem_Module_GateProxy_enter__E)
                  00018400    00000040     sysbios.aer4ft : BIOS.obj (.text:ti_sysbios_timers_rti_Timer_stop__E)
                  00018440    0000003e     libadcbuf_xwr16xx.aer4f : adcbuf_mmwave.oer4f (.text:CSL_FINSR)
                  0001847e    0000003e     libcbuff_xwr16xx.aer4f : cbuff.oer4f (.text:CSL_FINSR)
                  000184bc    0000003e                            : cbuff_lvds.oer4f (.text:CSL_FINSR)
                  000184fa    0000003e     libcrc_xwr16xx.aer4f : crc.oer4f (.text:CSL_FINSR)
                  00018538    0000003e     libdma_xwr16xx.aer4f : dma.oer4f (.text:CSL_FINSR)
                  00018576    0000003e     libgpio_xwr16xx.aer4f : gpio.oer4f (.text:CSL_FINSR)
                  000185b4    0000003e     libpinmux_xwr16xx.aer4f : pinmux.oer4f (.text:CSL_FINSR)
                  000185f2    0000003e     libsoc_xwr16xx.aer4f : soc.oer4f (.text:CSL_FINSR)
                  00018630    0000003e                          : soc_xwr16xx.oer4f (.text:CSL_FINSR)
                  0001866e    0000003e                          : soc_xwr16xx_mss.oer4f (.text:CSL_FINSR)
                  000186ac    0000003e     libuart_xwr16xx.aer4f : uartsci.oer4f (.text:CSL_FINSR)
                  000186ea    0000003e     libdpm_xwr16xx.aer4f : dpm_msg.oer4f (.text:DPM_msgStopHandler)
                  00018728    0000003e     libmmwave_xwr16xx.aer4f : mmwave.oer4f (.text:MMWave_decodeError)
                  00018766    0000003e     libuart_xwr16xx.aer4f : uartsci.oer4f (.text:UartSci_close)
                  000187a4    0000003e     mmwdemo_monitor.oer4f (.text:mmwDemo_cfgAnalogMonitor)
                  000187e2    0000003c     libcbuff_xwr16xx.aer4f : cbuff_transfer.oer4f (.text:CBUFF_configCQEDMA)
                  0001881e    00000002     --HOLE-- [fill = 0]
                  00018820    0000003c     libcli_xwr16xx.aer4f : cli_mmwave.oer4f (.text:CLI_MMWaveFlushCfg)
                  0001885c    0000003c     libedma_xwr16xx.aer4f : edma.oer4f (.text:EDMA_chainChannels)
                  00018898    0000003c                           : edma.oer4f (.text:EDMA_getErrorStatus)
                  000188d4    0000003c     libmailbox_xwr16xx.aer4f : mailbox.oer4f (.text:Mailbox_writeReset)
                  00018910    0000003c     libsoc_xwr16xx.aer4f : soc.oer4f (.text:SOC_unhaltBSS)
                  0001894c    0000003c     sysbios.aer4ft : vim_Hwi_asm.obj (.text:ti_sysbios_family_arm_v7r_vim_Hwi_init__I)
                  00018988    00000006     libedma_xwr16xx.aer4f : edma_low_level.oer4f (.text:EDMA3QdmaGetErrIntrStatus)
                  0001898e    00000002     --HOLE-- [fill = 0]
                  00018990    0000003c     sysbios.aer4ft : BIOS.obj (.text:ti_sysbios_hal_Hwi_checkStack)
                  000189cc    00000004     mmw_mss_per4ft.oer4ft (.text:ti_sysbios_heaps_HeapMem_Module_GateProxy_leave__E)
                  000189d0    0000003c     sysbios.aer4ft : BIOS.obj (.text:ti_sysbios_heaps_HeapMem_init__I)
                  00018a0c    0000003a     libosal_xwr16xx.aer4f : HwiP_tirtos.oer4f (.text:HwiP_delete)
                  00018a46    00000038     libcbuff_xwr16xx.aer4f : cbuff_transfer.oer4f (.text:CBUFF_addUserBufferLLEntry)
                  00018a7e    00000038                            : cbuff_transfer.oer4f (.text:CBUFF_setupHeader)
                  00018ab6    00000002     --HOLE-- [fill = 0]
                  00018ab8    00000038     libcli_xwr16xx.aer4f : cli_mmwave.oer4f (.text:CLI_MMWaveExtensionInit)
                  00018af0    00000038     libedma_xwr16xx.aer4f : edma_low_level.oer4f (.text:EDMA3ClrMissEvt)
                  00018b28    00000038     libuart_xwr16xx.aer4f : UART.oer4f (.text:UART_init)
                  00018b60    00000036     libmmwavelink_xwr16xx.aer4f : rl_controller.oer4f (.text:rlAppendSubBlock)
                  00018b96    00000036     rtsv7R4_T_le_v3D16_eabi.lib : strncpy.obj (.text)
                  00018bcc    00000034     libadcbuf_xwr16xx.aer4f : ADCBuf.oer4f (.text:ADCBuf_open)
                  00018c00    00000034     libedma_xwr16xx.aer4f : edma.oer4f (.text:EDMA_configTransferControllerError)
                  00018c34    00000034     libmmwave_xwr16xx.aer4f : mmwave_link.oer4f (.text:MMWave_mboxWrite)
                  00018c68    00000034     libsoc_xwr16xx.aer4f : soc_xwr16xx_mss.oer4f (.text:SOC_isSecureDevice)
                  00018c9c    00000034                          : soc_xwr16xx.oer4f (.text:SOC_setMMWaveDSSLinkState)
                  00018cd0    00000034                          : soc_xwr16xx.oer4f (.text:SOC_setMMWaveMSSLinkState)
                  00018d04    00000034                          : soc_xwr16xx.oer4f (.text:SOC_setMSSLinkState)
                  00018d38    00000034     libuart_xwr16xx.aer4f : UART.oer4f (.text:UART_open)
                  00018d6c    00000004     mmw_mss_per4ft.oer4ft (.text:ti_sysbios_knl_Clock_TimerProxy_getMaxTicks__E)
                  00018d70    00000034     sysbios.aer4ft : BIOS.obj (.text:ti_sysbios_family_arm_a15_TimestampProvider_get64__E)
                  00018da4    00000034     mmw_mss_per4ft.oer4ft (.text:ti_sysbios_knl_Semaphore_create)
                  00018dd8    00000032     libcrc_xwr16xx.aer4f : crc.oer4f (.text:CRC_getCRCDataSelectBitValue)
                  00018e0a    00000002     --HOLE-- [fill = 0]
                  00018e0c    00000032                          : crc.oer4f (.text:CRC_getCRCTypeBitValue)
                  00018e3e    00000032     libedma_xwr16xx.aer4f : edma.oer4f (.text:EDMA_configQueueThreshold)
                  00018e70    00000032     sysbios.aer4ft : BIOS.obj (.text:ti_sysbios_hal_Hwi_initStack)
                  00018ea2    00000002     --HOLE-- [fill = 0]
                  00018ea4    00000030     libadcbuf_xwr16xx.aer4f : ADCBuf.oer4f (.text:ADCBuf_init)
                  00018ed4    00000030     libcbuff_xwr16xx.aer4f : cbuff_transfer.oer4f (.text:CBUFF_addCQLLEntry)
                  00018f04    00000030     libmmwave_xwr16xx.aer4f : mmwave_listlib.oer4f (.text:MMWave_listRemoveNode)
                  00018f34    00000030     libsoc_xwr16xx.aer4f : soc.oer4f (.text:SOC_getDevicePartNumber)
                  00018f64    00000030     libmmwavelink_xwr16xx.aer4f : rl_sensor.oer4f (.text:rlSensorStart)
                  00018f94    00000030     mmw_mss_per4ft.oer4ft (.text:ti_sysbios_BIOS_startFunc__I)
                  00018fc4    0000000a     libuart_xwr16xx.aer4f : UART.oer4f (.text:UART_writePolling)
                  00018fce    00000002     --HOLE-- [fill = 0]
                  00018fd0    00000030     sysbios.aer4ft : BIOS.obj (.text:ti_sysbios_family_arm_TaskSupport_start__E)
                  00019000    00000030     mmw_mss_per4ft.oer4ft (.text:ti_sysbios_gates_GateHwi_Object__create__S)
                  00019030    00000030     mmw_mss_per4ft.oer4ft (.text:ti_sysbios_gates_GateMutex_Object__create__S)
                  00019060    00000030     mmw_mss_per4ft.oer4ft (.text:ti_sysbios_heaps_HeapMem_Object__create__S)
                  00019090    00000030     sysbios.aer4ft : BIOS.obj (.text:ti_sysbios_heaps_HeapMem_free__E)
                  000190c0    00000030     mmw_mss_per4ft.oer4ft (.text:ti_sysbios_knl_Semaphore_construct)
                  000190f0    0000002f     sysbios.aer4ft : BIOS.obj (.text:xdc_runtime_Text_printVisFxn__I)
                  0001911f    00000001     --HOLE-- [fill = 0]
                  00019120    0000002e     libdpm_xwr16xx.aer4f : dpm_msg.oer4f (.text:DPM_msgStartHandler)
                  0001914e    00000002     --HOLE-- [fill = 0]
                  00019150    0000002e     sysbios.aer4ft : BIOS.obj (.text:ti_sysbios_knl_Semaphore_pendTimeout__I)
                  0001917e    0000002e     mmw_mss_per4ft.oer4ft (.text:ti_sysbios_rts_MemAlloc_alloc)
                  000191ac    0000002c     libdpm_xwr16xx.aer4f : dpm_pipe.oer4f (.text:DPM_pipeInit)
                  000191d8    0000002c     libedma_xwr16xx.aer4f : edma.oer4f (.text:EDMA_validate_channelIdchannelType)
                  00019204    0000002c     libgpio_xwr16xx.aer4f : gpio.oer4f (.text:GPIO_HighPriorityISR)
                  00019230    0000002c                           : gpio.oer4f (.text:GPIO_LowPriorityISR)
                  0001925c    0000002c     libmmwave_xwr16xx.aer4f : mmwave_osal.oer4f (.text:MMWave_osalMutexCreate)
                  00019288    0000002c                             : mmwave_osal.oer4f (.text:MMWave_osalSemCreate)
                  000192b4    0000002c     libsoc_xwr16xx.aer4f : soc_xwr16xx_mss.oer4f (.text:SOC_waitBSSPowerUp)
                  000192e0    0000002c     libmmwavelink_xwr16xx.aer4f : rl_device.oer4f (.text:rlDeviceGetMssVersion)
                  0001930c    0000002c                                 : rl_sensor.oer4f (.text:rlSensorStop)
                  00019338    0000002c     rtsv7R4_T_le_v3D16_eabi.lib : unlink.obj (.text)
                  00019364    0000002c     mmw_mss_per4ft.oer4ft (.text:ti_sysbios_BIOS_atExitFunc__I)
                  00019390    0000002c     mmw_mss_per4ft.oer4ft (.text:ti_sysbios_knl_Clock_doTick__I)
                  000193bc    0000002c     mmw_mss_per4ft.oer4ft (.text:ti_sysbios_knl_Queue_construct)
                  000193e8    00000006     libosal_xwr16xx.aer4f : HwiP_tirtos.oer4f (.text:HwiP_restore)
                  000193ee    00000002     --HOLE-- [fill = 0]
                  000193f0    0000002c     sysbios.aer4ft : BIOS.obj (.text:ti_sysbios_timers_rti_Timer_periodicStub__E)
                  0001941c    0000002a     libdpm_xwr16xx.aer4f : dpm_pipe.oer4f (.text:DPM_pipeDeinit)
                  00019446    0000002a     libedma_xwr16xx.aer4f : edma.oer4f (.text:EDMA_isError)
                  00019470    0000002a     mmwdemo_adcconfig.oer4f (.text:MmwDemo_ADCBufOpen)
                  0001949a    0000002a     libsoc_xwr16xx.aer4f : soc.oer4f (.text:SOC_SystemISR)
                  000194c4    0000002a     libmmwavelink_xwr16xx.aer4f : rl_device.oer4f (.text:rlDeviceGetMmWaveLinkVersion)
                  000194ee    0000002a     rtsv7R4_T_le_v3D16_eabi.lib : strspn.obj (.text)
                  00019518    00000028     libcbuff_xwr16xx.aer4f : cbuff.oer4f (.text:CBUFF_ErrorISR)
                  00019540    00000028                            : cbuff.oer4f (.text:CBUFF_FrameStartISR)
                  00019568    00000028     libdpm_xwr16xx.aer4f : dpm_mailbox.oer4f (.text:DPM_mboxDeinit)
                  00019590    00000028                          : dpm_msg.oer4f (.text:DPM_msgInitHeader)
                  000195b8    00000028     libmailbox_xwr16xx.aer4f : mailbox.oer4f (.text:Mailbox_Config_init)
                  000195e0    00000028     libuart_xwr16xx.aer4f : uartsci_dma.oer4f (.text:UartSci_RxDMACallbackFxn)
                  00019608    00000028                           : uartsci_dma.oer4f (.text:UartSci_TxDMACallbackFxn)
                  00019630    00000028     libmmwavelink_xwr16xx.aer4f : rl_driver.oer4f (.text:rlDriverConstructInMsg)
                  00019658    00000028     rtsv7R4_T_le_v3D16_eabi.lib : lseek.obj (.text)
                  00019680    00000028                                 : write.obj (.text)
                  000196a8    00000006     libmmwavelink_xwr16xx.aer4f : rl_controller.oer4f (.text:rlGetSubBlockId)
                  000196ae    00000002     --HOLE-- [fill = 0]
                  000196b0    00000028     sysbios.aer4ft : BIOS.obj (.text:ti_sysbios_knl_Idle_run__E)
                  000196d8    00000006     libmmwavelink_xwr16xx.aer4f : rl_controller.oer4f (.text:rlGetSubBlockLen)
                  000196de    00000002     --HOLE-- [fill = 0]
                  000196e0    00000028     sysbios.aer4ft : BIOS.obj (.text:xdc_runtime_SysStd_abort__E)
                  00019708    00000006                    : a15_TimestampProvider_asm.obj (.text:ti_sysbios_family_arm_a15_TimestampProvider_get32__E)
                  0001970e    00000002     --HOLE-- [fill = 0]
                  00019710    00000028                    : BIOS.obj (.text:xdc_runtime_System_aprintf_va__F)
                  00019738    00000026     libedma_xwr16xx.aer4f : edma.oer4f (.text:EDMA_check4kSiErrata_boundaryCheckUtil)
                  0001975e    00000026     mmwdemo_monitor.oer4f (.text:mmwDemo_cfgRxSaturationMonitor)
                  00019784    00000026     libmmwavelink_xwr16xx.aer4f : rl_monitoring.oer4f (.text:rlRfAnaMonConfig)
                  000197aa    00000026                                 : rl_sensor.oer4f (.text:rlRfInitCalibConfig)
                  000197d0    00000026                                 : rl_sensor.oer4f (.text:rlRfRunTimeCalibConfig)
                  000197f6    00000026                                 : rl_monitoring.oer4f (.text:rlRfRxIfSatMonConfig)
                  0001981c    00000026                                 : rl_monitoring.oer4f (.text:rlRfRxSigImgMonConfig)
                  00019842    00000026                                 : rl_sensor.oer4f (.text:rlRfSetCalMonFreqLimitConfig)
                  00019868    00000026                                 : rl_sensor.oer4f (.text:rlRfSetDeviceCfg)
                  0001988e    00000026                                 : rl_sensor.oer4f (.text:rlSetAdcOutConfig)
                  000198b4    00000026                                 : rl_sensor.oer4f (.text:rlSetBpmCommonConfig)
                  000198da    00000026                                 : rl_sensor.oer4f (.text:rlSetChannelConfig)
                  00019900    00000026                                 : rl_sensor.oer4f (.text:rlSetContModeConfig)
                  00019926    00000026     rtsv7R4_T_le_v3D16_eabi.lib : memcmp.obj (.text)
                  0001994c    00000004     mmw_mss_per4ft.oer4ft (.text:ti_sysbios_knl_Semaphore_delete)
                  00019950    00000026     sysbios.aer4ft : BIOS.obj (.text:xdc_runtime_System_printf_va__F)
                  00019976    00000002     --HOLE-- [fill = 0]
                  00019978    00000025     mss_main.oer4f (.text:_MmwDemo_debugAssert)
                  0001999d    00000001     --HOLE-- [fill = 0]
                  0001999e    00000024     libcrc_xwr16xx.aer4f : crc.oer4f (.text:CRC_isTransactionIdValid)
                  000199c2    00000002     --HOLE-- [fill = 0]
                  000199c4    00000024     libedma_xwr16xx.aer4f : edma_low_level.oer4f (.text:EDMA3ClrEvt)
                  000199e8    00000024                           : edma_low_level.oer4f (.text:EDMA3ClrIntr)
                  00019a0c    00000024                           : edma_low_level.oer4f (.text:EDMA3DisableEvtIntr)
                  00019a30    00000024                           : edma_low_level.oer4f (.text:EDMA3EnableDmaEvt)
                  00019a54    00000024                           : edma_low_level.oer4f (.text:EDMA3EnableEvtIntr)
                  00019a78    00000024     libgpio_xwr16xx.aer4f : gpio.oer4f (.text:GPIO_processInterrupt)
                  00019a9c    00000024     libhsiheader_xwr16xx.aer4f : hsiheader.oer4f (.text:HSIHeader_processUserBuffer)
                  00019ac0    00000024     libsoc_xwr16xx.aer4f : soc_xwr16xx.oer4f (.text:SOC_isDSSOperational)
                  00019ae4    00000024                          : soc_xwr16xx.oer4f (.text:SOC_isMMWaveDSSOperational)
                  00019b08    00000024                          : soc_xwr16xx.oer4f (.text:SOC_isMMWaveMSSOperational)
                  00019b2c    00000024     libmmwavelink_xwr16xx.aer4f : rl_device.oer4f (.text:rlDeviceSetHsiClk)
                  00019b50    00000024                                 : rl_sensor.oer4f (.text:rlEnableContMode)
                  00019b74    00000024                                 : rl_sensor.oer4f (.text:rlRfSetCalMonTimeUnitConfig)
                  00019b98    00000024                                 : rl_sensor.oer4f (.text:rlSetLowPowerModeConfig)
                  00019bbc    00000024     mmw_mss_per4ft.oer4ft (.text:ti_sysbios_BIOS_registerRTSLock__I)
                  00019be0    00000024     mmw_mss_per4ft.oer4ft (.text:ti_sysbios_BIOS_removeRTSLock__I)
                  00019c04    00000024     mmw_mss_per4ft.oer4ft (.text:ti_sysbios_gates_GateMutex_Object__delete__S)
                  00019c28    00000004     mmw_mss_per4ft.oer4ft (.text:xdc_runtime_LoggerBuf_Module_GateProxy_enter__E)
                  00019c2c    00000004     mmw_mss_per4ft.oer4ft (.text:xdc_runtime_LoggerBuf_Module_GateProxy_leave__E)
                  00019c30    00000024     sysbios.aer4ft : BIOS.obj (.text:ti_sysbios_knl_Clock_Module_startup__E)
                  00019c54    00000024     mmw_mss_per4ft.oer4ft (.text:ti_sysbios_knl_Semaphore_Object__delete__S)
                  00019c78    00000022     libcbuff_xwr16xx.aer4f : cbuff_transfer.oer4f (.text:CBUFF_initLinkedList)
                  00019c9a    00000022     libuart_xwr16xx.aer4f : uartsci.oer4f (.text:UartSci_disableRxDMA)
                  00019cbc    00000022                           : uartsci.oer4f (.text:UartSci_enableRxDMA)
                  00019cde    00000022     rtsv7R4_T_le_v3D16_eabi.lib : strcspn.obj (.text)
                  00019d00    00000020     libdpm_xwr16xx.aer4f : dpm_listlib.oer4f (.text:DPM_listCat)
                  00019d20    00000020     libedma_xwr16xx.aer4f : edma_low_level.oer4f (.text:EDMA3DisableDmaEvt)
                  00019d40    00000020                           : edma_low_level.oer4f (.text:EDMA3QdmaClrMissEvt)
                  00019d60    00000020     libesm_xwr16xx.aer4f : esm.oer4f (.text:ESM_lowpriority_IRQ)
                  00019d80    00000020     libhsiheader_xwr16xx.aer4f : hsiheader.oer4f (.text:HSIHeader_processCQ)
                  00019da0    00000020     libmmwave_xwr16xx.aer4f : mmwave_listlib.oer4f (.text:MMWave_listCat)
                  00019dc0    00000020     mss_main.oer4f (.text:MmwDemo_DPM_ioctl_blocking)
                  00019de0    00000020     libpinmux_xwr16xx.aer4f : pinmux.oer4f (.text:Pinmux_Unlock)
                  00019e00    00000020     libmmwavelink_xwr16xx.aer4f : rl_sensor.oer4f (.text:rlRfInit)
                  00019e20    00000020     sysbios.aer4ft : BIOS.obj (.text:ti_sysbios_family_arm_TaskSupport_stackUsed__E)
                  00019e40    00000020                    : BIOS.obj (.text:ti_sysbios_family_arm_a15_TimestampProvider_autoRefreshFxn__I)
                  00019e60    00000020                    : BIOS.obj (.text:ti_sysbios_family_arm_v7a_Pmu_Module_startup__E)
                  00019e80    00000020     mmw_mss_per4ft.oer4ft (.text:ti_sysbios_family_arm_v7r_vim_Hwi_Object__delete__S)
                  00019ea0    00000020     sysbios.aer4ft : BIOS.obj (.text:ti_sysbios_family_arm_v7r_vim_Hwi_disableInterrupt__E)
                  00019ec0    00000020                    : BIOS.obj (.text:ti_sysbios_family_arm_v7r_vim_Hwi_enableInterrupt__E)
                  00019ee0    00000020     mmw_mss_per4ft.oer4ft (.text:ti_sysbios_gates_GateHwi_Object__delete__S)
                  00019f00    00000020     mmw_mss_per4ft.oer4ft (.text:ti_sysbios_heaps_HeapMem_Object__delete__S)
                  00019f20    00000020     mmw_mss_per4ft.oer4ft (.text:ti_sysbios_knl_Semaphore_destruct)
                  00019f40    00000020     mmw_mss_per4ft.oer4ft (.text:xdc_runtime_LoggerBuf_Object__delete__S)
                  00019f60    0000001e     libdpm_xwr16xx.aer4f : dpm_pipe.oer4f (.text:DPM_pipeDequeue)
                  00019f7e    0000001e     libmmwave_xwr16xx.aer4f : mmwave_fullcfg.oer4f (.text:MMWave_internalDelChirp)
                  00019f9c    0000001e     libsoc_xwr16xx.aer4f : soc_xwr16xx_mss.oer4f (.text:SOC_getOutAddr_LUTType)
                  00019fba    0000001e     mmwdemo_monitor.oer4f (.text:mmwDemo_cfgRxSigImgMonitor)
                  00019fd8    0000001e     mmw_mss_per4ft.oer4ft (.text:ti_sysbios_BIOS_errorRaiseHook__I)
                  00019ff6    0000001c     libcrc_xwr16xx.aer4f : crc.oer4f (.text:CRC_releaseTransactionId)
                  0001a012    0000001c     libadcbuf_xwr16xx.aer4f : adcbuf_mmwave.oer4f (.text:CSL_FEXTR)
                  0001a02e    0000001c     libcbuff_xwr16xx.aer4f : cbuff.oer4f (.text:CSL_FEXTR)
                  0001a04a    0000001c                            : cbuff_lvds.oer4f (.text:CSL_FEXTR)
                  0001a066    0000001c     libdma_xwr16xx.aer4f : dma.oer4f (.text:CSL_FEXTR)
                  0001a082    0000001c     libhsiheader_xwr16xx.aer4f : hsiheader.oer4f (.text:CSL_FEXTR)
                  0001a09e    0000001c     libmmwave_xwr16xx.aer4f : mmwave.oer4f (.text:CSL_FEXTR)
                  0001a0ba    0000001c     libsoc_xwr16xx.aer4f : soc.oer4f (.text:CSL_FEXTR)
                  0001a0d6    0000001c                          : soc_xwr16xx.oer4f (.text:CSL_FEXTR)
                  0001a0f2    0000001c                          : soc_xwr16xx_mss.oer4f (.text:CSL_FEXTR)
                  0001a10e    0000001c     libuart_xwr16xx.aer4f : uartsci.oer4f (.text:CSL_FEXTR)
                  0001a12a    0000001c     libdpm_xwr16xx.aer4f : dpm_listlib.oer4f (.text:DPM_listRemove)
                  0001a146    0000001c     libmmwave_xwr16xx.aer4f : mmwave_listlib.oer4f (.text:MMWave_listRemove)
                  0001a162    0000001c     libsoc_xwr16xx.aer4f : soc_xwr16xx_mss.oer4f (.text:SOC_getInAddr_LUTType)
                  0001a17e    00000002     --HOLE-- [fill = 0]
                  0001a180    0000001c     sysbios.aer4ft : arm_TaskSupport_asm.obj (.text:_ti_sysbios_family_arm_TaskSupport_glue)
                  0001a19c    0000001c                    : arm_TaskSupport_asm.obj (.text:_ti_sysbios_family_arm_TaskSupport_swap__E)
                  0001a1b8    0000001c     rtsv7R4_T_le_v3D16_eabi.lib : memccpy.obj (.text)
                  0001a1d4    0000001c     mmw_mss_per4ft.oer4ft (.text:ti_sysbios_BIOS_rtsLock__I)
                  0001a1f0    0000001c     sysbios.aer4ft : BIOS.obj (.text:ti_sysbios_family_arm_v7r_vim_Hwi_clearInterrupt__E)
                  0001a20c    00000004     mmw_mss_per4ft.oer4ft (.text:xdc_runtime_System_Module_GateProxy_enter__E)
                  0001a210    0000001c     sysbios.aer4ft : BIOS.obj (.text:ti_sysbios_gates_GateMutex_Instance_init__E)
                  0001a22c    00000004     mmw_mss_per4ft.oer4ft (.text:xdc_runtime_System_Module_GateProxy_leave__E)
                  0001a230    0000001c     sysbios.aer4ft : BIOS.obj (.text:ti_sysbios_gates_GateMutex_leave__E)
                  0001a24c    0000001c     mmw_mss_per4ft.oer4ft (.text:ti_sysbios_knl_Queue_destruct)
                  0001a268    00000008     --HOLE-- [fill = 0]
                  0001a270    0000001c     sysbios.aer4ft : BIOS.obj (.text:ti_sysbios_knl_Task_restoreHwi__E)
                  0001a28c    00000004     --HOLE-- [fill = 0]
                  0001a290    0000001c                    : BIOS.obj (.text:xdc_runtime_LoggerBuf_Instance_finalize__E)
                  0001a2ac    0000001a     libcbuff_xwr16xx.aer4f : cbuff_lvds.oer4f (.text:CBUFF_finalizeLVDSLinkListParams)
                  0001a2c6    0000001a     libdpm_xwr16xx.aer4f : dpm_listlib.oer4f (.text:DPM_listAdd)
                  0001a2e0    0000001a                          : dpm_mailbox.oer4f (.text:DPM_mboxMsgSend)
                  0001a2fa    0000001a                          : dpm_msg.oer4f (.text:DPM_msgAssertHandler)
                  0001a314    0000001a                          : dpm_msg.oer4f (.text:DPM_msgDPCInfoHandler)
                  0001a32e    0000001a     libedma_xwr16xx.aer4f : edma_low_level.oer4f (.text:EDMA3SetPaRAM)
                  0001a348    0000001a     libmmwave_xwr16xx.aer4f : mmwave_dualcore.oer4f (.text:MMWave_deviceSyncFxn)
                  0001a362    0000001a                             : mmwave.oer4f (.text:MMWave_encodeError)
                  0001a37c    0000001a                             : mmwave_listlib.oer4f (.text:MMWave_listAdd)
                  0001a396    0000001a     mmw_mss_per4ft.oer4ft (.text:free)
[...]
0001baf8  ti_sysbios_knl_Semaphore_Module__loggerFxn4__C                       
0001bafc  ti_sysbios_knl_Semaphore_Module__loggerObj__C                        
0001bb00  ti_sysbios_knl_Task_A_badPriority__C                                 
0001bb04  ti_sysbios_knl_Task_A_badTaskState__C                                
0001bb08  ti_sysbios_knl_Task_A_badThreadType__C                               
0001bb0c  ti_sysbios_knl_Task_A_badTimeout__C                                  
0001bb10  ti_sysbios_knl_Task_A_noPendElem__C                                  
0001bb14  ti_sysbios_knl_Task_A_sleepTaskDisabled__C                           
0001bb18  ti_sysbios_knl_Task_E_spOutOfBounds__C                               
0001bb1c  ti_sysbios_knl_Task_E_stackOverflow__C                               
0001bb20  ti_sysbios_knl_Task_LD_block__C                                      
0001bb24  ti_sysbios_knl_Task_LD_exit__C                                       
0001bb28  ti_sysbios_knl_Task_LD_ready__C                                      
0001bb2c  ti_sysbios_knl_Task_LM_sleep__C                                      
0001bb30  ti_sysbios_knl_Task_LM_switch__C                                     
0001bb34  ti_sysbios_knl_Task_Module_State_inactiveQ__O                        
0001bb38  ti_sysbios_knl_Task_Module__diagsEnabled__C                          
0001bb3c  ti_sysbios_knl_Task_Module__diagsIncluded__C                         
0001bb40  ti_sysbios_knl_Task_Module__diagsMask__C                             
0001bb44  ti_sysbios_knl_Task_Module__loggerFxn2__C                            
0001bb48  ti_sysbios_knl_Task_Module__loggerFxn4__C                            
0001bb4c  ti_sysbios_knl_Task_Module__loggerObj__C                             
0001bb50  ti_sysbios_knl_Task_Object__count__C                                 
0001bb54  ti_sysbios_knl_Task_Object__heap__C                                  
0001bb58  ti_sysbios_knl_Task_allBlockedFunc__C                                
0001bb5c  ti_sysbios_knl_Task_defaultStackHeap__C                              
0001bb60  ti_sysbios_knl_Task_defaultStackSize__C                              
0001bb64  ti_sysbios_knl_Task_numConstructedTasks__C                           
0001bb68  ti_sysbios_timers_rti_Timer_E_cannotSupport__C                       
0001bb6c  ti_sysbios_timers_rti_Timer_Module__diagsEnabled__C                  
0001bb70  ti_sysbios_timers_rti_Timer_Module__diagsIncluded__C                 
0001bb74  ti_sysbios_timers_rti_Timer_Module__diagsMask__C                     
0001bb78  ti_sysbios_timers_rti_Timer_numTimerDevices__C                       
0001bb7c  ti_sysbios_timers_rti_Timer_startupNeeded__C                         
0001bb80  ti_sysbios_utils_Load_LS_cpuLoad__C                                  
0001bb84  ti_sysbios_utils_Load_LS_taskLoad__C                                 
0001bb88  ti_sysbios_utils_Load_Module_State_taskList__O                       
0001bb8c  ti_sysbios_utils_Load_Module__diagsEnabled__C                        
0001bb90  ti_sysbios_utils_Load_Module__diagsIncluded__C                       
0001bb94  ti_sysbios_utils_Load_Module__diagsMask__C                           
0001bb98  ti_sysbios_utils_Load_Module__loggerFxn1__C                          
0001bb9c  ti_sysbios_utils_Load_Module__loggerFxn4__C                          
0001bba0  ti_sysbios_utils_Load_Module__loggerObj__C                           
0001bba4  ti_sysbios_utils_Load_postUpdate__C                                  
0001bba8  ti_sysbios_utils_Load_windowInMs__C                                  
0001bbac  xdc_runtime_Assert_E_assertFailed__C                                 
0001bbb0  xdc_runtime_Core_A_initializedParams__C                              
0001bbb4  xdc_runtime_Core_Module__diagsEnabled__C                             
0001bbb8  xdc_runtime_Core_Module__diagsIncluded__C                            
0001bbbc  xdc_runtime_Core_Module__diagsMask__C                                
0001bbc0  xdc_runtime_Error_E_memory__C                                        
0001bbc4  xdc_runtime_Error_Module__diagsEnabled__C                            
0001bbc8  xdc_runtime_Error_Module__diagsIncluded__C                           
0001bbcc  xdc_runtime_Error_Module__diagsMask__C                               
0001bbd0  xdc_runtime_Error_Module__loggerFxn8__C                              
0001bbd4  xdc_runtime_Error_Module__loggerObj__C                               
0001bbd8  xdc_runtime_Error_policyFxn__C                                       
0001bbdc  xdc_runtime_Error_policy__C                                          
0001bbe0  xdc_runtime_Error_raiseHook__C                                       
0001bbe4  xdc_runtime_IFilterLogger_Interface__BASE__C                         
0001bbe8  xdc_runtime_IGateProvider_Interface__BASE__C                         
0001bbec  xdc_runtime_IHeap_Interface__BASE__C                                 
0001bbf0  xdc_runtime_ILogger_Interface__BASE__C                               
0001bbf4  xdc_runtime_IModule_Interface__BASE__C                               
0001bbf8  xdc_runtime_Log_L_error__C                                           
0001bbfc  xdc_runtime_LoggerBuf_E_badLevel__C                                  
0001bc00  xdc_runtime_LoggerBuf_Module__gateObj__C                             
0001bc04  xdc_runtime_LoggerBuf_Object__count__C                               
0001bc08  xdc_runtime_LoggerBuf_statusLogger__C                                
0001bc0c  xdc_runtime_Main_Module__diagsEnabled__C                             
0001bc10  xdc_runtime_Main_Module__diagsIncluded__C                            
0001bc14  xdc_runtime_Main_Module__diagsMask__C                                
0001bc18  xdc_runtime_Main_Module__loggerFxn1__C                               
0001bc1c  xdc_runtime_Main_Module__loggerFxn2__C                               
0001bc20  xdc_runtime_Main_Module__loggerFxn4__C                               
0001bc24  xdc_runtime_Main_Module__loggerObj__C                                
0001bc28  xdc_runtime_Memory_defaultHeapInstance__C                            
0001bc2c  xdc_runtime_Startup_execImpl__C                                      
0001bc30  xdc_runtime_Startup_maxPasses__C                                     
0001bc34  xdc_runtime_Startup_sfxnRts__C                                       
0001bc38  xdc_runtime_Startup_sfxnTab__C                                       
0001bc3c  xdc_runtime_System_Module__gateObj__C                                
0001bc40  xdc_runtime_System_abortFxn__C                                       
0001bc44  xdc_runtime_System_exitFxn__C                                        
0001bc48  xdc_runtime_System_extendFxn__C                                      
0001bc4c  xdc_runtime_System_maxAtexitHandlers__C                              
0001bc50  xdc_runtime_Text_charTab__C                                          
0001bc54  xdc_runtime_Text_nameEmpty__C                                        
0001bc58  xdc_runtime_Text_nameStatic__C                                       
0001bc5c  xdc_runtime_Text_nameUnknown__C                                      
0001bc60  xdc_runtime_Text_visitRopeFxn__C                                     
0001bc64  ti_sysbios_family_arm_exc_Exception_Module__id__C                    
0001bc66  ti_sysbios_family_arm_v7a_Pmu_Module__id__C                          
0001bc68  ti_sysbios_family_arm_v7r_tms570_Core_Module__id__C                  
0001bc6a  ti_sysbios_family_arm_v7r_vim_Hwi_Module__id__C                      
0001bc6c  ti_sysbios_family_arm_v7r_vim_Hwi_Module__loggerDefined__C           
0001bc6e  ti_sysbios_gates_GateMutex_Module__id__C                             
0001bc70  ti_sysbios_hal_Hwi_Module__id__C                                     
0001bc72  ti_sysbios_heaps_HeapMem_Module__id__C                               
0001bc74  ti_sysbios_knl_Clock_Module__id__C                                   
0001bc76  ti_sysbios_knl_Clock_Module__loggerDefined__C                        
0001bc78  ti_sysbios_knl_Semaphore_Module__id__C                               
0001bc7a  ti_sysbios_knl_Semaphore_Module__loggerDefined__C                    
0001bc7c  ti_sysbios_knl_Task_Module__id__C                                    
0001bc7e  ti_sysbios_knl_Task_Module__loggerDefined__C                         
0001bc80  ti_sysbios_timers_rti_Timer_Module__id__C                            
0001bc82  ti_sysbios_timers_rti_Timer_continueOnSuspend__C                     
0001bc84  ti_sysbios_utils_Load_Module__id__C                                  
0001bc86  ti_sysbios_utils_Load_Module__loggerDefined__C                       
0001bc88  ti_sysbios_utils_Load_autoAddTasks__C                                
0001bc8a  ti_sysbios_utils_Load_updateInIdle__C                                
0001bc8c  xdc_runtime_Core_Module__id__C                                       
0001bc8e  xdc_runtime_Error_Module__loggerDefined__C                           
0001bc90  xdc_runtime_Error_maxDepth__C                                        
0001bc92  xdc_runtime_LoggerBuf_Module__id__C                                  
0001bc94  xdc_runtime_LoggerBuf_filterByLevel__C                               
0001bc96  xdc_runtime_Main_Module__id__C                                       
0001bc98  xdc_runtime_Main_Module__loggerDefined__C                            
0001bc9a  xdc_runtime_Memory_Module__id__C                                     
0001bc9c  xdc_runtime_Text_charCnt__C                                          
0001bc9e  xdc_runtime_Text_isLoaded__C                                         
0001bca0  xdc_runtime_Text_registryModsLastId__C                               
0001bca2  xdc_runtime_Text_unnamedModsLastId__C                                
0001c104  __TI_Handler_Table_Base                                              
0001c110  __TI_Handler_Table_Limit                                             
0001c128  __TI_CINIT_Base                                                      
0001c148  __TI_CINIT_Limit                                                     
08000000  ti_sysbios_heaps_HeapMem_Instance_State_0_buf__A                     
08008000  xdc_runtime_LoggerBuf_Instance_State_0_entryArr__A                   
08009900  ti_sysbios_family_arm_exc_Exception_Module_State_0_excStack_0__A     
0800a900  gMmwMssMCB                                                           
0800b078  ti_sysbios_knl_Task_Instance_State_0_stack__A                        
0800b398  gCLI                                                                 
0800b540  gGPIOMCB                                                             
0800b6d4  __CIOBUF_                                                            
0800b7f4  gMMWave_MCB                                                          
0800b8f4  __TI_tmpnams                                                         
0800b994  ti_sysbios_knl_Task_Instance_State_0_hookEnv__A                      
0800b998  gHSIHeaderMCB                                                        
0800ba28  gEsmMCB                                                              
0800ba98  gMMWave_DualcoreMCB                                                  
0800baa0  parmbuf                                                              
0800baa8  gEDMA_4K_check                                                       
0800baac  edmaDbg                                                              
0800bf94  rl_txMsg                                                             
0800c094  rl_rxMsg                                                             
0800c380  gCLI_mmwave_freq_scale_factor                                        
0800c388  gCLIMMWaveOpenCfg                                                    
0800c3b0  partInfoStringArray                                                  
0800c450  gCLIMMWaveExtensionTable                                             
0800c4f8  gCLIMMWaveControlCfg                                                 
0800c5c8  ti_sysbios_family_arm_v7r_vim_Hwi_Module_State_0_dispatchTable__A    
0800c7c8  _ftable                                                              
0800c8b8  ti_sysbios_utils_Load_Module__state__V                               
0800c950  ti_sysbios_knl_Task_Module_State_0_readyQ__A                         
0800c9d0  _device                                                              
0800ca48  gCBUFFHwAttribute                                                    
0800cac0  ti_sysbios_knl_Task_Object__table__V                                 
0800cb1c  gUartSciHwCfg                                                        
0800cb74  _stream                                                              
0800cbc4  gMailboxMCB                                                          
0800cc14  ti_sysbios_knl_Task_Module__state__V                                 
0800cc5c  SOC_TranslateAddr_LUT                                                
0800cc9c  ti_sysbios_gates_GateMutex_Object__table__V                          
0800ccdc  ti_sysbios_timers_rti_Timer_Object__table__V                         
0800cd18  gCBUFFInterfaceFxn                                                   
0800cd50  ti_sysbios_family_arm_v7r_vim_Hwi_Module__state__V                   
0800cd84  ti_sysbios_family_arm_v7r_vim_Hwi_Object__table__V                   
0800cdb0  ti_sysbios_knl_Clock_Module__state__V                                
0800cddc  gUartSciFxnTable                                                     
0800ce04  UART_config                                                          
0800ce28  ti_sysbios_BIOS_Module__state__V                                     
0800ce4c  xdc_runtime_LoggerBuf_Object__table__V                               
0800ce70  ti_sysbios_knl_Clock_Object__table__V                                
0800ce90  xdc_runtime_Error_IgnoreBlock                                        
0800ceb0  xdc_runtime_System_Module_State_0_atexitHandlers__A                  
0800ced0  ti_sysbios_utils_Load_Module_State_0_taskEnv__A                      
0800ceec  ADCBuf_config                                                        
0800cf04  gInterleavedTransferFxn                                              
0800cf1c  gMailboxMssBssHwCfg                                                  
0800cf34  gMailboxMssDssHwCfg                                                  
0800cf4c  gMultipleChirpNonInterleavedTransferFxn                              
0800cf64  gNonInterleavedTransferFxn                                           
0800cf7c  ti_sysbios_heaps_HeapMem_Object__table__V                            
0800cf94  ti_sysbios_timers_rti_Timer_Module_State_0_device__A                 
0800cfac  gDPMRemoteTable                                                      
0800cfc0  gSOCHwAttrib                                                         
0800cfd4  ti_sysbios_family_arm_exc_Exception_Module__state__V                 
0800cfe8  __TI_ft_end                                                          
0800cfec  __aeabi_stdin                                                        
0800cff0  __aeabi_stdout                                                       
0800cff4  __aeabi_stderr                                                       
0800cff8  ti_sysbios_timers_rti_Timer_Module_State_0_intFreqs__A               
0800d008  ti_sysbios_timers_rti_Timer_Module__state__V                         
0800d018  __TI_cleanup_ptr                                                     
0800d01c  __TI_dtors_ptr                                                       
0800d020  __TI_enable_exit_profile_output                                      
0800d024  gESMHwCfgAttrs                                                       
0800d030  ti_sysbios_family_arm_v7a_Pmu_Module__state__V                       
0800d03c  ti_sysbios_knl_Task_Module__root__V                                  
0800d048  _lock                                                                
0800d04c  _unlock                                                              
0800d050  MmwDemo_RFParserHwCfg                                                
0800d058  gDPMHwAttrib                                                         
0800d060  gGPIOHwAtrrib                                                        
0800d068  ti_sysbios_family_arm_v7r_vim_Hwi_Module__root__V                    
0800d070  ti_sysbios_gates_GateHwi_Module__root__V                             
0800d078  ti_sysbios_gates_GateMutex_Module__root__V                           
0800d080  ti_sysbios_hal_Hwi_Object__table__V                                  
0800d088  ti_sysbios_heaps_HeapMem_Module__root__V                             
0800d090  ti_sysbios_knl_Queue_Module__root__V                                 
0800d098  ti_sysbios_knl_Semaphore_Module__root__V                             
0800d0a0  ti_sysbios_timers_rti_Timer_Module_State_0_handles__A                
0800d0a8  xdc_runtime_LoggerBuf_Module__root__V                                
0800d0b0  xdc_runtime_Registry_Module__state__V                                
0800d0b8  xdc_runtime_Startup_Module__state__V                                 
0800d0c0  xdc_runtime_System_Module__state__V                                  
0800d0c8  xdc_runtime_LoggerBuf_Module__state__V                               
0800d0ce  ti_sysbios_family_arm_exc_Exception_Module_State_0_excActive__A      
0800d0d0  gCRCRegister                                                         
0800d0d4  gDPM                                                                 
0800d0d8  regionId                                                             
0800d0dc  gPinmuxRegs                                                          
0800d0e4  errno                                                                
0800d0f0  main_func_sp                                                         
0800d0f8  ti_sysbios_family_arm_a15_TimestampProvider_Module__state__V         
0800d0fc  ti_sysbios_family_arm_exc_Exception_Module_State_0_excContext__A     
0800d100  ti_sysbios_family_arm_exc_Exception_Module_State_0_excStackBuffers__A
0800d104  ti_sysbios_family_arm_exc_Exception_Module_State_0_excStack__A       
0800d108  ti_sysbios_gates_GateHwi_Object__table__V                            
0800d10c  ti_sysbios_heaps_HeapBuf_Module__state__V                            
0800d110  ti_sysbios_knl_Task_Module_State_0_idleTask__A                       
0800d114  ti_sysbios_utils_Load_Module_State_0_runningTask__A                  
0800d118  ti_sysbios_utils_Load_Module_State_0_taskStartTime__A                
0800d11c  xdc_runtime_Memory_Module__state__V                                  
0800d120  xdc_runtime_Error_Module__state__V                                   
0800d122  xdc_runtime_Main_Module__root__V                                     
0800d128  ti_sysbios_family_arm_v7r_vim_Hwi_Module_State_0_fiqStack__A         
0800d928  __stack                                                              
0800e128  __STACK_END                                                          
fffffdec  ti_sysbios_family_arm_v7r_vim_Hwi_vim                                
ffffffff  __TI_pprof_out_hndl                                                  
ffffffff  __TI_prof_data_size                                                  
ffffffff  __TI_prof_data_start                                                 
ffffffff  __binit__                                                            
ffffffff  __c_args__                                                           
ffffffff  binit                                                                
UNDEFED   SHT$$INIT_ARRAY$$Base                                                
UNDEFED   SHT$$INIT_ARRAY$$Limit                                               

[1095 symbols]
