******************************************************************************
               TMS320C6x Linker Unix v8.3.3                    
******************************************************************************
>> Linked Mon Sep 16 16:13:38 2019

OUTPUT FILE NAME:   <xwr16xx_mmw_demo_dss.xe674>
ENTRY POINT SYMBOL: "_c_int00"  address: 007fd900


MEMORY CONFIGURATION

         name            origin    length      used     unused   attr    fill
----------------------  --------  ---------  --------  --------  ----  --------
PAGE 0:
  L2SRAM_UMAP1          007e0000   00020000  00020000  00000000  RWIX
  L2SRAM_UMAP0          00800000   00020000  0001afd2  0000502e  RWIX
  L1PSRAM               00e00000   00004000  00000000  00004000  RWIX
  L1DSRAM               00f00000   00004000  00004000  00000000  RWIX
  L3SRAM                20000000   000c0000  000c0000  00000000  RWIX
  HSRAM                 21080000   00008000  00008000  00000000  RWIX

PAGE 1:
  L3SRAM                20000000   000c0000  00000000  000c0000  RWIX


SEGMENT ALLOCATION MAP

run origin  load origin   length   init length attrs members
----------  ----------- ---------- ----------- ----- -------
007e0000    007e0000    00023000   00023000    r-x
  007e0000    007e0000    00000200   00000200    r-x .vecs
  007e0200    007e0200    0001fe00   0001fe00    r-x .text.1
  00800000    00800000    00002880   00002880    r-x .text.2
  00802880    00802880    00000780   00000780    r-- .const.1
00803000    00803000    00011400   00000000    rw-
  00803000    00803000    00009400   00000000    rw- .dpc_l2Heap
  0080c400    0080c400    00008000   00000000    rw- systemHeap
00814400    00814400    0000300a   0000300a    r--
  00814400    00814400    0000300a   0000300a    r-- .const.2
0081740c    0081740c    00000004   00000000    rw-
  0081740c    0081740c    00000004   00000000    rw- .bss
00817410    00817410    00002344   00000000    rw-
  00817410    00817410    00002344   00000000    rw- .far
00819758    00819758    000017c0   00000e9c    rw-
  00819758    00819758    00000e9c   00000e9c    rw- .fardata
  0081a5f8    0081a5f8    00000800   00000000    rw- .stack
  0081adf8    0081adf8    00000120   00000000    rw- .cio
0081af18    0081af18    000000b8   000000b8    r--
  0081af18    0081af18    000000b8   000000b8    r-- .switch
0081afd0    0081afd0    0000000c   0000000c    rw-
  0081afd0    0081afd0    0000000c   0000000c    rw- .neardata
00f00000    00f00000    00004000   00000000    rw-
  00f00000    00f00000    00004000   00000000    rw- .dpc_l1Heap
20000000    20000000    000c0000   00000000    rw-
  20000000    20000000    000c0000   00000000    rw- .l3ram
21080000    21080000    00008000   00000000    rw-
  21080000    21080000    00008000   00000000    rw- .demoSharedMem


SECTION ALLOCATION MAP

 output                                  attributes/
section   page    origin      length       input sections
--------  ----  ----------  ----------   ----------------
xdc.meta   0    00000000    00000108     COPY SECTION
                  00000000    00000108     mmw_dss_pe674.oe674 (xdc.meta)

.vecs      0    007e0000    00000200     
                  007e0000    00000200     mmw_dss_pe674.oe674 (.vecs)

.bss       0    0081740c    00000004     UNINITIALIZED
                  0081740c    00000004     (.common:gObjDetObj)

.stack     0    0081a5f8    00000800     UNINITIALIZED
                  0081a5f8    00000008     boot.ae674 : boot.oe674 (.stack)
                  0081a600    000007f8     --HOLE--

.neardata 
*          0    0081afd0    0000000c     
                  0081afd0    00000004     dss_main.oe674 (.neardata)
                  0081afd4    00000004     libdpm_xwr16xx.ae674 : dpm_mailbox.oe674 (.neardata)
                  0081afd8    00000004     libedma_xwr16xx.ae674 : edma_low_level.oe674 (.neardata)

.cinit     0    00800000    00000000     UNINITIALIZED

.far       0    00817410    00002344     UNINITIALIZED
                  00817410    00001900     (.common:xdc_runtime_LoggerBuf_Instance_State_0_entryArr__A)
                  00818d10    000004d8     libedma_xwr16xx.ae674 : edma.oe674 (.far:EDMA_object)
                  008191e8    00000320     mmw_dss_pe674.oe674 (.far:taskStackSection)
                  00819508    00000140     (.common:__TI_tmpnams)
                  00819648    000000d4     (.common:gMmwDssMCB)
                  0081971c    00000018     (.common:resultBuffer)
                  00819734    00000010     (.common:edmaDbg)
                  00819744    00000004     --HOLE--
                  00819748    00000008     (.common:parmbuf)
                  00819750    00000004     (.common:ti_sysbios_knl_Task_Instance_State_0_hookEnv__A)

.dpc_l1Heap 
*          0    00f00000    00004000     UNINITIALIZED
                  00f00000    00004000     dss_main.oe674 (.dpc_l1Heap)

.text.1    0    007e0200    0001fe00     
                  007e0200    00000ba0     sysbios.ae674 : BIOS.obj (.text:xdc_runtime_System_doPrint__I)
                  007e0da0    00000b00     libmmwavealg_xwr16xx.ae674 : mmwavelib_ffttwiddle_gen.oe674 (.text:mmwavelib_gen_twiddle_largefft_16x16_imre_sa)
                  007e18a0    00000960     libaoaproc_dsp_xwr16xx.ae674 : aoaprocdsp.oe674 (.text:AoAProcDSP_processMultipleVirtualAntennas)
                  007e2200    000008e0     objectdetection.oe674 (.text:DPC_ObjectDetection_ioctl)
                  007e2ae0    00000780     sysbios.ae674 : BIOS.obj (.text:ti_sysbios_family_c64p_Exception_handler__I)
                  007e3260    00000720     objectdetection.oe674 (.text:DPC_ObjDetDSP_rangeBiasRxChPhaseMeasure)
                  007e3980    000006a0     sysbios.ae674 : BIOS.obj (.text:ti_sysbios_knl_Semaphore_pend__E)
                  007e4020    00000680                   : BIOS.obj (.text:ti_sysbios_heaps_HeapMem_allocUnprotected__E)
                  007e46a0    00000660                   : BIOS.obj (.text:ti_sysbios_heaps_HeapMem_freeUnprotected__E)
                  007e4d00    00000600     rts6740_elf.lib : divd.c.obj (.text:__c6xabi_divd)
                  007e5300    000005c0     libdopplerproc_dsp_xwr16xx.ae674 : dopplerprocdsp.oe674 (.text:DPU_DopplerProcDSP_process)
                  007e58c0    000005a0     objectdetection.oe674 (.text:DPC_ObjDetDSP_preStartConfig)
                  007e5e60    00000580     libmmwavealg_xwr16xx.ae674 : mmwavelib_peakpruning.oe674 (.text:mmwavelib_cfarPeakQualifiedInOrderPruning)
                  007e63e0    00000580     sysbios.ae674 : BIOS.obj (.text:ti_sysbios_knl_Task_Instance_finalize__E)
                  007e6960    00000560     libaoaproc_dsp_xwr16xx.ae674 : aoaprocdsp.oe674 (.text:DPU_AoAProcDSP_config)
                  007e6ec0    00000500     libcfarcaproc_dsp_xwr16xx.ae674 : cfarcaprocdsp.oe674 (.text:CFARCADSP_cfarCadB_SOGO)
                  007e73c0    00000500     librangeproc_dsp_xwr16xx.ae674 : rangeprocdsp.oe674 (.text:DPU_RangeProcDSP_process)
                  007e78c0    000004e0     libcfarcaproc_dsp_xwr16xx.ae674 : cfarcaprocdsp.oe674 (.text:CFARCADSP_cfarCadBwrap)
                  007e7da0    000004e0     libmmwavealg_xwr16xx.ae674 : mmwavelib_windowcoef_gen.oe674 (.text:mmwavelib_windowCoef_gen)
                  007e8280    000004c0     objectdetection.oe674 (.text:DPC_ObjDetDSP_AoAconfig)
                  007e8740    00000480     libdopplerproc_dsp_xwr16xx.ae674 : dopplerprocdsp.oe674 (.text:DPU_DopplerProcDSP_config)
                  007e8bc0    00000480     dss_main.oe674 (.text:MmwDemo_DPC_ObjectDetection_dpmTask)
                  007e9040    00000460     librangeproc_dsp_xwr16xx.ae674 : rangeprocdsp.oe674 (.text:DPU_RangeProcDSP_config)
                  007e94a0    00000440     libcfarcaproc_dsp_xwr16xx.ae674 : cfarcaprocdsp.oe674 (.text:CFARCADSP_processRangeDomain)
                  007e98e0    00000440     sysbios.ae674 : BIOS.obj (.text:ti_sysbios_knl_Task_Instance_init__E)
                  007e9d20    00000420     libmailbox_xwr16xx.ae674 : mailbox.oe674 (.text:Mailbox_open)
                  007ea140    00000400     libaoaproc_dsp_xwr16xx.ae674 : aoaprocdsp.oe674 (.text:AoAProcDSP_RangeAzimuthHeatmap)
                  007ea540    000003e0     libmmwavealg_xwr16xx.ae674 : mmwavelib_peakpruning.oe674 (.text:mmwavelib_cfarPeakPruning)
                  007ea920    000003e0     sysbios.ae674 : BIOS.obj (.text:ti_sysbios_knl_Task_sleep__E)
                  007ead00    000003e0                   : BIOS.obj (.text:ti_sysbios_utils_Load_updateThreadContexts__E)
                  007eb0e0    000003a0     libcfarcaproc_dsp_xwr16xx.ae674 : cfarcaprocdsp.oe674 (.text:DPU_CFARCAProcDSP_process)
                  007eb480    00000380     libedma_xwr16xx.ae674 : edma.oe674 (.text:EDMA_configErrorMonitoring)
                  007eb800    00000380     dsplib.ae64P : DSP_fft32x32_sa.oe64P (.text:psa)
                  007ebb80    00000360     libdpm_xwr16xx.ae674 : dpm_core.oe674 (.text:DPM_init)
                  007ebee0    00000360                          : dpm_msg.oe674 (.text:DPM_msgRecv)
                  007ec240    00000340     libcfarcaproc_dsp_xwr16xx.ae674 : cfarcaprocdsp.oe674 (.text:CFARCADSP_processDopplerDomain)
                  007ec580    00000340     librangeproc_dsp_xwr16xx.ae674 : rangeprocdsp.oe674 (.text:rangeProcDSP_dcRangeSignatureCompensation)
                  007ec8c0    00000320     objectdetection.oe674 (.text:DPC_ObjectDetection_execute)
                  007ecbe0    00000300     libedma_xwr16xx.ae674 : edma.oe674 (.text:EDMA_configChannel)
                  007ecee0    00000300     dsplib.ae64P : DSP_fft16x16_imre_sa.oe64P (.text:psa)
                  007ed1e0    00000300     sysbios.ae674 : BIOS.obj (.text:xdc_runtime_LoggerBuf_write8__E)
                  007ed4e0    000002e0     rts6740_elf.lib : sin.c.obj (.text:sin)
                  007ed7c0    000002e0     sysbios.ae674 : BIOS.obj (.text:ti_sysbios_heaps_HeapMem_Instance_init__E)
                  007edaa0    000002e0                   : BIOS.obj (.text:xdc_runtime_Core_createObject__I)
                  007edd80    000002c0     libaoaproc_dsp_xwr16xx.ae674 : aoaprocdsp.oe674 (.text:AoAProcDSP_dopplerCompensation)
                  007ee040    000002c0     objectdetection.oe674 (.text:DPC_ObjDetDSP_dopplerConfig)
                  007ee300    000002c0     sysbios.ae674 : BIOS.obj (.text:ti_sysbios_knl_Task_postInit__I)
                  007ee5c0    000002c0                   : BIOS.obj (.text:ti_sysbios_timers_rti_Timer_Module_startup__E)
                  007ee880    000002a0     libaoaproc_dsp_xwr16xx.ae674 : aoaprocdsp.oe674 (.text:AoAProcDSP_XYZestimation)
                  007eeb20    000002a0                                  : aoaprocdsp.oe674 (.text:DPU_AoAProcDSP_control)
                  007eedc0    000002a0     libedma_xwr16xx.ae674 : edma.oe674 (.text:EDMA_open)
                  007ef060    000002a0     rts6740_elf.lib : divf.c.obj (.text:__c6xabi_divf)
                  007ef300    000002a0     sysbios.ae674 : BIOS.obj (.text:ti_sysbios_family_c64p_EventCombiner_dispatch__E)
                  007ef5a0    000002a0                   : BIOS.obj (.text:ti_sysbios_timers_rti_Timer_getFreq__E)
                  007ef840    00000280                   : BIOS.obj (.text:ti_sysbios_family_c64p_Cache_Module_startup__E)
                  007efac0    00000280                   : BIOS.obj (.text:xdc_runtime_Startup_startMods__I)
                  007efd40    00000260     objectdetection.oe674 (.text:DPC_ObjDetDSP_rangeConfig)
                  007effa0    00000260     rts6740_elf.lib : imath64.c.obj (.text:__c6xabi_divull)
                  007f0200    00000260     sysbios.ae674 : BIOS.obj (.text:ti_sysbios_gates_GateMutex_enter__E)
                  007f0460    00000240     libcfarcaproc_dsp_xwr16xx.ae674 : cfarcaprocdsp.oe674 (.text:DPU_CFARCAProcDSP_config)
                  007f06a0    00000240                                     : cfarcaprocdsp.oe674 (.text:DPU_CFARCAProcDSP_control)
                  007f08e0    00000240     dss_main.oe674 (.text:MmwDemo_dssInitTask)
                  007f0b20    00000240     libmmwavealg_xwr16xx.ae674 : mmwavelib_ffttwiddle_gen.oe674 (.text:mmwavelib_gen_twiddle_fft16x16_imre_sa)
                  007f0d60    00000240     sysbios.ae674 : BIOS.obj (.text:ti_sysbios_family_c64p_Exception_internalHandler__I)
                  007f0fa0    00000240                   : BIOS.obj (.text:xdc_runtime_Error_policyDefault__E)
                  007f11e0    00000240     mmw_dss_pe674.oe674 (.text:xdc_runtime_System_printfExtend__I)
                  007f1420    00000220     objectdetection.oe674 (.text:DPC_ObjDetDSP_CFARCAconfig)
                  007f1640    00000220     libedma_xwr16xx.ae674 : edma.oe674 (.text:EDMA_transferComplete_isr)
                  007f1860    00000220     libmailbox_xwr16xx.ae674 : mailbox.oe674 (.text:Mailbox_write)
                  007f1a80    00000220     sysbios.ae674 : BIOS.obj (.text:ti_sysbios_family_c64p_EventCombiner_dispatchPlug__E)
                  007f1ca0    00000220                   : BIOS.obj (.text:ti_sysbios_family_c64p_EventCombiner_enableEvent__E)
                  007f1ec0    00000220                   : BIOS.obj (.text:xdc_runtime_LoggerBuf_write4__E)
                  007f20e0    00000200     objectdetection.oe674 (.text:DPC_ObjectDetection_init)
                  007f22e0    00000200     libdpm_xwr16xx.ae674 : dpm_msg.oe674 (.text:DPM_msgResultHandler)
                  007f24e0    00000200     libaoaproc_dsp_xwr16xx.ae674 : aoaprocdsp.oe674 (.text:DPU_AoAProcDSP_process)
                  007f26e0    00000200     sysbios.ae674 : c64p_Hwi_disp_always.obj (.text:_ti_sysbios_family_c64p_Hwi_dispatchAlways)
                  007f28e0    00000200     rts6740_elf.lib : atan.c.obj (.text:atan)
                  007f2ae0    00000200     libmmwavealg_xwr16xx.ae674 : mmwavelib_log2abs.oe674 (.text:mmwavelib_log2Abs32)
                  007f2ce0    00000200     sysbios.ae674 : BIOS.obj (.text:ti_sysbios_family_c64p_EventCombiner_disableEvent__E)
                  007f2ee0    00000200                   : BIOS.obj (.text:ti_sysbios_utils_Load_idleFxn__E)
                  007f30e0    00000200                   : BIOS.obj (.text:xdc_runtime_Core_constructObject__I)
                  007f32e0    000001e0     libedma_xwr16xx.ae674 : edma.oe674 (.text:EDMA_check4kSiErrata)
                  007f34c0    000001e0                           : edma.oe674 (.text:EDMA_init)
                  007f36a0    000001e0     libmmwavealg_xwr16xx.ae674 : mmwavelib_ffttwiddle_gen.oe674 (.text:mmwavelib_gen_twiddle_smallfft_32x32)
                  007f3880    000001e0                                : mmwavelib_windowing.oe674 (.text:mmwavelib_windowing16x16_evenlen)
                  007f3a60    000001e0     sysbios.ae674 : BIOS.obj (.text:ti_sysbios_knl_Semaphore_post__E)
                  007f3c40    000001c0     libdpedma_base_xwr16xx.ae674 : dpedma.oe674 (.text:DPEDMA_configSyncAB)
                  007f3e00    000001c0                                  : dpedma.oe674 (.text:DPEDMA_configSyncA_singleFrame)
                  007f3fc0    000001c0     libmailbox_xwr16xx.ae674 : mailbox.oe674 (.text:Mailbox_read)
                  007f4180    000001c0     libsoc_xwr16xx.ae674 : soc.oe674 (.text:SOC_deregisterSysIntListener)
                  007f4340    000001c0     rts6740_elf.lib : atan2.c.obj (.text:atan2)
                  007f4500    000001c0                     : fputc.c.obj (.text:fputc)
                  007f46c0    000001c0                     : frexp.c.obj (.text:frexp)
                  007f4880    000001c0     libmmwavealg_xwr16xx.ae674 : mmwavelib_secondpeak.oe674 (.text:mmwavelib_secondPeakSearch)
                  007f4a40    000001c0     rts6740_elf.lib : setvbuf.c.obj (.text:setvbuf)
                  007f4c00    000001c0     sysbios.ae674 : BIOS.obj (.text:ti_sysbios_knl_Swi_restoreHwi__E)
                  007f4dc0    000001c0                   : BIOS.obj (.text:ti_sysbios_knl_Task_checkStacks__E)
                  007f4f80    000001c0                   : BIOS.obj (.text:xdc_runtime_Text_putSite__E)
                  007f5140    000001a0     libedma_xwr16xx.ae674 : edma.oe674 (.text:EDMA_configParamSet)
                  007f52e0    000001a0                           : edma.oe674 (.text:EDMA_paramConfig_assist)
                  007f5480    000001a0                           : edma.oe674 (.text:EDMA_setSourceAddress)
                  007f5620    000001a0     rts6740_elf.lib : hostrename.c.obj (.text:HOSTrename)
                  007f57c0    000001a0     sysbios.ae674 : BIOS.obj (.text:ti_sysbios_family_c64p_Cache_getL2InitSize__I)
                  007f5960    000001a0                   : BIOS.obj (.text:ti_sysbios_heaps_HeapBuf_Module_startup__E)
                  007f5b00    000001a0                   : BIOS.obj (.text:ti_sysbios_knl_Swi_runLoop__I)
                  007f5ca0    000001a0                   : BIOS.obj (.text:ti_sysbios_knl_Task_exit__E)
                  007f5e40    000001a0                   : BIOS.obj (.text:ti_sysbios_timers_rti_Timer_startup__E)
                  007f5fe0    00000180     libdpm_xwr16xx.ae674 : dpm_core.oe674 (.text:DPM_deinit)
                  007f6160    00000180                          : dpm_core.oe674 (.text:DPM_ioctl)
                  007f62e0    00000180     dss_main.oe674 (.text:MmwDemo_sensorStopEpilog)
                  007f6460    00000180     sysbios.ae674 : c64p_Exception_asm.obj (.text)
                  007f65e0    00000180                   : BIOS.obj (.text:ti_sysbios_knl_Task_schedule__I)
                  007f6760    00000180                   : BIOS.obj (.text:ti_sysbios_utils_Load_startup__E)
                  007f68e0    00000160     libdpm_xwr16xx.ae674 : dpm_msg.oe674 (.text:DPM_msgResponseHandler)
                  007f6a40    00000160     librangeproc_dsp_xwr16xx.ae674 : rangeprocdsp.oe674 (.text:DPU_RangeProcDSP_control)
                  007f6ba0    00000160     libedma_xwr16xx.ae674 : edma.oe674 (.text:EDMA_getErrorStatusInfo)
                  007f6d00    00000160     libmailbox_xwr16xx.ae674 : mailbox.oe674 (.text:Mailbox_close)
                  007f6e60    00000160     libsoc_xwr16xx.ae674 : soc.oe674 (.text:SOC_registerSysIntListener)
                  007f6fc0    00000160     rts6740_elf.lib : sqrt.c.obj (.text:sqrt)
                  007f7120    00000160     sysbios.ae674 : BIOS.obj (.text:ti_sysbios_family_c64p_Cache_getL1DInitSize__I)
                  007f7280    00000160                   : BIOS.obj (.text:ti_sysbios_family_c64p_Cache_getL1PInitSize__I)
                  007f73e0    00000160                   : BIOS.obj (.text:ti_sysbios_family_c64p_Hwi_Module_startup__E)
                  007f7540    00000160                   : BIOS.obj (.text:xdc_runtime_Core_deleteObject__I)
                  007f76a0    00000160                   : BIOS.obj (.text:xdc_runtime_LoggerBuf_getFilterLevel__E)
                  007f7800    00000160                   : BIOS.obj (.text:xdc_runtime_LoggerBuf_setFilterLevel__E)
                  007f7960    00000140     libaoaproc_dsp_xwr16xx.ae674 : aoaprocdsp.oe674 (.text:AoAProcDSP_ConvertFov)
                  007f7aa0    00000140     libedma_xwr16xx.ae674 : edma_low_level.oe674 (.text:EDMA3Init)
                  007f7be0    00000140                           : edma.oe674 (.text:EDMA_clearErrors)
                  007f7d20    00000140     dss_main.oe674 (.text:MmwDemo_DPC_ObjectDetection_reportFxn)
                  007f7e60    00000140     libsoc_xwr16xx.ae674 : soc.oe674 (.text:SOC_init)
                  007f7fa0    00000140     librangeproc_dsp_xwr16xx.ae674 : rangeprocdsp.oe674 (.text:rangeProcDSP_ConfigDataOutEDMA)
                  007f80e0    00000140     sysbios.ae674 : BIOS.obj (.text:ti_sysbios_knl_Semaphore_Instance_init__E)
                  007f8220    00000140                   : BIOS.obj (.text:ti_sysbios_knl_Task_Module_startup__E)
                  007f8360    00000140                   : BIOS.obj (.text:ti_sysbios_knl_Task_startCore__E)
                  007f84a0    00000140                   : BIOS.obj (.text:ti_sysbios_timers_rti_Timer_initDevice__I)
                  007f85e0    00000140                   : BIOS.obj (.text:ti_sysbios_utils_Load_addTask__E)
                  007f8720    00000140                   : BIOS.obj (.text:ti_sysbios_utils_Load_updateLoads__E)
                  007f8860    00000140                   : BIOS.obj (.text:xdc_runtime_Memory_alloc__E)
                  007f89a0    00000140                   : BIOS.obj (.text:xdc_runtime_Text_putLab__E)
                  007f8ae0    00000140                   : BIOS.obj (.text:xdc_runtime_Text_putMod__E)
                  007f8c20    00000140                   : BIOS.obj (.text:xdc_runtime_Text_visitRope2__I)
                  007f8d60    00000120     objectdetection.oe674 (.text:DPC_ObjDetDSP_GetRxChPhaseComp)
                  007f8e80    00000120     objectdetection.oe674 (.text:DPC_ObjDetDSP_reconfigSubFrame)
                  007f8fa0    00000120     libdpm_xwr16xx.ae674 : dpm_msg.oe674 (.text:DPM_msgDPCCfgHandler)
                  007f90c0    00000120     boot.ae674 : autoinit.oe674 (.text:_auto_init_elf)
                  007f91e0    00000120     rts6740_elf.lib : getdevice.c.obj (.text:getdevice)
                  007f9300    00000120     mathlib.ae674 : cossp.oe674 (.text:optasm)
                  007f9420    00000120                   : sinsp.oe674 (.text:optasm)
                  007f9540    00000120     sysbios.ae674 : BIOS.obj (.text:ti_sysbios_knl_Clock_workFunc__E)
                  007f9660    00000120                   : BIOS.obj (.text:ti_sysbios_timers_rti_Timer_setPeriodMicroSecs__E)
                  007f9780    00000120                   : BIOS.obj (.text:ti_sysbios_utils_Load_taskCreateHook__E)
                  007f98a0    00000120                   : BIOS.obj (.text:ti_sysbios_utils_Load_taskDeleteHook__E)
                  007f99c0    00000100     libmailbox_xwr16xx.ae674 : mailbox.oe674 (.text:Mailbox_readFlush)
                  007f9ac0    00000100     libsoc_xwr16xx.ae674 : soc_xwr16xx_dss.oe674 (.text:SOC_deviceInit)
                  007f9bc0    00000100                          : soc_xwr16xx.oe674 (.text:SOC_translateAddress)
                  007f9cc0    00000100     rts6740_elf.lib : fclose.c.obj (.text:__TI_closefile)
                  007f9dc0    00000100                     : fflush.c.obj (.text:fflush)
                  007f9ec0    00000100                     : fseek.c.obj (.text:fseek)
                  007f9fc0    00000100     dss_main.oe674 (.text:main)
                  007fa0c0    00000100     libmmwavealg_xwr16xx.ae674 : mmwavelib_dftsinglebin.oe674 (.text:mmwavelib_dftSinCosTabelGen)
                  007fa1c0    00000100     sysbios.ae674 : BIOS.obj (.text:xdc_runtime_Error_print__E)
                  007fa2c0    00000100                   : BIOS.obj (.text:xdc_runtime_Startup_exec__E)
                  007fa3c0    000000e0     objectdetection.oe674 (.text:DPC_ObjectDetection_deinit)
                  007fa4a0    000000e0     libdpm_xwr16xx.ae674 : dpm_core.oe674 (.text:DPM_execute)
                  007fa580    000000e0                          : dpm_pipe.oe674 (.text:DPM_pipeSend)
                  007fa660    000000e0     libedma_xwr16xx.ae674 : edma.oe674 (.text:EDMA_error_isr)
                  007fa740    000000e0                           : edma.oe674 (.text:EDMA_isTransferComplete)
                  007fa820    000000e0                           : edma.oe674 (.text:EDMA_transferController_error_isr)
                  007fa900    000000e0     rts6740_elf.lib : hostlseek.c.obj (.text:HOSTlseek)
                  007fa9e0    000000e0                     : hostopen.c.obj (.text:HOSTopen)
                  007faac0    000000e0                     : hostwrite.c.obj (.text:HOSTwrite)
                  007faba0    000000e0     libmailbox_xwr16xx.ae674 : mailbox.oe674 (.text:Mailbox_boxFullISRMssDss)
                  007fac80    000000e0                              : mailbox.oe674 (.text:Mailbox_init)
                  007fad60    000000e0     rts6740_elf.lib : _io_perm.c.obj (.text:__TI_wrt_ok)
                  007fae40    000000e0                     : divi.asm.obj (.text:__divi)
                  007faf20    000000e0                     : close.c.obj (.text:close)
                  007fb000    000000e0                     : exit.c.obj (.text:exit)
                  007fb0e0    000000e0                     : memset.c.obj (.text:memset)
                  007fb1c0    000000e0     sysbios.ae674 : BIOS.obj (.text:ti_sysbios_utils_Load_updateCurrentThreadTime__E)
                  007fb2a0    000000c0     libaoaproc_dsp_xwr16xx.ae674 : aoaprocdsp.oe674 (.text:AoAProcDSP_computeHeatMapVal)
                  007fb360    000000c0     libcfarcaproc_dsp_xwr16xx.ae674 : cfarcaprocdsp.oe674 (.text:CFARCADSP_saveConfiguration)
                  007fb420    000000c0     objectdetection.oe674 (.text:DPC_ObjectDetection_frameStart)
                  007fb4e0    000000c0     libdpm_xwr16xx.ae674 : dpm_mailbox.oe674 (.text:DPM_mboxRemoteMailboxCallbackFxn)
                  007fb5a0    000000c0                          : dpm_core.oe674 (.text:DPM_sendResult)
                  007fb660    000000c0     libdopplerproc_dsp_xwr16xx.ae674 : dopplerprocdsp.oe674 (.text:DPU_DopplerProcDSP_log2AbsAccum)
                  007fb720    000000c0     libosal_xwr16xx.ae674 : DebugP_tirtos.oe674 (.text:DebugP_log0)
                  007fb7e0    000000c0                           : DebugP_tirtos.oe674 (.text:DebugP_log1)
                  007fb8a0    000000c0                           : DebugP_tirtos.oe674 (.text:DebugP_log2)
                  007fb960    000000c0     libedma_xwr16xx.ae674 : edma.oe674 (.text:EDMA_startDmaTransfer)
                  007fba20    000000c0     rts6740_elf.lib : hostread.c.obj (.text:HOSTread)
                  007fbae0    000000c0                     : hostunlink.c.obj (.text:HOSTunlink)
                  007fbba0    000000c0     libmailbox_xwr16xx.ae674 : mailbox.oe674 (.text:Mailbox_boxFullISRProcessing)
                  007fbc60    000000c0     data_path.oe674 (.text:MmwDemo_edmaOpen)
                  007fbd20    000000c0     objectdetection.oe674 (.text:_DPC_Objdet_Assert)
                  007fbde0    000000c0     rts6740_elf.lib : divu.asm.obj (.text:__divu)
                  007fbea0    000000c0                     : remi.asm.obj (.text:__remi)
                  007fbf60    000000c0     libmmwavealg_xwr16xx.ae674 : mmwavelib_maxpow.oe674 (.text:mmwavelib_maxpow)
                  007fc020    000000c0                                : mmwavelib_maxpow.oe674 (.text:mmwavelib_powerAndMax)
                  007fc0e0    000000c0     rts6740_elf.lib : modf.c.obj (.text:modf)
                  007fc1a0    000000c0     sysbios.ae674 : BIOS.obj (.text:ti_sysbios_family_c64p_Hwi_dispatchCore__I)
                  007fc260    000000c0                   : BIOS.obj (.text:ti_sysbios_heaps_HeapMem_alloc__E)
                  007fc320    000000c0                   : BIOS.obj (.text:ti_sysbios_heaps_HeapMem_getStats__E)
                  007fc3e0    000000c0                   : BIOS.obj (.text:ti_sysbios_knl_Swi_schedule__I)
                  007fc4a0    000000c0                   : BIOS.obj (.text:ti_sysbios_knl_Task_allBlockedFunction__I)
                  007fc560    000000c0     mmw_dss_pe674.oe674 (.text:ti_sysbios_knl_Task_create)
                  007fc620    000000c0     sysbios.ae674 : BIOS.obj (.text:ti_sysbios_knl_Task_stat__E)
                  007fc6e0    000000c0                   : BIOS.obj (.text:ti_sysbios_utils_Load_taskSwitchHook__E)
                  007fc7a0    000000c0     rts6740_elf.lib : tls.c.obj (.text:tls:init:__TI_tls_init)
                  007fc860    000000c0     sysbios.ae674 : BIOS.obj (.text:xdc_runtime_Assert_raise__I)
                  007fc920    000000c0                   : BIOS.obj (.text:xdc_runtime_LoggerBuf_Instance_init__E)
                  007fc9e0    000000c0     mmw_dss_pe674.oe674 (.text:xdc_runtime_LoggerBuf_Object__create__S)
                  007fcaa0    000000a0     libcfarcaproc_dsp_xwr16xx.ae674 : cfarcaprocdsp.oe674 (.text:CFARCADSP_configEDMARangeDomain)
                  007fcb40    000000a0                                     : cfarcaprocdsp.oe674 (.text:CFARCADSP_fovConvertDoppler)
                  007fcbe0    000000a0     objectdetection.oe674 (.text:DPC_ObjDetDSP_GenDopplerWindow)
                  007fcc80    000000a0     objectdetection.oe674 (.text:DPC_ObjDetDSP_GenRangeWindow)
                  007fcd20    000000a0     objectdetection.oe674 (.text:DPC_ObjectDetection_start)
                  007fcdc0    000000a0     objectdetection.oe674 (.text:DPC_ObjectDetection_stop)
                  007fce60    000000a0     libdpedma_base_xwr16xx.ae674 : dpedma.oe674 (.text:DPEDMA_setup_shadow_link)
                  007fcf00    000000a0     libdpm_xwr16xx.ae674 : dpm_mailbox.oe674 (.text:DPM_mboxInit)
                  007fcfa0    000000a0                          : dpm_msg.oe674 (.text:DPM_msgStartHandler)
                  007fd040    000000a0                          : dpm_msg.oe674 (.text:DPM_msgStopHandler)
                  007fd0e0    000000a0                          : dpm_core.oe674 (.text:DPM_notifyExecute)
                  007fd180    000000a0                          : dpm_pipe.oe674 (.text:DPM_pipeRecv)
                  007fd220    000000a0     libedma_xwr16xx.ae674 : edma_low_level.oe674 (.text:EDMA3EnableChInShadowReg)
                  007fd2c0    000000a0                           : edma.oe674 (.text:EDMA_check4kSiErrata_boundaryCheckUtil)
                  007fd360    000000a0                           : edma.oe674 (.text:EDMA_disableChannel)
                  007fd400    000000a0                           : edma.oe674 (.text:EDMA_enableChannel)
                  007fd4a0    000000a0     rts6740_elf.lib : hostclose.c.obj (.text:HOSTclose)
                  007fd540    000000a0     libmailbox_xwr16xx.ae674 : mailbox.oe674 (.text:Mailbox_boxEmptyISRProcessing)
                  007fd5e0    000000a0     libsoc_xwr16xx.ae674 : soc.oe674 (.text:SOC_SystemISR)
                  007fd680    000000a0     rts6740_elf.lib : fopen.c.obj (.text:__TI_cleanup)
                  007fd720    000000a0                     : fflush.c.obj (.text:__TI_doflush)
                  007fd7c0    000000a0                     : round.c.obj (.text:__c6xabi_nround)
                  007fd860    000000a0                     : remu.asm.obj (.text:__remu)
                  007fd900    000000a0     boot.ae674 : boot.oe674 (.text:_c_int00)
                  007fd9a0    000000a0     rts6740_elf.lib : getdevice.c.obj (.text:finddevice)
                  007fda40    000000a0                     : memcpy64.asm.obj (.text:memcpy)
                  007fdae0    000000a0     libmmwavealg_xwr16xx.ae674 : mmwavelib_vecsum.oe674 (.text:mmwavelib_vecsum)
                  007fdb80    000000a0                                : mmwavelib_windowing.oe674 (.text:mmwavelib_windowing16x32_IQswap)
                  007fdc20    000000a0     mathlib.ae674 : sqrtsp.oe674 (.text:optasm)
                  007fdcc0    000000a0     sysbios.ae674 : BIOS.obj (.text:ti_sysbios_family_c64p_Exception_Module_startup__E)
                  007fdd60    000000a0                   : BIOS.obj (.text:ti_sysbios_family_c64p_Hwi_dispatchC__I)
                  007fde00    000000a0                   : BIOS.obj (.text:ti_sysbios_family_c64p_Hwi_getStackInfo__E)
                  007fdea0    000000a0                   : BIOS.obj (.text:ti_sysbios_hal_Hwi_checkStack)
                  007fdf40    000000a0                   : BIOS.obj (.text:ti_sysbios_knl_Semaphore_pendTimeout__I)
                  007fdfe0    000000a0                   : BIOS.obj (.text:xdc_runtime_Core_assignLabel__I)
                  007fe080    000000a0                   : BIOS.obj (.text:xdc_runtime_Core_assignParams__I)
                  007fe120    000000a0                   : BIOS.obj (.text:xdc_runtime_LoggerBuf_Module_startup__E)
                  007fe1c0    000000a0                   : BIOS.obj (.text:xdc_runtime_System_atexit__E)
                  007fe260    000000a0                   : BIOS.obj (.text:xdc_runtime_System_exit__E)
                  007fe300    000000a0                   : BIOS.obj (.text:xdc_runtime_Text_printVisFxn__I)
                  007fe3a0    000000a0                   : BIOS.obj (.text:xdc_runtime_Text_xprintf__I)
                  007fe440    00000080     libaoaproc_dsp_xwr16xx.ae674 : aoaprocdsp.oe674 (.text:AoAProcDSP_waitInData)
                  007fe4c0    00000080     libcfarcaproc_dsp_xwr16xx.ae674 : cfarcaprocdsp.oe674 (.text:CFARCADSP_fovConvertRange)
                  007fe540    00000080     objectdetection.oe674 (.text:DPC_ObjectDetection_chirpEvent)
                  007fe5c0    00000080     libdpm_xwr16xx.ae674 : dpm_mailbox.oe674 (.text:DPM_mboxSendResult)
                  007fe640    00000080                          : dpm_pipe.oe674 (.text:DPM_pipeDeinit)
                  007fe6c0    00000080                          : dpm_pipe.oe674 (.text:DPM_pipeInit)
                  007fe740    00000080                          : dpm_core.oe674 (.text:DPM_synch)
                  007fe7c0    00000080     libcfarcaproc_dsp_xwr16xx.ae674 : cfarcaprocdsp.oe674 (.text:DPU_CFARCAProcDSP_init)
                  007fe840    00000080     libdopplerproc_dsp_xwr16xx.ae674 : dopplerprocdsp.oe674 (.text:DPU_DopplerProcDSP_control)
                  007fe8c0    00000080                                      : dopplerprocdsp.oe674 (.text:DPU_DopplerProcDSP_init)
                  007fe940    00000080     libedma_xwr16xx.ae674 : edma_low_level.oe674 (.text:EDMA3MapChToEvtQ)
                  007fe9c0    00000080                           : edma.oe674 (.text:EDMA_getTransferControllerErrorStatusInfo)
                  007fea40    00000080                           : edma.oe674 (.text:EDMA_linkParamSets)
                  007feac0    00000080     data_path.oe674 (.text:MmwDemo_dataPathInit)
                  007feb40    00000080     libosal_xwr16xx.ae674 : SemaphoreP_tirtos.oe674 (.text:SemaphoreP_create)
                  007febc0    00000080     rts6740_elf.lib : trgmsg.c.obj (.text:__TI_readmsg)
                  007fec40    00000080                     : llshift.c.obj (.text:__c6xabi_llshl)
                  007fecc0    00000080     sysbios.ae674 : c62_TaskSupport_asm.obj (.text:_ti_sysbios_family_c62_TaskSupport_swap__E)
                  007fed40    00000080     mmw_dss_pe674.oe674 (.text:ti_sysbios_BIOS_atExitFunc__I)
                  007fedc0    00000080     mmw_dss_pe674.oe674 (.text:ti_sysbios_BIOS_registerRTSLock__I)
                  007fee40    00000080     mmw_dss_pe674.oe674 (.text:ti_sysbios_gates_GateHwi_Object__create__S)
                  007feec0    00000080     mmw_dss_pe674.oe674 (.text:ti_sysbios_gates_GateMutex_Object__create__S)
                  007fef40    00000080     mmw_dss_pe674.oe674 (.text:ti_sysbios_heaps_HeapMem_Object__create__S)
                  007fefc0    00000080     sysbios.ae674 : BIOS.obj (.text:ti_sysbios_heaps_HeapMem_init__I)
                  007ff040    00000080     mmw_dss_pe674.oe674 (.text:ti_sysbios_knl_Clock_doTick__I)
                  007ff0c0    00000080     sysbios.ae674 : BIOS.obj (.text:ti_sysbios_knl_Idle_run__E)
                  007ff140    00000080     mmw_dss_pe674.oe674 (.text:ti_sysbios_knl_Semaphore_create)
                  007ff1c0    00000080     sysbios.ae674 : BIOS.obj (.text:ti_sysbios_knl_Swi_post__E)
                  007ff240    00000080                   : BIOS.obj (.text:ti_sysbios_knl_Swi_startup__E)
                  007ff2c0    00000080                   : BIOS.obj (.text:ti_sysbios_knl_Task_processVitalTaskFlag__I)
                  007ff340    00000080                   : BIOS.obj (.text:ti_sysbios_knl_Task_restore__E)
                  007ff3c0    00000080                   : BIOS.obj (.text:ti_sysbios_knl_Task_sleepTimeout__I)
                  007ff440    00000080     mmw_dss_pe674.oe674 (.text:ti_sysbios_rts_MemAlloc_alloc)
                  007ff4c0    00000080     sysbios.ae674 : BIOS.obj (.text:ti_sysbios_timers_rti_Timer_setPeriod__E)
                  007ff540    00000080                   : BIOS.obj (.text:ti_sysbios_timers_rti_Timer_stop__E)
                  007ff5c0    00000080     rts6740_elf.lib : unlink.c.obj (.text:unlink)
                  007ff640    00000080     sysbios.ae674 : BIOS.obj (.text:xdc_runtime_System_avprintf__E)
                  007ff6c0    00000080                   : BIOS.obj (.text:xdc_runtime_System_vprintf__E)
                  007ff740    00000060     libcfarcaproc_dsp_xwr16xx.ae674 : cfarcaprocdsp.oe674 (.text:CFARCADSP_waitEDMATransComplete)
                  007ff7a0    00000060     objectdetection.oe674 (.text:DPC_ObjDetDSP_MemPoolAlloc)
                  007ff800    00000060     libdpm_xwr16xx.ae674 : dpm_listlib.oe674 (.text:DPM_listCat)
                  007ff860    00000060                          : dpm_mailbox.oe674 (.text:DPM_mboxDeinit)
                  007ff8c0    00000060                          : dpm_msg.oe674 (.text:DPM_msgInitHeader)
                  007ff920    00000060     libaoaproc_dsp_xwr16xx.ae674 : aoaprocdsp.oe674 (.text:DPU_AoAProcDSP_deinit)
                  007ff980    00000060                                  : aoaprocdsp.oe674 (.text:DPU_AoAProcDSP_init)
                  007ff9e0    00000060     libcfarcaproc_dsp_xwr16xx.ae674 : cfarcaprocdsp.oe674 (.text:DPU_CFARCAProcDSP_deinit)
                  007ffa40    00000060     libdopplerproc_dsp_xwr16xx.ae674 : dopplerprocdsp.oe674 (.text:DPU_DopplerProcDSP_deinit)
                  007ffaa0    00000060                                      : dopplerprocdsp.oe674 (.text:DPU_DopplerProcDSP_waitInData)
                  007ffb00    00000060                                      : dopplerprocdsp.oe674 (.text:DPU_DopplerProcDSP_waitTransDetMatrix)
                  007ffb60    00000060     librangeproc_dsp_xwr16xx.ae674 : rangeprocdsp.oe674 (.text:DPU_RangeProcDSP_deinit)
                  007ffbc0    00000060                                    : rangeprocdsp.oe674 (.text:DPU_RangeProcDSP_init)
                  007ffc20    00000060     libedma_xwr16xx.ae674 : edma_low_level.oe674 (.text:EDMA3ClrEvt)
                  007ffc80    00000060                           : edma_low_level.oe674 (.text:EDMA3ClrIntr)
                  007ffce0    00000060                           : edma_low_level.oe674 (.text:EDMA3ClrMissEvt)
                  007ffd40    00000060                           : edma_low_level.oe674 (.text:EDMA3DisableEvtIntr)
                  007ffda0    00000060                           : edma_low_level.oe674 (.text:EDMA3EnableDmaEvt)
                  007ffe00    00000060                           : edma_low_level.oe674 (.text:EDMA3EnableEvtIntr)
                  007ffe60    00000060                           : edma_low_level.oe674 (.text:EDMA3SetEvt)
                  007ffec0    00000060                           : edma.oe674 (.text:EDMA_setDestinationAddress)
                  007fff20    00000060                           : edma.oe674 (.text:EDMA_validate_channelIdchannelType)
                  007fff80    00000060     libmailbox_xwr16xx.ae674 : mailbox.oe674 (.text:Mailbox_Config_init)
                  007fffe0    00000020     libcfarcaproc_dsp_xwr16xx.ae674 : cfarcaprocdsp.oe674 (.text:CFARCADSP_adjustCfarCfg)

.text.2    0    00800000    00002880     
                  00800000    00000060     libsoc_xwr16xx.ae674 : soc_xwr16xx.oe674 (.text:SOC_setDSSLinkState)
                  00800060    00000060                          : soc.oe674 (.text:SOC_unhaltBSS)
                  008000c0    00000060     rts6740_elf.lib : trgmsg.c.obj (.text:__TI_writemsg)
                  00800120    00000060                     : llshift.c.obj (.text:__c6xabi_llshru)
                  00800180    00000060                     : imath64.c.obj (.text:_subcull)
                  008001e0    00000060     sysbios.ae674 : c64p_Hwi_asm_switch.obj (.text:_ti_sysbios_family_c64p_Hwi_switchAndDispatch__I)
                  00800240    00000060                   : c64p_Hwi_asm_switch.obj (.text:_ti_sysbios_family_xxx_Hwi_switchAndRunFunc)
                  008002a0    00000060     rts6740_elf.lib : lseek.c.obj (.text:lseek)
                  00800300    00000060     libmmwavealg_xwr16xx.ae674 : mmwavelib_accum.oe674 (.text:mmwavelib_accum16shift)
                  00800360    00000060                                : mmwavelib_vecsubc.oe674 (.text:mmwavelib_vecsubc)
                  008003c0    00000060     librangeproc_dsp_xwr16xx.ae674 : rangeprocdsp.oe674 (.text:rangeProcDSP_WaitEDMAComplete)
                  00800420    00000060     mmw_dss_pe674.oe674 (.text:ti_sysbios_BIOS_errorRaiseHook__I)
                  00800480    00000060     mmw_dss_pe674.oe674 (.text:ti_sysbios_BIOS_removeRTSLock__I)
                  008004e0    00000060     mmw_dss_pe674.oe674 (.text:ti_sysbios_BIOS_startFunc__I)
                  00800540    00000060     sysbios.ae674 : BIOS.obj (.text:ti_sysbios_family_c62_TaskSupport_stackUsed__E)
                  008005a0    00000060                   : BIOS.obj (.text:ti_sysbios_family_c62_TaskSupport_start__E)
                  00800600    00000060                   : BIOS.obj (.text:ti_sysbios_family_c64p_Cache_setMar__E)
                  00800660    00000060                   : BIOS.obj (.text:ti_sysbios_family_c64p_EventCombiner_Module_startup__E)
                  008006c0    00000060                   : BIOS.obj (.text:ti_sysbios_family_c64p_EventCombiner_unused__E)
                  00800720    00000060     mmw_dss_pe674.oe674 (.text:ti_sysbios_gates_GateMutex_Object__delete__S)
                  00800780    00000060     sysbios.ae674 : BIOS.obj (.text:ti_sysbios_hal_Hwi_initStack)
                  008007e0    00000060                   : BIOS.obj (.text:ti_sysbios_heaps_HeapMem_free__E)
                  00800840    00000060                   : BIOS.obj (.text:ti_sysbios_knl_Clock_Module_startup__E)
                  008008a0    00000060     mmw_dss_pe674.oe674 (.text:ti_sysbios_knl_Queue_construct)
                  00800900    00000060     mmw_dss_pe674.oe674 (.text:ti_sysbios_knl_Semaphore_Object__delete__S)
                  00800960    00000060     mmw_dss_pe674.oe674 (.text:ti_sysbios_knl_Semaphore_construct)
                  008009c0    00000060     sysbios.ae674 : BIOS.obj (.text:ti_sysbios_knl_Swi_Module_startup__E)
                  00800a20    00000060                   : BIOS.obj (.text:ti_sysbios_knl_Task_enter__I)
                  00800a80    00000060     rts6740_elf.lib : write.c.obj (.text:write)
                  00800ae0    00000060     mmw_dss_pe674.oe674 (.text:xdc_runtime_LoggerBuf_Object__delete__S)
                  00800b40    00000060     sysbios.ae674 : BIOS.obj (.text:xdc_runtime_SysStd_abort__E)
                  00800ba0    00000040     libsoc_xwr16xx.ae674 : soc.oe674 (.text:CSL_FEXTR)
                  00800be0    00000040                          : soc_xwr16xx.oe674 (.text:CSL_FEXTR)
                  00800c20    00000040     libmailbox_xwr16xx.ae674 : mailbox.oe674 (.text:CSL_FINSR)
                  00800c60    00000040     libsoc_xwr16xx.ae674 : soc.oe674 (.text:CSL_FINSR)
                  00800ca0    00000040                          : soc_xwr16xx.oe674 (.text:CSL_FINSR)
                  00800ce0    00000040                          : soc_xwr16xx_dss.oe674 (.text:CSL_FINSR)
                  00800d20    00000040     libdpm_xwr16xx.ae674 : dpm_listlib.oe674 (.text:DPM_listAdd)
                  00800d60    00000040                          : dpm_listlib.oe674 (.text:DPM_listRemove)
                  00800da0    00000040                          : dpm_mailbox.oe674 (.text:DPM_mboxMsgSend)
                  00800de0    00000040                          : dpm_msg.oe674 (.text:DPM_msgAssertHandler)
                  00800e20    00000040                          : dpm_msg.oe674 (.text:DPM_msgBSSFaultHandler)
                  00800e60    00000040                          : dpm_msg.oe674 (.text:DPM_msgDPCInfoHandler)
                  00800ea0    00000040                          : dpm_pipe.oe674 (.text:DPM_pipeDequeue)
                  00800ee0    00000040     libedma_xwr16xx.ae674 : edma_low_level.oe674 (.text:EDMA3DisableDmaEvt)
                  00800f20    00000040                           : edma_low_level.oe674 (.text:EDMA3MapQdmaChToPaRAM)
                  00800f60    00000040                           : edma_low_level.oe674 (.text:EDMA3SetPaRAM)
                  00800fa0    00000040                           : edma_low_level.oe674 (.text:EDMA3SetQdmaTrigWord)
                  00800fe0    00000040     libosal_xwr16xx.ae674 : HwiP_tirtos.oe674 (.text:HwiP_create)
                  00801020    00000040                           : HwiP_tirtos.oe674 (.text:HwiP_delete)
                  00801060    00000040     libmailbox_xwr16xx.ae674 : mailbox.oe674 (.text:Mailbox_boxEmptyISRBss)
                  008010a0    00000040                              : mailbox.oe674 (.text:Mailbox_boxEmptyISRMssDss)
                  008010e0    00000040                              : mailbox.oe674 (.text:Mailbox_boxFullISRBss)
                  00801120    00000040     dss_main.oe674 (.text:MmwDemo_DPC_ObjectDetection_processFrameBeginCallBackFxn)
                  00801160    00000040     dss_main.oe674 (.text:MmwDemo_DPC_ObjectDetection_processInterFrameBeginCallBackFxn)
                  008011a0    00000040     data_path.oe674 (.text:MmwDemo_EDMA_errorCallbackFxn)
                  008011e0    00000040     data_path.oe674 (.text:MmwDemo_EDMA_transferControllerErrorCallbackFxn)
                  00801220    00000040     libsoc_xwr16xx.ae674 : soc_xwr16xx_dss.oe674 (.text:SOC_getInAddr_LUTType)
                  00801260    00000040                          : soc_xwr16xx_dss.oe674 (.text:SOC_getOutAddr_LUTType)
                  008012a0    00000040                          : soc_xwr16xx.oe674 (.text:SOC_isMSSOperational)
                  008012e0    00000040     rts6740_elf.lib : frcmpyd_div.c.obj (.text:__TI_frcmpyd_div)
                  00801320    00000040                     : strasg.asm.obj (.text:__strasgi_64plus)
                  00801360    00000040                     : args_main.c.obj (.text:_args_main)
                  008013a0    00000040     sysbios.ae674 : c62_TaskSupport_asm.obj (.text:_ti_sysbios_family_c62_TaskSupport_buildTaskStack)
                  008013e0    00000040     mmw_dss_pe674.oe674 (.text:free)
                  00801420    00000040     libmmwavealg_xwr16xx.ae674 : mmwavelib_vecmul.oe674 (.text:mmwavelib_vecmul16x32_anylen)
                  00801460    00000040     mmw_dss_pe674.oe674 (.text:ti_sysbios_BIOS_exitFunc__I)
                  008014a0    00000040     mmw_dss_pe674.oe674 (.text:ti_sysbios_BIOS_rtsLock__I)
                  008014e0    00000040     mmw_dss_pe674.oe674 (.text:ti_sysbios_BIOS_rtsUnlock__I)
                  00801520    00000040     sysbios.ae674 : BIOS.obj (.text:ti_sysbios_family_c64p_Hwi_disableInterrupt__E)
                  00801560    00000040                   : BIOS.obj (.text:ti_sysbios_family_c64p_Hwi_enableInterrupt__E)
                  008015a0    00000040     mmw_dss_pe674.oe674 (.text:ti_sysbios_gates_GateHwi_Handle__label__S)
                  008015e0    00000040     mmw_dss_pe674.oe674 (.text:ti_sysbios_gates_GateHwi_Object__delete__S)
                  00801620    00000040     mmw_dss_pe674.oe674 (.text:ti_sysbios_gates_GateMutex_Handle__label__S)
                  00801660    00000040     sysbios.ae674 : BIOS.obj (.text:ti_sysbios_gates_GateMutex_Instance_init__E)
                  008016a0    00000040                   : BIOS.obj (.text:ti_sysbios_gates_GateMutex_leave__E)
                  008016e0    00000040     mmw_dss_pe674.oe674 (.text:ti_sysbios_heaps_HeapMem_Handle__label__S)
                  00801720    00000040     mmw_dss_pe674.oe674 (.text:ti_sysbios_heaps_HeapMem_Object__delete__S)
                  00801760    00000040     mmw_dss_pe674.oe674 (.text:ti_sysbios_heaps_HeapMem_Object__get__S)
                  008017a0    00000040     mmw_dss_pe674.oe674 (.text:ti_sysbios_knl_Semaphore_destruct)
                  008017e0    00000040     mmw_dss_pe674.oe674 (.text:ti_sysbios_knl_Swi_Object__get__S)
                  00801820    00000040     mmw_dss_pe674.oe674 (.text:ti_sysbios_knl_Task_Object__get__S)
                  00801860    00000040     sysbios.ae674 : BIOS.obj (.text:ti_sysbios_timers_rti_Timer_periodicStub__E)
                  008018a0    00000040                   : BIOS.obj (.text:xdc_runtime_Error_init__E)
                  008018e0    00000040     mmw_dss_pe674.oe674 (.text:xdc_runtime_LoggerBuf_Handle__label__S)
                  00801920    00000040     sysbios.ae674 : BIOS.obj (.text:xdc_runtime_LoggerBuf_Instance_finalize__E)
                  00801960    00000040     mmw_dss_pe674.oe674 (.text:xdc_runtime_LoggerBuf_Object__get__S)
                  008019a0    00000040     sysbios.ae674 : BIOS.obj (.text:xdc_runtime_LoggerBuf_write0__E)
                  008019e0    00000040                   : BIOS.obj (.text:xdc_runtime_LoggerBuf_write1__E)
                  00801a20    00000040                   : BIOS.obj (.text:xdc_runtime_LoggerBuf_write2__E)
                  00801a60    00000040     mmw_dss_pe674.oe674 (.text:xdc_runtime_System_aprintf__E)
                  00801aa0    00000040     mmw_dss_pe674.oe674 (.text:xdc_runtime_System_printf__E)
                  00801ae0    00000020     objectdetection.oe674 (.text:DPC_ObjDetDSP_GetDopplerWinGenLen)
                  00801b00    00000020     objectdetection.oe674 (.text:DPC_ObjDetDSP_GetRangeWinGenLen)
                  00801b20    00000020     libdpm_xwr16xx.ae674 : dpm_core.oe674 (.text:DPM_chirpISR)
                  00801b40    00000020                          : dpm_core.oe674 (.text:DPM_frameStartISR)
                  00801b60    00000020                          : dpm_mailbox.oe674 (.text:DPM_mboxSynch)
                  00801b80    00000020     libedma_xwr16xx.ae674 : edma_low_level.oe674 (.text:EDMA3ChannelToParamMap)
                  00801ba0    00000020                           : edma_low_level.oe674 (.text:EDMA3ClrCCErr)
                  00801bc0    00000020                           : edma_low_level.oe674 (.text:EDMA3DisableQdmaEvt)
                  00801be0    00000020                           : edma_low_level.oe674 (.text:EDMA3EnableQdmaEvt)
                  00801c00    00000020                           : edma_low_level.oe674 (.text:EDMA3ErrIntrHighStatusGet)
                  00801c20    00000020                           : edma_low_level.oe674 (.text:EDMA3GetCCErrStatus)
                  00801c40    00000020                           : edma_low_level.oe674 (.text:EDMA3GetErrIntrStatus)
                  00801c60    00000020                           : edma_low_level.oe674 (.text:EDMA3GetIntrStatus)
                  00801c80    00000020                           : edma_low_level.oe674 (.text:EDMA3IntrStatusHighGet)
                  00801ca0    00000020                           : edma_low_level.oe674 (.text:EDMA3QdmaClrMissEvt)
                  00801cc0    00000020                           : edma_low_level.oe674 (.text:EDMA3QdmaGetErrIntrStatus)
                  00801ce0    00000020                           : edma_low_level.oe674 (.text:EDMAsetRegion)
                  00801d00    00000020     libosal_xwr16xx.ae674 : HwiP_tirtos.oe674 (.text:HwiP_Params_init)
                  00801d20    00000020                           : HwiP_tirtos.oe674 (.text:HwiP_disable)
                  00801d40    00000020                           : HwiP_tirtos.oe674 (.text:HwiP_disableInterrupt)
                  00801d60    00000020                           : HwiP_tirtos.oe674 (.text:HwiP_enableInterrupt)
                  00801d80    00000020                           : HwiP_tirtos.oe674 (.text:HwiP_restore)
                  00801da0    00000020                           : MemoryP_tirtos.oe674 (.text:MemoryP_ctrlAlloc)
                  00801dc0    00000020                           : MemoryP_tirtos.oe674 (.text:MemoryP_ctrlFree)
                  00801de0    00000020                           : MemoryP_tirtos.oe674 (.text:MemoryP_getStats)
                  00801e00    00000020     dss_main.oe674 (.text:MmwDemo_sleep)
                  00801e20    00000020     libsoc_xwr16xx.ae674 : soc_xwr16xx.oe674 (.text:SOC_ungateClock)
                  00801e40    00000020     libosal_xwr16xx.ae674 : SemaphoreP_tirtos.oe674 (.text:SemaphoreP_Params_init)
                  00801e60    00000020                           : SemaphoreP_tirtos.oe674 (.text:SemaphoreP_delete)
                  00801e80    00000020                           : SemaphoreP_tirtos.oe674 (.text:SemaphoreP_pend)
                  00801ea0    00000020                           : SemaphoreP_tirtos.oe674 (.text:SemaphoreP_post)
                  00801ec0    00000020                           : DebugP_tirtos.oe674 (.text:_DebugP_assert)
                  00801ee0    00000020     rts6740_elf.lib : errno.c.obj (.text:__c6xabi_errno_addr)
                  00801f00    00000020                     : trunc.c.obj (.text:__c6xabi_trunc)
                  00801f20    00000020                     : push.asm.obj (.text:__pop_rts)
                  00801f40    00000020                     : push.asm.obj (.text:__push_rts)
                  00801f60    00000020                     : _lock.c.obj (.text:_nop)
                  00801f80    00000020                     : _lock.c.obj (.text:_register_lock)
                  00801fa0    00000020                     : _lock.c.obj (.text:_register_unlock)
                  00801fc0    00000020     sysbios.ae674 : c62_TaskSupport_asm.obj (.text:_ti_sysbios_family_c62_TaskSupport_glue)
                  00801fe0    00000020     rts6740_elf.lib : exit.c.obj (.text:abort)
                  00802000    00000020     libmathutils.ae674 : mathutils.oe674 (.text:mathUtils_ceilLog2)
                  00802020    00000020                        : mathutils.oe674 (.text:mathUtils_floorLog2)
                  00802040    00000020     rts6740_elf.lib : fputc.c.obj (.text:putchar)
                  00802060    00000020     mmw_dss_pe674.oe674 (.text:ti_sysbios_BIOS_RtsGateProxy_enter__E)
                  00802080    00000020     mmw_dss_pe674.oe674 (.text:ti_sysbios_BIOS_RtsGateProxy_leave__E)
                  008020a0    00000020     sysbios.ae674 : BIOS.obj (.text:ti_sysbios_BIOS_getCpuFreq__E)
                  008020c0    00000020                   : BIOS.obj (.text:ti_sysbios_BIOS_linkedWithIncorrectBootLibrary__E)
                  008020e0    00000020     mmw_dss_pe674.oe674 (.text:ti_sysbios_BIOS_nullFunc__I)
                  00802100    00000020     sysbios.ae674 : BIOS.obj (.text:ti_sysbios_BIOS_setThreadType__E)
                  00802120    00000020                   : BIOS.obj (.text:ti_sysbios_BIOS_start__E)
                  00802140    00000020     mmw_dss_pe674.oe674 (.text:ti_sysbios_family_c62_TaskSupport_Module__startupDone__S)
                  00802160    00000020     sysbios.ae674 : BIOS.obj (.text:ti_sysbios_family_c62_TaskSupport_checkStack__E)
                  00802180    00000020                   : BIOS.obj (.text:ti_sysbios_family_c62_TaskSupport_getStackAlignment__E)
                  008021a0    00000020     mmw_dss_pe674.oe674 (.text:ti_sysbios_family_c64p_Hwi_Module__startupDone__F)
                  008021c0    00000020     sysbios.ae674 : BIOS.obj (.text:ti_sysbios_family_c64p_Hwi_clearInterrupt__E)
                  008021e0    00000020                   : BIOS.obj (.text:ti_sysbios_family_c64p_Hwi_startup__E)
                  00802200    00000020                   : BIOS.obj (.text:ti_sysbios_family_c64p_Hwi_switchFromBootStack__E)
                  00802220    00000020                   : BIOS.obj (.text:ti_sysbios_family_c64p_TimestampProvider_Module_startup__E)
                  00802240    00000020                   : BIOS.obj (.text:ti_sysbios_family_c64p_TimestampProvider_get32__E)
                  00802260    00000020                   : BIOS.obj (.text:ti_sysbios_family_c64p_TimestampProvider_get64__E)
                  00802280    00000020                   : BIOS.obj (.text:ti_sysbios_gates_GateHwi_Instance_init__E)
                  008022a0    00000020                   : BIOS.obj (.text:ti_sysbios_gates_GateHwi_enter__E)
                  008022c0    00000020                   : BIOS.obj (.text:ti_sysbios_gates_GateHwi_leave__E)
                  008022e0    00000020                   : BIOS.obj (.text:ti_sysbios_gates_GateHwi_query__E)
                  00802300    00000020                   : BIOS.obj (.text:ti_sysbios_gates_GateMutex_Instance_finalize__E)
                  00802320    00000020                   : BIOS.obj (.text:ti_sysbios_gates_GateMutex_query__E)
                  00802340    00000020                   : BIOS.obj (.text:ti_sysbios_hal_Hwi_Module_startup__E)
                  00802360    00000020     mmw_dss_pe674.oe674 (.text:ti_sysbios_heaps_HeapBuf_Object__get__S)
                  00802380    00000020     mmw_dss_pe674.oe674 (.text:ti_sysbios_heaps_HeapMem_Module_GateProxy_enter__E)
                  008023a0    00000020     mmw_dss_pe674.oe674 (.text:ti_sysbios_heaps_HeapMem_Module_GateProxy_leave__E)
                  008023c0    00000020     sysbios.ae674 : BIOS.obj (.text:ti_sysbios_heaps_HeapMem_isBlocking__E)
                  008023e0    00000020     mmw_dss_pe674.oe674 (.text:ti_sysbios_knl_Clock_TimerProxy_getMaxTicks__E)
                  00802400    00000020     sysbios.ae674 : BIOS.obj (.text:ti_sysbios_knl_Clock_logTick__E)
                  00802420    00000020                   : BIOS.obj (.text:ti_sysbios_knl_Idle_loop__E)
                  00802440    00000020                   : BIOS.obj (.text:ti_sysbios_knl_Queue_Instance_init__E)
                  00802460    00000020     mmw_dss_pe674.oe674 (.text:ti_sysbios_knl_Queue_Object__get__S)
                  00802480    00000020     mmw_dss_pe674.oe674 (.text:ti_sysbios_knl_Queue_destruct)
                  008024a0    00000020     sysbios.ae674 : BIOS.obj (.text:ti_sysbios_knl_Queue_empty__E)
                  008024c0    00000020                   : BIOS.obj (.text:ti_sysbios_knl_Semaphore_Instance_finalize__E)
                  008024e0    00000020     mmw_dss_pe674.oe674 (.text:ti_sysbios_knl_Semaphore_Params__init__S)
                  00802500    00000020     mmw_dss_pe674.oe674 (.text:ti_sysbios_knl_Semaphore_delete)
                  00802520    00000020     sysbios.ae674 : BIOS.obj (.text:ti_sysbios_knl_Swi_disable__E)
                  00802540    00000020     mmw_dss_pe674.oe674 (.text:ti_sysbios_knl_Task_Params__init__S)
                  00802560    00000020     sysbios.ae674 : BIOS.obj (.text:ti_sysbios_knl_Task_disable__E)
                  00802580    00000020                   : BIOS.obj (.text:ti_sysbios_knl_Task_startup__E)
                  008025a0    00000020     mmw_dss_pe674.oe674 (.text:ti_sysbios_timers_rti_Timer_Module__startupDone__F)
                  008025c0    00000020     sysbios.ae674 : BIOS.obj (.text:ti_sysbios_timers_rti_Timer_getMaxTicks__E)
                  008025e0    00000020                   : BIOS.obj (.text:ti_sysbios_utils_Load_getCPULoad__E)
                  00802600    00000020                   : BIOS.obj (.text:ti_sysbios_utils_Load_taskRegHook__E)
                  00802620    00000020     mmw_dss_pe674.oe674 (.text:xdc_runtime_IHeap_alloc)
                  00802640    00000020     mmw_dss_pe674.oe674 (.text:xdc_runtime_IHeap_free)
                  00802660    00000020     mmw_dss_pe674.oe674 (.text:xdc_runtime_IHeap_getStats)
                  00802680    00000020     mmw_dss_pe674.oe674 (.text:xdc_runtime_LoggerBuf_Module_GateProxy_enter__E)
                  008026a0    00000020     mmw_dss_pe674.oe674 (.text:xdc_runtime_LoggerBuf_Module_GateProxy_leave__E)
                  008026c0    00000020     sysbios.ae674 : BIOS.obj (.text:xdc_runtime_LoggerBuf_disable__E)
                  008026e0    00000020                   : BIOS.obj (.text:xdc_runtime_LoggerBuf_enable__E)
                  00802700    00000020                   : BIOS.obj (.text:xdc_runtime_Memory_free__E)
                  00802720    00000020                   : BIOS.obj (.text:xdc_runtime_Memory_getStats__E)
                  00802740    00000020     mmw_dss_pe674.oe674 (.text:xdc_runtime_Startup_exec__I)
                  00802760    00000020     mmw_dss_pe674.oe674 (.text:xdc_runtime_Startup_reset__I)
                  00802780    00000020     sysbios.ae674 : BIOS.obj (.text:xdc_runtime_Startup_rtsDone__E)
                  008027a0    00000020                   : BIOS.obj (.text:xdc_runtime_SysStd_exit__E)
                  008027c0    00000020                   : BIOS.obj (.text:xdc_runtime_SysStd_putch__E)
                  008027e0    00000020                   : BIOS.obj (.text:xdc_runtime_SysStd_ready__E)
                  00802800    00000020     mmw_dss_pe674.oe674 (.text:xdc_runtime_System_Module_GateProxy_enter__E)
                  00802820    00000020     mmw_dss_pe674.oe674 (.text:xdc_runtime_System_Module_GateProxy_leave__E)
                  00802840    00000020     sysbios.ae674 : BIOS.obj (.text:xdc_runtime_System_Module_startup__E)
                  00802860    00000020     mmw_dss_pe674.oe674 (.text:xdc_runtime_Text_visitRope__I)

.const.1   0    00802880    00000780     
                  00802880    00000630     sysbios.ae674 : BIOS.obj (.const:.string)
                  00802eb0    000000e0     mmw_dss_pe674.oe674 (.const:xdc_runtime_Text_nodeTab__A)
                  00802f90    00000070     libmmwavealg_xwr16xx.ae674 : mmwavelib_ffttwiddle_gen.oe674 (.const:mmwavelib_twiddleTableLargeFFTSize)

.dpc_l2Heap 
*          0    00803000    00009400     UNINITIALIZED
                  00803000    00009400     dss_main.oe674 (.dpc_l2Heap)

systemHeap 
*          0    0080c400    00008000     UNINITIALIZED
                  0080c400    00008000     mmw_dss_pe674.oe674 (systemHeap)

.const.2   0    00814400    0000300a     
                  00814400    00001a59     mmw_dss_pe674.oe674 (.const:xdc_runtime_Text_charTab__A)
                  00815e59    00000001     --HOLE-- [fill = 0]
                  00815e5a    00000002     mmw_dss_pe674.oe674 (.const:ti_sysbios_family_c64p_Cache_Module__id__C)
                  00815e5c    00000004     mmw_dss_pe674.oe674 (.const:ti_sysbios_family_c62_TaskSupport_stackAlignment__C)
                  00815e60    00000800     libmmwavealg_xwr16xx.ae674 : mmwavelib_ffttwiddle_gen.oe674 (.const:mmwavelib_twiddleTableCommon)
                  00816660    00000340     dss_main.oe674 (.const:.string)
                  008169a0    00000230     objectdetection.oe674 (.const:.string)
                  00816bd0    00000074     mmw_dss_pe674.oe674 (.const:.string)
                  00816c44    00000058     libedma_xwr16xx.ae674 : edma.oe674 (.const:.string)
                  00816c9c    0000004c     libmailbox_xwr16xx.ae674 : mailbox.oe674 (.const:.string)
                  00816ce8    00000044     mmw_dss_pe674.oe674 (.const:ti_sysbios_knl_Task_Object__PARAMS__C)
                  00816d2c    00000004     mmw_dss_pe674.oe674 (.const:ti_sysbios_family_c64p_Cache_E_invalidL1CacheSize__C)
                  00816d30    00000040     libmmwavealg_xwr16xx.ae674 : mmwavelib_log2abs.oe674 (.const:.string:c_Log2LookUp)
                  00816d70    0000003c     libsoc_xwr16xx.ae674 : soc_xwr16xx_dss.oe674 (.const:.string)
                  00816dac    0000003c     mmw_dss_pe674.oe674 (.const:xdc_runtime_LoggerBuf_Module__FXNS__C)
                  00816de8    00000038     libedma_xwr16xx.ae674 : edma_xwr1xxx.oe674 (.const:gEdmaHwAttrs)
                  00816e20    00000034     mmw_dss_pe674.oe674 (.const:xdc_runtime_Startup_sfxnTab__A)
                  00816e54    00000004     mmw_dss_pe674.oe674 (.const:ti_sysbios_family_c64p_Cache_E_invalidL2CacheSize__C)
                  00816e58    00000028     libdpm_xwr16xx.ae674 : dpm_msg.oe674 (.const:gDPMMessageFxnTable)
                  00816e80    00000028     mmw_dss_pe674.oe674 (.const:ti_sysbios_heaps_HeapMem_Module__FXNS__C)
                  00816ea8    00000028     mmw_dss_pe674.oe674 (.const:xdc_runtime_LoggerBuf_Object__PARAMS__C)
                  00816ed0    00000024     libmailbox_xwr16xx.ae674 : mailbox.oe674 (.const:Mailbox_defaultCfg)
                  00816ef4    00000004     mmw_dss_pe674.oe674 (.const:ti_sysbios_family_c64p_Cache_MAR0_31__C)
                  00816ef8    00000024     libmmwavealg_xwr16xx.ae674 : mmwavelib_dftsinglebin.oe674 (.const:mmwavelib_dftHalfBinExpValue)
                  00816f1c    00000024     mmw_dss_pe674.oe674 (.const:ti_sysbios_gates_GateHwi_Module__FXNS__C)
                  00816f40    00000024     mmw_dss_pe674.oe674 (.const:ti_sysbios_gates_GateMutex_Module__FXNS__C)
                  00816f64    00000024     mmw_dss_pe674.oe674 (.const:ti_sysbios_heaps_HeapMem_Object__PARAMS__C)
                  00816f88    00000024     mmw_dss_pe674.oe674 (.const:ti_sysbios_knl_Semaphore_Object__PARAMS__C)
                  00816fac    00000020     libosal_xwr16xx.ae674 : SemaphoreP_tirtos.oe674 (.const:.string)
                  00816fcc    00000020     mmw_dss_pe674.oe674 (.const:ti_sysbios_gates_GateHwi_Object__DESC__C)
                  00816fec    00000020     mmw_dss_pe674.oe674 (.const:ti_sysbios_gates_GateMutex_Object__DESC__C)
                  0081700c    00000020     mmw_dss_pe674.oe674 (.const:ti_sysbios_heaps_HeapMem_Object__DESC__C)
                  0081702c    00000020     mmw_dss_pe674.oe674 (.const:ti_sysbios_knl_Queue_Object__DESC__C)
                  0081704c    00000020     mmw_dss_pe674.oe674 (.const:ti_sysbios_knl_Semaphore_Object__DESC__C)
                  0081706c    00000020     mmw_dss_pe674.oe674 (.const:ti_sysbios_knl_Task_Object__DESC__C)
                  0081708c    00000020     mmw_dss_pe674.oe674 (.const:xdc_runtime_LoggerBuf_Object__DESC__C)
                  008170ac    0000001c     libosal_xwr16xx.ae674 : HwiP_tirtos.oe674 (.const:.string)
                  008170c8    0000001a     mmw_dss_pe674.oe674 (.const:xdc_runtime_Startup_sfxnRts__A)
                  008170e2    00000002     mmw_dss_pe674.oe674 (.const:ti_sysbios_family_c64p_EventCombiner_Module__id__C)
                  008170e4    00000018     mmw_dss_pe674.oe674 (.const:ti_sysbios_gates_GateHwi_Object__PARAMS__C)
                  008170fc    00000018     mmw_dss_pe674.oe674 (.const:ti_sysbios_gates_GateMutex_Object__PARAMS__C)
                  00817114    00000018     mmw_dss_pe674.oe674 (.const:ti_sysbios_knl_Queue_Object__PARAMS__C)
                  0081712c    00000004     mmw_dss_pe674.oe674 (.const:ti_sysbios_family_c64p_Cache_MAR128_159__C)
                  00817130    00000018     mmw_dss_pe674.oe674 (.const:ti_sysbios_knl_Task_hooks__A)
                  00817148    00000014     data_path.oe674 (.const:.string)
                  0081715c    00000014     libdpm_xwr16xx.ae674 : dpm_mailbox.oe674 (.const:.string)
                  00817170    00000010                          : dpm_core.oe674 (.const:.string)
                  00817180    00000010                          : dpm_msg.oe674 (.const:.string)
                  00817190    00000010                          : dpm_pipe.oe674 (.const:.string)
                  008171a0    00000010     libedma_xwr16xx.ae674 : edma.oe674 (.const:EDMA_config$1)
                  008171b0    00000010     mmw_dss_pe674.oe674 (.const:ti_sysbios_family_c64p_EventCombiner_EVTMASK__C)
                  008171c0    0000000c     libmmwavealg_xwr16xx.ae674 : mmwavelib_ffttwiddle_gen.oe674 (.const:$P$T1$2)
                  008171cc    00000004     mmw_dss_pe674.oe674 (.const:ti_sysbios_family_c64p_Cache_MAR160_191__C)
                  008171d0    0000000c     mmw_dss_pe674.oe674 (.const:ti_sysbios_knl_Idle_funcList__A)
                  008171dc    00000008     mmw_dss_pe674.oe674 (.const:ti_sysbios_knl_Idle_funcList__C)
                  008171e4    00000008     mmw_dss_pe674.oe674 (.const:ti_sysbios_knl_Task_hooks__C)
                  008171ec    00000004     mmw_dss_pe674.oe674 (.const:ti_sysbios_family_c64p_Cache_MAR192_223__C)
                  008171f0    00000008     mmw_dss_pe674.oe674 (.const:xdc_runtime_Startup_firstFxns__A)
                  008171f8    00000008     mmw_dss_pe674.oe674 (.const:xdc_runtime_Startup_firstFxns__C)
                  00817200    00000008     mmw_dss_pe674.oe674 (.const:xdc_runtime_Startup_lastFxns__C)
                  00817208    00000004     mmw_dss_pe674.oe674 (.const:ti_sysbios_family_c64p_Cache_MAR224_255__C)
                  0081720c    00000004     mmw_dss_pe674.oe674 (.const:ti_sysbios_family_c64p_Cache_MAR32_63__C)
                  00817210    00000004     mmw_dss_pe674.oe674 (.const:ti_sysbios_family_c64p_Cache_MAR64_95__C)
                  00817214    00000004     mmw_dss_pe674.oe674 (.const:ti_sysbios_family_c64p_Cache_MAR96_127__C)
                  00817218    00000004     mmw_dss_pe674.oe674 (.const:ti_sysbios_family_c64p_EventCombiner_A_invalidEventId__C)
                  0081721c    00000004     mmw_dss_pe674.oe674 (.const:ti_sysbios_family_c64p_EventCombiner_EVTRegs__C)
                  00817220    00000004     mmw_dss_pe674.oe674 (.const:ti_sysbios_family_c64p_EventCombiner_E_unpluggedEvent__C)
                  00817224    00000004     mmw_dss_pe674.oe674 (.const:ti_sysbios_family_c64p_EventCombiner_Module__diagsEnabled__C)
                  00817228    00000004     mmw_dss_pe674.oe674 (.const:ti_sysbios_family_c64p_EventCombiner_Module__diagsIncluded__C)
                  0081722c    00000004     mmw_dss_pe674.oe674 (.const:ti_sysbios_family_c64p_EventCombiner_Module__diagsMask__C)
                  00817230    00000004     mmw_dss_pe674.oe674 (.const:ti_sysbios_family_c64p_Exception_E_exceptionMax__C)
                  00817234    00000004     mmw_dss_pe674.oe674 (.const:ti_sysbios_family_c64p_Exception_exceptionHook__C)
                  00817238    00000004     mmw_dss_pe674.oe674 (.const:ti_sysbios_family_c64p_Exception_externalHook__C)
                  0081723c    00000004     mmw_dss_pe674.oe674 (.const:ti_sysbios_family_c64p_Exception_internalHook__C)
                  00817240    00000004     mmw_dss_pe674.oe674 (.const:ti_sysbios_family_c64p_Exception_nmiHook__C)
                  00817244    00000004     mmw_dss_pe674.oe674 (.const:ti_sysbios_family_c64p_Hwi_INTRMUX1Address__C)
                  00817248    00000004     mmw_dss_pe674.oe674 (.const:ti_sysbios_gates_GateMutex_A_badContext__C)
                  0081724c    00000004     mmw_dss_pe674.oe674 (.const:ti_sysbios_gates_GateMutex_Instance_State_sem__O)
                  00817250    00000004     mmw_dss_pe674.oe674 (.const:ti_sysbios_gates_GateMutex_Module__diagsEnabled__C)
                  00817254    00000004     mmw_dss_pe674.oe674 (.const:ti_sysbios_gates_GateMutex_Module__diagsIncluded__C)
                  00817258    00000004     mmw_dss_pe674.oe674 (.const:ti_sysbios_gates_GateMutex_Module__diagsMask__C)
                  0081725c    00000004     mmw_dss_pe674.oe674 (.const:ti_sysbios_hal_Hwi_E_stackOverflow__C)
                  00817260    00000004     mmw_dss_pe674.oe674 (.const:ti_sysbios_heaps_HeapBuf_Instance_State_freeList__O)
                  00817264    00000004     mmw_dss_pe674.oe674 (.const:ti_sysbios_heaps_HeapBuf_Object__count__C)
                  00817268    00000004     mmw_dss_pe674.oe674 (.const:ti_sysbios_heaps_HeapBuf_numConstructedHeaps__C)
                  0081726c    00000004     mmw_dss_pe674.oe674 (.const:ti_sysbios_heaps_HeapMem_A_align__C)
                  00817270    00000004     mmw_dss_pe674.oe674 (.const:ti_sysbios_heaps_HeapMem_A_heapSize__C)
                  00817274    00000004     mmw_dss_pe674.oe674 (.const:ti_sysbios_heaps_HeapMem_A_invalidFree__C)
                  00817278    00000004     mmw_dss_pe674.oe674 (.const:ti_sysbios_heaps_HeapMem_A_zeroBlock__C)
                  0081727c    00000004     mmw_dss_pe674.oe674 (.const:ti_sysbios_heaps_HeapMem_E_memory__C)
                  00817280    00000004     mmw_dss_pe674.oe674 (.const:ti_sysbios_heaps_HeapMem_Module__diagsEnabled__C)
                  00817284    00000004     mmw_dss_pe674.oe674 (.const:ti_sysbios_heaps_HeapMem_Module__diagsIncluded__C)
                  00817288    00000004     mmw_dss_pe674.oe674 (.const:ti_sysbios_heaps_HeapMem_Module__diagsMask__C)
                  0081728c    00000004     mmw_dss_pe674.oe674 (.const:ti_sysbios_heaps_HeapMem_Module__gateObj__C)
                  00817290    00000004     mmw_dss_pe674.oe674 (.const:ti_sysbios_heaps_HeapMem_Object__count__C)
                  00817294    00000004     mmw_dss_pe674.oe674 (.const:ti_sysbios_heaps_HeapMem_reqAlign__C)
                  00817298    00000004     mmw_dss_pe674.oe674 (.const:ti_sysbios_knl_Clock_Module_State_clockQ__O)
                  0081729c    00000004     mmw_dss_pe674.oe674 (.const:ti_sysbios_knl_Semaphore_A_badContext__C)
                  008172a0    00000004     mmw_dss_pe674.oe674 (.const:ti_sysbios_knl_Semaphore_A_noEvents__C)
                  008172a4    00000004     mmw_dss_pe674.oe674 (.const:ti_sysbios_knl_Semaphore_A_overflow__C)
                  008172a8    00000004     mmw_dss_pe674.oe674 (.const:ti_sysbios_knl_Semaphore_A_pendTaskDisabled__C)
                  008172ac    00000004     mmw_dss_pe674.oe674 (.const:ti_sysbios_knl_Semaphore_Instance_State_pendQ__O)
                  008172b0    00000004     mmw_dss_pe674.oe674 (.const:ti_sysbios_knl_Semaphore_Module__diagsEnabled__C)
                  008172b4    00000004     mmw_dss_pe674.oe674 (.const:ti_sysbios_knl_Semaphore_Module__diagsIncluded__C)
                  008172b8    00000004     mmw_dss_pe674.oe674 (.const:ti_sysbios_knl_Semaphore_Module__diagsMask__C)
                  008172bc    00000004     mmw_dss_pe674.oe674 (.const:ti_sysbios_knl_Swi_Object__count__C)
                  008172c0    00000004     mmw_dss_pe674.oe674 (.const:ti_sysbios_knl_Task_A_badPriority__C)
                  008172c4    00000004     mmw_dss_pe674.oe674 (.const:ti_sysbios_knl_Task_A_badTaskState__C)
                  008172c8    00000004     mmw_dss_pe674.oe674 (.const:ti_sysbios_knl_Task_A_badThreadType__C)
                  008172cc    00000004     mmw_dss_pe674.oe674 (.const:ti_sysbios_knl_Task_A_badTimeout__C)
                  008172d0    00000004     mmw_dss_pe674.oe674 (.const:ti_sysbios_knl_Task_A_noPendElem__C)
                  008172d4    00000004     mmw_dss_pe674.oe674 (.const:ti_sysbios_knl_Task_A_sleepTaskDisabled__C)
                  008172d8    00000004     mmw_dss_pe674.oe674 (.const:ti_sysbios_knl_Task_E_spOutOfBounds__C)
                  008172dc    00000004     mmw_dss_pe674.oe674 (.const:ti_sysbios_knl_Task_E_stackOverflow__C)
                  008172e0    00000004     mmw_dss_pe674.oe674 (.const:ti_sysbios_knl_Task_Module_State_inactiveQ__O)
                  008172e4    00000004     mmw_dss_pe674.oe674 (.const:ti_sysbios_knl_Task_Module__diagsEnabled__C)
                  008172e8    00000004     mmw_dss_pe674.oe674 (.const:ti_sysbios_knl_Task_Module__diagsIncluded__C)
                  008172ec    00000004     mmw_dss_pe674.oe674 (.const:ti_sysbios_knl_Task_Module__diagsMask__C)
                  008172f0    00000004     mmw_dss_pe674.oe674 (.const:ti_sysbios_knl_Task_Object__count__C)
                  008172f4    00000004     mmw_dss_pe674.oe674 (.const:ti_sysbios_knl_Task_Object__heap__C)
                  008172f8    00000004     mmw_dss_pe674.oe674 (.const:ti_sysbios_knl_Task_allBlockedFunc__C)
                  008172fc    00000004     mmw_dss_pe674.oe674 (.const:ti_sysbios_knl_Task_defaultStackHeap__C)
                  00817300    00000004     mmw_dss_pe674.oe674 (.const:ti_sysbios_knl_Task_defaultStackSize__C)
                  00817304    00000004     mmw_dss_pe674.oe674 (.const:ti_sysbios_knl_Task_numConstructedTasks__C)
                  00817308    00000004     mmw_dss_pe674.oe674 (.const:ti_sysbios_timers_rti_Timer_E_cannotSupport__C)
                  0081730c    00000004     mmw_dss_pe674.oe674 (.const:ti_sysbios_timers_rti_Timer_Module__diagsEnabled__C)
                  00817310    00000004     mmw_dss_pe674.oe674 (.const:ti_sysbios_timers_rti_Timer_Module__diagsIncluded__C)
                  00817314    00000004     mmw_dss_pe674.oe674 (.const:ti_sysbios_timers_rti_Timer_Module__diagsMask__C)
                  00817318    00000004     mmw_dss_pe674.oe674 (.const:ti_sysbios_timers_rti_Timer_numTimerDevices__C)
                  0081731c    00000004     mmw_dss_pe674.oe674 (.const:ti_sysbios_timers_rti_Timer_startupNeeded__C)
                  00817320    00000004     mmw_dss_pe674.oe674 (.const:ti_sysbios_utils_Load_Module_State_taskList__O)
                  00817324    00000004     mmw_dss_pe674.oe674 (.const:ti_sysbios_utils_Load_Module__diagsEnabled__C)
                  00817328    00000004     mmw_dss_pe674.oe674 (.const:ti_sysbios_utils_Load_Module__diagsIncluded__C)
                  0081732c    00000004     mmw_dss_pe674.oe674 (.const:ti_sysbios_utils_Load_Module__diagsMask__C)
                  00817330    00000004     mmw_dss_pe674.oe674 (.const:ti_sysbios_utils_Load_postUpdate__C)
                  00817334    00000004     mmw_dss_pe674.oe674 (.const:ti_sysbios_utils_Load_windowInMs__C)
                  00817338    00000004     mmw_dss_pe674.oe674 (.const:xdc_runtime_Assert_E_assertFailed__C)
                  0081733c    00000004     mmw_dss_pe674.oe674 (.const:xdc_runtime_Core_A_initializedParams__C)
                  00817340    00000004     mmw_dss_pe674.oe674 (.const:xdc_runtime_Core_Module__diagsEnabled__C)
                  00817344    00000004     mmw_dss_pe674.oe674 (.const:xdc_runtime_Core_Module__diagsIncluded__C)
                  00817348    00000004     mmw_dss_pe674.oe674 (.const:xdc_runtime_Core_Module__diagsMask__C)
                  0081734c    00000004     mmw_dss_pe674.oe674 (.const:xdc_runtime_Error_E_memory__C)
                  00817350    00000004     mmw_dss_pe674.oe674 (.const:xdc_runtime_Error_policyFxn__C)
                  00817354    00000004     mmw_dss_pe674.oe674 (.const:xdc_runtime_Error_policy__C)
                  00817358    00000004     mmw_dss_pe674.oe674 (.const:xdc_runtime_Error_raiseHook__C)
                  0081735c    00000004     mmw_dss_pe674.oe674 (.const:xdc_runtime_IFilterLogger_Interface__BASE__C)
                  00817360    00000004     mmw_dss_pe674.oe674 (.const:xdc_runtime_IGateProvider_Interface__BASE__C)
                  00817364    00000004     mmw_dss_pe674.oe674 (.const:xdc_runtime_IHeap_Interface__BASE__C)
                  00817368    00000004     mmw_dss_pe674.oe674 (.const:xdc_runtime_ILogger_Interface__BASE__C)
                  0081736c    00000004     mmw_dss_pe674.oe674 (.const:xdc_runtime_IModule_Interface__BASE__C)
                  00817370    00000004     mmw_dss_pe674.oe674 (.const:xdc_runtime_LoggerBuf_E_badLevel__C)
                  00817374    00000004     mmw_dss_pe674.oe674 (.const:xdc_runtime_LoggerBuf_Module__gateObj__C)
                  00817378    00000004     mmw_dss_pe674.oe674 (.const:xdc_runtime_LoggerBuf_Object__count__C)
                  0081737c    00000004     mmw_dss_pe674.oe674 (.const:xdc_runtime_LoggerBuf_statusLogger__C)
[...]
00815e60  mmwavelib_twiddleTableCommon                                 
00816ce8  ti_sysbios_knl_Task_Object__PARAMS__C                        
00816d2c  ti_sysbios_family_c64p_Cache_E_invalidL1CacheSize__C         
00816dac  xdc_runtime_LoggerBuf_Module__FXNS__C                        
00816de8  gEdmaHwAttrs                                                 
00816e20  xdc_runtime_Startup_sfxnTab__A                               
00816e54  ti_sysbios_family_c64p_Cache_E_invalidL2CacheSize__C         
00816e58  gDPMMessageFxnTable                                          
00816e80  ti_sysbios_heaps_HeapMem_Module__FXNS__C                     
00816ea8  xdc_runtime_LoggerBuf_Object__PARAMS__C                      
00816ed0  Mailbox_defaultCfg                                           
00816ef4  ti_sysbios_family_c64p_Cache_MAR0_31__C                      
00816ef8  mmwavelib_dftHalfBinExpValue                                 
00816f1c  ti_sysbios_gates_GateHwi_Module__FXNS__C                     
00816f40  ti_sysbios_gates_GateMutex_Module__FXNS__C                   
00816f64  ti_sysbios_heaps_HeapMem_Object__PARAMS__C                   
00816f88  ti_sysbios_knl_Semaphore_Object__PARAMS__C                   
00816fcc  ti_sysbios_gates_GateHwi_Object__DESC__C                     
00816fec  ti_sysbios_gates_GateMutex_Object__DESC__C                   
0081700c  ti_sysbios_heaps_HeapMem_Object__DESC__C                     
0081702c  ti_sysbios_knl_Queue_Object__DESC__C                         
0081704c  ti_sysbios_knl_Semaphore_Object__DESC__C                     
0081706c  ti_sysbios_knl_Task_Object__DESC__C                          
0081708c  xdc_runtime_LoggerBuf_Object__DESC__C                        
008170c8  xdc_runtime_Startup_sfxnRts__A                               
008170e2  ti_sysbios_family_c64p_EventCombiner_Module__id__C           
008170e4  ti_sysbios_gates_GateHwi_Object__PARAMS__C                   
008170fc  ti_sysbios_gates_GateMutex_Object__PARAMS__C                 
00817114  ti_sysbios_knl_Queue_Object__PARAMS__C                       
0081712c  ti_sysbios_family_c64p_Cache_MAR128_159__C                   
00817130  ti_sysbios_knl_Task_hooks__A                                 
008171b0  ti_sysbios_family_c64p_EventCombiner_EVTMASK__C              
008171cc  ti_sysbios_family_c64p_Cache_MAR160_191__C                   
008171d0  ti_sysbios_knl_Idle_funcList__A                              
008171dc  ti_sysbios_knl_Idle_funcList__C                              
008171e4  ti_sysbios_knl_Task_hooks__C                                 
008171ec  ti_sysbios_family_c64p_Cache_MAR192_223__C                   
008171f0  xdc_runtime_Startup_firstFxns__A                             
008171f8  xdc_runtime_Startup_firstFxns__C                             
00817200  xdc_runtime_Startup_lastFxns__C                              
00817208  ti_sysbios_family_c64p_Cache_MAR224_255__C                   
0081720c  ti_sysbios_family_c64p_Cache_MAR32_63__C                     
00817210  ti_sysbios_family_c64p_Cache_MAR64_95__C                     
00817214  ti_sysbios_family_c64p_Cache_MAR96_127__C                    
00817218  ti_sysbios_family_c64p_EventCombiner_A_invalidEventId__C     
0081721c  ti_sysbios_family_c64p_EventCombiner_EVTRegs__C              
00817220  ti_sysbios_family_c64p_EventCombiner_E_unpluggedEvent__C     
00817224  ti_sysbios_family_c64p_EventCombiner_Module__diagsEnabled__C 
00817228  ti_sysbios_family_c64p_EventCombiner_Module__diagsIncluded__C
0081722c  ti_sysbios_family_c64p_EventCombiner_Module__diagsMask__C    
00817230  ti_sysbios_family_c64p_Exception_E_exceptionMax__C           
00817234  ti_sysbios_family_c64p_Exception_exceptionHook__C            
00817238  ti_sysbios_family_c64p_Exception_externalHook__C             
0081723c  ti_sysbios_family_c64p_Exception_internalHook__C             
00817240  ti_sysbios_family_c64p_Exception_nmiHook__C                  
00817244  ti_sysbios_family_c64p_Hwi_INTRMUX1Address__C                
00817248  ti_sysbios_gates_GateMutex_A_badContext__C                   
0081724c  ti_sysbios_gates_GateMutex_Instance_State_sem__O             
00817250  ti_sysbios_gates_GateMutex_Module__diagsEnabled__C           
00817254  ti_sysbios_gates_GateMutex_Module__diagsIncluded__C          
00817258  ti_sysbios_gates_GateMutex_Module__diagsMask__C              
0081725c  ti_sysbios_hal_Hwi_E_stackOverflow__C                        
00817260  ti_sysbios_heaps_HeapBuf_Instance_State_freeList__O          
00817264  ti_sysbios_heaps_HeapBuf_Object__count__C                    
00817268  ti_sysbios_heaps_HeapBuf_numConstructedHeaps__C              
0081726c  ti_sysbios_heaps_HeapMem_A_align__C                          
00817270  ti_sysbios_heaps_HeapMem_A_heapSize__C                       
00817274  ti_sysbios_heaps_HeapMem_A_invalidFree__C                    
00817278  ti_sysbios_heaps_HeapMem_A_zeroBlock__C                      
0081727c  ti_sysbios_heaps_HeapMem_E_memory__C                         
00817280  ti_sysbios_heaps_HeapMem_Module__diagsEnabled__C             
00817284  ti_sysbios_heaps_HeapMem_Module__diagsIncluded__C            
00817288  ti_sysbios_heaps_HeapMem_Module__diagsMask__C                
0081728c  ti_sysbios_heaps_HeapMem_Module__gateObj__C                  
00817290  ti_sysbios_heaps_HeapMem_Object__count__C                    
00817294  ti_sysbios_heaps_HeapMem_reqAlign__C                         
00817298  ti_sysbios_knl_Clock_Module_State_clockQ__O                  
0081729c  ti_sysbios_knl_Semaphore_A_badContext__C                     
008172a0  ti_sysbios_knl_Semaphore_A_noEvents__C                       
008172a4  ti_sysbios_knl_Semaphore_A_overflow__C                       
008172a8  ti_sysbios_knl_Semaphore_A_pendTaskDisabled__C               
008172ac  ti_sysbios_knl_Semaphore_Instance_State_pendQ__O             
008172b0  ti_sysbios_knl_Semaphore_Module__diagsEnabled__C             
008172b4  ti_sysbios_knl_Semaphore_Module__diagsIncluded__C            
008172b8  ti_sysbios_knl_Semaphore_Module__diagsMask__C                
008172bc  ti_sysbios_knl_Swi_Object__count__C                          
008172c0  ti_sysbios_knl_Task_A_badPriority__C                         
008172c4  ti_sysbios_knl_Task_A_badTaskState__C                        
008172c8  ti_sysbios_knl_Task_A_badThreadType__C                       
008172cc  ti_sysbios_knl_Task_A_badTimeout__C                          
008172d0  ti_sysbios_knl_Task_A_noPendElem__C                          
008172d4  ti_sysbios_knl_Task_A_sleepTaskDisabled__C                   
008172d8  ti_sysbios_knl_Task_E_spOutOfBounds__C                       
008172dc  ti_sysbios_knl_Task_E_stackOverflow__C                       
008172e0  ti_sysbios_knl_Task_Module_State_inactiveQ__O                
008172e4  ti_sysbios_knl_Task_Module__diagsEnabled__C                  
008172e8  ti_sysbios_knl_Task_Module__diagsIncluded__C                 
008172ec  ti_sysbios_knl_Task_Module__diagsMask__C                     
008172f0  ti_sysbios_knl_Task_Object__count__C                         
008172f4  ti_sysbios_knl_Task_Object__heap__C                          
008172f8  ti_sysbios_knl_Task_allBlockedFunc__C                        
008172fc  ti_sysbios_knl_Task_defaultStackHeap__C                      
00817300  ti_sysbios_knl_Task_defaultStackSize__C                      
00817304  ti_sysbios_knl_Task_numConstructedTasks__C                   
00817308  ti_sysbios_timers_rti_Timer_E_cannotSupport__C               
0081730c  ti_sysbios_timers_rti_Timer_Module__diagsEnabled__C          
00817310  ti_sysbios_timers_rti_Timer_Module__diagsIncluded__C         
00817314  ti_sysbios_timers_rti_Timer_Module__diagsMask__C             
00817318  ti_sysbios_timers_rti_Timer_numTimerDevices__C               
0081731c  ti_sysbios_timers_rti_Timer_startupNeeded__C                 
00817320  ti_sysbios_utils_Load_Module_State_taskList__O               
00817324  ti_sysbios_utils_Load_Module__diagsEnabled__C                
00817328  ti_sysbios_utils_Load_Module__diagsIncluded__C               
0081732c  ti_sysbios_utils_Load_Module__diagsMask__C                   
00817330  ti_sysbios_utils_Load_postUpdate__C                          
00817334  ti_sysbios_utils_Load_windowInMs__C                          
00817338  xdc_runtime_Assert_E_assertFailed__C                         
0081733c  xdc_runtime_Core_A_initializedParams__C                      
00817340  xdc_runtime_Core_Module__diagsEnabled__C                     
00817344  xdc_runtime_Core_Module__diagsIncluded__C                    
00817348  xdc_runtime_Core_Module__diagsMask__C                        
0081734c  xdc_runtime_Error_E_memory__C                                
00817350  xdc_runtime_Error_policyFxn__C                               
00817354  xdc_runtime_Error_policy__C                                  
00817358  xdc_runtime_Error_raiseHook__C                               
0081735c  xdc_runtime_IFilterLogger_Interface__BASE__C                 
00817360  xdc_runtime_IGateProvider_Interface__BASE__C                 
00817364  xdc_runtime_IHeap_Interface__BASE__C                         
00817368  xdc_runtime_ILogger_Interface__BASE__C                       
0081736c  xdc_runtime_IModule_Interface__BASE__C                       
00817370  xdc_runtime_LoggerBuf_E_badLevel__C                          
00817374  xdc_runtime_LoggerBuf_Module__gateObj__C                     
00817378  xdc_runtime_LoggerBuf_Object__count__C                       
0081737c  xdc_runtime_LoggerBuf_statusLogger__C                        
00817380  xdc_runtime_Main_Module__diagsEnabled__C                     
00817384  xdc_runtime_Main_Module__diagsIncluded__C                    
00817388  xdc_runtime_Main_Module__diagsMask__C                        
0081738c  xdc_runtime_Main_Module__loggerFxn1__C                       
00817390  xdc_runtime_Main_Module__loggerFxn2__C                       
00817394  xdc_runtime_Main_Module__loggerFxn4__C                       
00817398  xdc_runtime_Main_Module__loggerObj__C                        
0081739c  xdc_runtime_Memory_defaultHeapInstance__C                    
008173a0  xdc_runtime_Startup_execImpl__C                              
008173a4  xdc_runtime_Startup_maxPasses__C                             
008173a8  xdc_runtime_Startup_sfxnRts__C                               
008173ac  xdc_runtime_Startup_sfxnTab__C                               
008173b0  xdc_runtime_System_Module__gateObj__C                        
008173b4  xdc_runtime_System_abortFxn__C                               
008173b8  xdc_runtime_System_exitFxn__C                                
008173bc  xdc_runtime_System_extendFxn__C                              
008173c0  xdc_runtime_System_maxAtexitHandlers__C                      
008173c4  xdc_runtime_Text_charTab__C                                  
008173c8  xdc_runtime_Text_nameEmpty__C                                
008173cc  xdc_runtime_Text_nameStatic__C                               
008173d0  xdc_runtime_Text_nameUnknown__C                              
008173d4  xdc_runtime_Text_nodeTab__C                                  
008173d8  xdc_runtime_Text_visitRopeFxn__C                             
008173dc  ti_sysbios_family_c64p_Exception_Module__id__C               
008173de  ti_sysbios_family_c64p_Exception_useInternalBuffer__C        
008173e0  ti_sysbios_gates_GateMutex_Module__id__C                     
008173e2  ti_sysbios_hal_Hwi_Module__id__C                             
008173e4  ti_sysbios_heaps_HeapMem_Module__id__C                       
008173e6  ti_sysbios_knl_Semaphore_Module__id__C                       
008173e8  ti_sysbios_knl_Task_Module__id__C                            
008173ea  ti_sysbios_timers_rti_Timer_Module__id__C                    
008173ec  ti_sysbios_timers_rti_Timer_continueOnSuspend__C             
008173ee  ti_sysbios_utils_Load_Module__id__C                          
008173f0  ti_sysbios_utils_Load_autoAddTasks__C                        
008173f2  ti_sysbios_utils_Load_updateInIdle__C                        
008173f4  xdc_runtime_Core_Module__id__C                               
008173f6  xdc_runtime_Error_maxDepth__C                                
008173f8  xdc_runtime_LoggerBuf_Module__id__C                          
008173fa  xdc_runtime_LoggerBuf_filterByLevel__C                       
008173fc  xdc_runtime_Main_Module__id__C                               
008173fe  xdc_runtime_Main_Module__loggerDefined__C                    
00817400  xdc_runtime_Memory_Module__id__C                             
00817402  xdc_runtime_Text_charCnt__C                                  
00817404  xdc_runtime_Text_isLoaded__C                                 
00817406  xdc_runtime_Text_registryModsLastId__C                       
00817408  xdc_runtime_Text_unnamedModsLastId__C                        
0081740c  __TI_STATIC_BASE                                             
0081740c  gObjDetObj                                                   
00817410  xdc_runtime_LoggerBuf_Instance_State_0_entryArr__A           
008191e8  ti_sysbios_knl_Task_Instance_State_0_stack__A                
00819508  __TI_tmpnams                                                 
00819648  gMmwDssMCB                                                   
0081971c  resultBuffer                                                 
00819734  edmaDbg                                                      
00819748  parmbuf                                                      
00819750  ti_sysbios_knl_Task_Instance_State_0_hookEnv__A              
00819758  ti_sysbios_family_c64p_EventCombiner_Module__state__V        
00819b58  _ftable                                                      
00819d38  _stream                                                      
00819dd8  ti_sysbios_utils_Load_Module__state__V                       
00819e70  ti_sysbios_knl_Swi_Module_State_0_readyQ__A                  
00819ef0  ti_sysbios_knl_Task_Module_State_0_readyQ__A                 
00819f70  _device                                                      
00819fe8  ti_sysbios_family_c64p_Hwi_Object__table__V                  
0081a060  ti_sysbios_family_c64p_Hwi_Module__state__V                  
0081a0cc  _lock                                                        
0081a0d0  ti_sysbios_knl_Task_Object__table__V                         
0081a12c  gMailboxMCB                                                  
0081a17c  ti_sysbios_knl_Task_Module__state__V                         
0081a1c4  _unlock                                                      
0081a208  SOC_TranslateAddr_LUT                                        
0081a288  ti_sysbios_gates_GateMutex_Object__table__V                  
0081a2c8  ti_sysbios_timers_rti_Timer_Object__table__V                 
0081a304  ti_sysbios_family_c64p_Exception_Module__state__V            
0081a334  __TI_ft_end                                                  
0081a338  ti_sysbios_knl_Swi_Object__table__V                          
0081a368  ti_sysbios_knl_Clock_Module__state__V                        
0081a394  gDPC_ObjectDetectionCfg                                      
0081a3b8  ti_sysbios_BIOS_Module__state__V                             
0081a3dc  __errno                                                      
0081a3dc  errno                                                        
0081a3e0  xdc_runtime_LoggerBuf_Object__table__V                       
0081a404  ti_sysbios_family_c64p_Cache_Module__state__V                
0081a428  xdc_runtime_Error_IgnoreBlock                                
0081a448  xdc_runtime_System_Module_State_0_atexitHandlers__A          
0081a468  ti_sysbios_knl_Swi_Module__state__V                          
0081a484  ti_sysbios_heaps_HeapBuf_Module__state__V                    
0081a488  ti_sysbios_utils_Load_Module_State_0_taskEnv__A              
0081a4a4  gMailboxDssBssHwCfg                                          
0081a4bc  gMailboxDssMssHwCfg                                          
0081a4d4  gSOCHwAttrib                                                 
0081a4ec  xdc_runtime_Memory_Module__state__V                          
0081a4f0  ti_sysbios_heaps_HeapMem_Object__table__V                    
0081a508  ti_sysbios_timers_rti_Timer_Module_State_0_device__A         
0081a520  gDPMRemoteTable                                              
0081a534  gEDMA_4K_check                                               
0081a538  ti_sysbios_timers_rti_Timer_Module_State_0_intFreqs__A       
0081a548  ti_sysbios_timers_rti_Timer_Module__state__V                 
0081a558  __TI_cleanup_ptr                                             
0081a55c  __TI_dtors_ptr                                               
0081a560  __TI_enable_exit_profile_output                              
0081a564  ti_sysbios_knl_Task_Module__root__V                          
0081a570  gDPMHwAttrib                                                 
0081a578  ti_sysbios_gates_GateHwi_Module__root__V                     
0081a580  ti_sysbios_gates_GateMutex_Module__root__V                   
0081a588  ti_sysbios_hal_Hwi_Object__table__V                          
0081a590  ti_sysbios_heaps_HeapMem_Module__root__V                     
0081a598  ti_sysbios_knl_Queue_Module__root__V                         
0081a5a0  ti_sysbios_knl_Semaphore_Module__root__V                     
0081a5a8  ti_sysbios_timers_rti_Timer_Module_State_0_handles__A        
0081a5b0  xdc_runtime_LoggerBuf_Module__root__V                        
0081a5b8  xdc_runtime_Registry_Module__state__V                        
0081a5c0  xdc_runtime_Startup_Module__state__V                         
0081a5c8  xdc_runtime_System_Module__state__V                          
0081a5d0  xdc_runtime_LoggerBuf_Module__state__V                       
0081a5d6  xdc_runtime_Error_Module__state__V                           
0081a5d8  ti_sysbios_gates_GateHwi_Object__table__V                    
0081a5dc  xdc_runtime_Main_Module__root__V                             
0081a5e0  ti_sysbios_knl_Task_Module_State_0_idleTask__A               
0081a5e8  ti_sysbios_utils_Load_Module_State_0_runningTask__A          
0081a5f0  ti_sysbios_utils_Load_Module_State_0_taskStartTime__A        
0081a5f8  _stack                                                       
0081adf8  __CIOBUF_                                                    
0081adf8  __TI_STACK_END                                               
0081afd4  gDPM                                                         
0081afd8  regionId                                                     
00f00000  gDPC_ObjDetL1Heap                                            
20000000  gMmwL3                                                       
21080000  gHSRAM                                                       
ffffffff  __TI_pprof_out_hndl                                          
ffffffff  __TI_prof_data_size                                          
ffffffff  __TI_prof_data_start                                         
ffffffff  __binit__                                                    
ffffffff  __c_args__                                                   
ffffffff  binit                                                        
UNDEFED   __TI_CINIT_Base                                              
UNDEFED   __TI_CINIT_Limit                                             
UNDEFED   __TI_Handler_Table_Base                                      
UNDEFED   __TI_Handler_Table_Limit                                     
UNDEFED   __TI_INITARRAY_Base                                          
UNDEFED   __TI_INITARRAY_Limit                                         
UNDEFED   __TI_TLS_INIT_Base                                           
UNDEFED   __TI_TLS_INIT_Limit                                          

[813 symbols]
